Archive member included because of file (symbol)

c:/program files (x86)/atmel/atmel toolchain/avr32 gcc/native/3.4.2.1002/avr32-gnu-toolchain/bin/../lib/gcc/avr32/4.4.7/ucr3\libgcc.a(_avr32_f32_div.o)
                              src/gps/uc530.o (__avr32_f32_div)
c:/program files (x86)/atmel/atmel toolchain/avr32 gcc/native/3.4.2.1002/avr32-gnu-toolchain/bin/../lib/gcc/avr32/4.4.7/ucr3\libgcc.a(_avr32_f32_addsub.o)
                              src/gps/uc530.o (__avr32_f32_add)
c:/program files (x86)/atmel/atmel toolchain/avr32 gcc/native/3.4.2.1002/avr32-gnu-toolchain/bin/../lib/gcc/avr32/4.4.7/ucr3\libgcc.a(_avr32_f32_mul.o)
                              src/gps/uc530.o (__avr32_f32_mul)
c:/program files (x86)/atmel/atmel toolchain/avr32 gcc/native/3.4.2.1002/avr32-gnu-toolchain/bin/../lib/gcc/avr32/4.4.7/ucr3\libgcc.a(_avr32_s32_to_f32.o)
                              src/gps/uc530.o (__avr32_s32_to_f32)
c:/program files (x86)/atmel/atmel toolchain/avr32 gcc/native/3.4.2.1002/avr32-gnu-toolchain/bin/../lib/gcc/avr32/4.4.7/ucr3\libgcc.a(_avr32_f32_to_f64.o)
                              src/main.o (__avr32_f32_to_f64)
c:/program files (x86)/atmel/atmel toolchain/avr32 gcc/native/3.4.2.1002/avr32-gnu-toolchain/bin/../lib/gcc/avr32/4.4.7/ucr3\libgcc.a(_udivdi3.o)
                              src/ASF/avr32/drivers/scif/scif_uc3l.o (__avr32_udiv64)
c:/program files (x86)/atmel/atmel toolchain/avr32 gcc/native/3.4.2.1002/avr32-gnu-toolchain/bin/../lib/gcc/avr32/4.4.7/../../../../avr32/lib/ucr3\libc.a(lib_a-sprintf.o)
                              src/main.o (sprintf)
c:/program files (x86)/atmel/atmel toolchain/avr32 gcc/native/3.4.2.1002/avr32-gnu-toolchain/bin/../lib/gcc/avr32/4.4.7/../../../../avr32/lib/ucr3\libc.a(lib_a-vfprintf.o)
                              c:/program files (x86)/atmel/atmel toolchain/avr32 gcc/native/3.4.2.1002/avr32-gnu-toolchain/bin/../lib/gcc/avr32/4.4.7/../../../../avr32/lib/ucr3\libc.a(lib_a-sprintf.o) (_vfprintf_r)
c:/program files (x86)/atmel/atmel toolchain/avr32 gcc/native/3.4.2.1002/avr32-gnu-toolchain/bin/../lib/gcc/avr32/4.4.7/../../../../avr32/lib/ucr3\libc.a(lib_a-wsetup.o)
                              c:/program files (x86)/atmel/atmel toolchain/avr32 gcc/native/3.4.2.1002/avr32-gnu-toolchain/bin/../lib/gcc/avr32/4.4.7/../../../../avr32/lib/ucr3\libc.a(lib_a-vfprintf.o) (__swsetup_r)
c:/program files (x86)/atmel/atmel toolchain/avr32 gcc/native/3.4.2.1002/avr32-gnu-toolchain/bin/../lib/gcc/avr32/4.4.7/../../../../avr32/lib/ucr3\libc.a(lib_a-dtoa.o)
                              c:/program files (x86)/atmel/atmel toolchain/avr32 gcc/native/3.4.2.1002/avr32-gnu-toolchain/bin/../lib/gcc/avr32/4.4.7/../../../../avr32/lib/ucr3\libc.a(lib_a-vfprintf.o) (_dtoa_r)
c:/program files (x86)/atmel/atmel toolchain/avr32 gcc/native/3.4.2.1002/avr32-gnu-toolchain/bin/../lib/gcc/avr32/4.4.7/../../../../avr32/lib/ucr3\libc.a(lib_a-fflush.o)
                              c:/program files (x86)/atmel/atmel toolchain/avr32 gcc/native/3.4.2.1002/avr32-gnu-toolchain/bin/../lib/gcc/avr32/4.4.7/../../../../avr32/lib/ucr3\libc.a(lib_a-vfprintf.o) (_fflush_r)
c:/program files (x86)/atmel/atmel toolchain/avr32 gcc/native/3.4.2.1002/avr32-gnu-toolchain/bin/../lib/gcc/avr32/4.4.7/../../../../avr32/lib/ucr3\libc.a(lib_a-findfp.o)
                              c:/program files (x86)/atmel/atmel toolchain/avr32 gcc/native/3.4.2.1002/avr32-gnu-toolchain/bin/../lib/gcc/avr32/4.4.7/../../../../avr32/lib/ucr3\libc.a(lib_a-vfprintf.o) (__sinit)
c:/program files (x86)/atmel/atmel toolchain/avr32 gcc/native/3.4.2.1002/avr32-gnu-toolchain/bin/../lib/gcc/avr32/4.4.7/../../../../avr32/lib/ucr3\libc.a(lib_a-freer.o)
                              c:/program files (x86)/atmel/atmel toolchain/avr32 gcc/native/3.4.2.1002/avr32-gnu-toolchain/bin/../lib/gcc/avr32/4.4.7/../../../../avr32/lib/ucr3\libc.a(lib_a-wsetup.o) (_free_r)
c:/program files (x86)/atmel/atmel toolchain/avr32 gcc/native/3.4.2.1002/avr32-gnu-toolchain/bin/../lib/gcc/avr32/4.4.7/../../../../avr32/lib/ucr3\libc.a(lib_a-fvwrite.o)
                              c:/program files (x86)/atmel/atmel toolchain/avr32 gcc/native/3.4.2.1002/avr32-gnu-toolchain/bin/../lib/gcc/avr32/4.4.7/../../../../avr32/lib/ucr3\libc.a(lib_a-vfprintf.o) (__sfvwrite_r)
c:/program files (x86)/atmel/atmel toolchain/avr32 gcc/native/3.4.2.1002/avr32-gnu-toolchain/bin/../lib/gcc/avr32/4.4.7/../../../../avr32/lib/ucr3\libc.a(lib_a-fwalk.o)
                              c:/program files (x86)/atmel/atmel toolchain/avr32 gcc/native/3.4.2.1002/avr32-gnu-toolchain/bin/../lib/gcc/avr32/4.4.7/../../../../avr32/lib/ucr3\libc.a(lib_a-fflush.o) (_fwalk_reent)
c:/program files (x86)/atmel/atmel toolchain/avr32 gcc/native/3.4.2.1002/avr32-gnu-toolchain/bin/../lib/gcc/avr32/4.4.7/../../../../avr32/lib/ucr3\libc.a(lib_a-impure.o)
[...]
Memory Configuration

Name             Origin             Length             Attributes
FLASH            0x80000000         0x00020000         axrl !w
CPUSRAM          0x00000004         0x00007ffc         axw !rl
USERPAGE         0x80800000         0x00000200
FACTORYPAGE      0x80800200         0x00000200
FLASHVAULT_FLASH_SIZE 0x80800400         0x00000008         r
FLASHVAULT_RAM_SIZE 0x80800408         0x00000008         r
*default*        0x00000000         0xffffffff

Linker script and memory map

                0x00001000                _stack_size = 0x1000
LOAD src/ASF/avr32/drivers/flashcdw/flashcdw.o
LOAD src/ASF/avr32/drivers/gpio/gpio.o
LOAD src/ASF/avr32/drivers/intc/exception.o
LOAD src/ASF/avr32/drivers/intc/intc.o
LOAD src/ASF/avr32/drivers/pdca/pdca.o
LOAD src/ASF/avr32/drivers/pm/pm_uc3l.o
LOAD src/ASF/avr32/drivers/pm/power_clocks_lib.o
LOAD src/ASF/avr32/drivers/pwma/pwma.o
LOAD src/ASF/avr32/drivers/scif/scif_uc3l.o
LOAD src/ASF/avr32/drivers/tc/tc.o
LOAD src/ASF/avr32/drivers/twim/twim.o
LOAD src/ASF/avr32/drivers/usart/usart.o
LOAD src/ASF/avr32/utils/startup/startup_uc3.o
LOAD src/ASF/avr32/utils/startup/trampoline_uc3.o
LOAD src/ASF/common/services/clock/uc3l/dfll.o
LOAD src/ASF/common/services/clock/uc3l/osc.o
LOAD src/ASF/common/services/clock/uc3l/pll.o
LOAD src/ASF/common/services/clock/uc3l/sysclk.o
LOAD src/barometer/bmp180.o
LOAD src/gps/uc530.o
LOAD src/lcd/st7529.o
LOAD src/main.o
LOAD src/ASF/common/boards/user_board/init.o
START GROUP
END GROUP
LOAD c:/program files (x86)/atmel/atmel toolchain/avr32 gcc/native/3.4.2.1002/avr32-gnu-toolchain/bin/../lib/gcc/avr32/4.4.7/ucr3\libgcc.a
LOAD c:/program files (x86)/atmel/atmel toolchain/avr32 gcc/native/3.4.2.1002/avr32-gnu-toolchain/bin/../lib/gcc/avr32/4.4.7/../../../../avr32/lib/ucr3\libc.a
LOAD c:/program files (x86)/atmel/atmel toolchain/avr32 gcc/native/3.4.2.1002/avr32-gnu-toolchain/bin/../lib/gcc/avr32/4.4.7/ucr3\libgcc.a
                0x80000000                PROVIDE (__executable_start, 0x80000000)
                0x80000000                . = 0x80000000

.interp
 *(.interp)

.reset          0x80000000     0x2004
 *(.reset)
 .reset         0x80000000     0x2004 src/ASF/avr32/utils/startup/trampoline_uc3.o
                               0x2008 (size before relaxing)
                0x80000000                _trampoline

.hash
 *(.hash)

.dynsym
 *(.dynsym)

.dynstr
 *(.dynstr)

.gnu.version
 *(.gnu.version)

.gnu.version_d
 *(.gnu.version_d)

.gnu.version_r
 *(.gnu.version_r)

.rel.init
 *(.rel.init)

.rela.init
 *(.rela.init)

.rel.text
 *(.rel.text .rel.text.* .rel.gnu.linkonce.t.*)

.rela.text
 *(.rela.text .rela.text.* .rela.gnu.linkonce.t.*)

.rel.fini
 *(.rel.fini)

.rela.fini
 *(.rela.fini)

.rel.rodata
 *(.rel.rodata .rel.rodata.* .rel.gnu.linkonce.r.*)

.rela.rodata
 *(.rela.rodata .rela.rodata.* .rela.gnu.linkonce.r.*)

.rel.data.rel.ro
 *(.rel.data.rel.ro*)

.rela.data.rel.ro
 *(.rel.data.rel.ro*)

.rel.data
 *(.rel.data .rel.data.* .rel.gnu.linkonce.d.*)

.rela.data
 *(.rela.data .rela.data.* .rela.gnu.linkonce.d.*)

.rel.tdata
 *(.rel.tdata .rel.tdata.* .rel.gnu.linkonce.td.*)

.rela.tdata
 *(.rela.tdata .rela.tdata.* .rela.gnu.linkonce.td.*)

.rel.tbss
 *(.rel.tbss .rel.tbss.* .rel.gnu.linkonce.tb.*)

.rela.tbss
 *(.rela.tbss .rela.tbss.* .rela.gnu.linkonce.tb.*)

.rel.ctors
 *(.rel.ctors)

.rela.ctors
 *(.rela.ctors)

.rel.dtors
 *(.rel.dtors)

.rela.dtors
 *(.rela.dtors)

.rel.got
 *(.rel.got)

.rela.got       0x80002004        0x0
 *(.rela.got)
 .rela.got      0x80002004        0x0 src/ASF/avr32/drivers/flashcdw/flashcdw.o

.rel.bss
 *(.rel.bss .rel.bss.* .rel.gnu.linkonce.b.*)

.rela.bss
 *(.rela.bss .rela.bss.* .rela.gnu.linkonce.b.*)

.rel.plt
 *(.rel.plt)

.rela.plt
 *(.rela.plt)

.init
 *(.init)

.plt
 *(.plt)

.text           0x80002004     0xa090
 *(.text .stub .text.* .gnu.linkonce.t.*)
 .text.flashcdw_set_wait_state
                0x80002004       0x46 src/ASF/avr32/drivers/flashcdw/flashcdw.o
                0x80002004                flashcdw_set_wait_state
 *fill*         0x8000204a        0x2 d703d703
 .text.flashcdw_set_flash_waitstate_and_readmode
                0x8000204c       0x6c src/ASF/avr32/drivers/flashcdw/flashcdw.o
                0x8000204c                flashcdw_set_flash_waitstate_and_readmode
 .text.flashcdw_is_ready
                0x800020b8       0x18 src/ASF/avr32/drivers/flashcdw/flashcdw.o
                0x800020b8                flashcdw_is_ready
 .text.flashcdw_default_wait_until_ready
                0x800020d0       0x1c src/ASF/avr32/drivers/flashcdw/flashcdw.o
                0x800020d0                flashcdw_default_wait_until_ready
 .text.flashcdw_get_error_status
                0x800020ec       0x16 src/ASF/avr32/drivers/flashcdw/flashcdw.o
 *fill*         0x80002102        0x2 d703d703
 .text.flashcdw_issue_command
                0x80002104       0x88 src/ASF/avr32/drivers/flashcdw/flashcdw.o
                0x80002104                flashcdw_issue_command
 .text.gpio_enable_module
                0x8000218c       0x70 src/ASF/avr32/drivers/gpio/gpio.o
                0x8000218c                gpio_enable_module
 .text.gpio_enable_module_pin
                0x800021fc      0x27c src/ASF/avr32/drivers/gpio/gpio.o
                0x800021fc                gpio_enable_module_pin
 .text.gpio_enable_gpio_pin
                0x80002478       0x50 src/ASF/avr32/drivers/gpio/gpio.o
                0x80002478                gpio_enable_gpio_pin
 .text._unhandled_interrupt
                0x800024c8        0x8 src/ASF/avr32/drivers/intc/intc.o
 .text._get_interrupt_handler
                0x800024d0       0x70 src/ASF/avr32/drivers/intc/intc.o
                0x800024d0                _get_interrupt_handler
 .text.INTC_init_evba
                0x80002540       0x14 src/ASF/avr32/drivers/intc/intc.o
 .text.INTC_init_interrupts
                0x80002554       0x9c src/ASF/avr32/drivers/intc/intc.o
                0x80002554                INTC_init_interrupts
 .text.INTC_register_interrupt
                0x800025f0       0xd4 src/ASF/avr32/drivers/intc/intc.o
                0x800025f0                INTC_register_interrupt
 .text.cpu_irq_save
                0x800026c4       0x1e src/ASF/avr32/drivers/pdca/pdca.o
 .text.cpu_irq_is_enabled_flags
                0x800026e2       0x20 src/ASF/avr32/drivers/pdca/pdca.o
 *fill*         0x80002702        0x2 d703d703
 .text.cpu_irq_restore
                0x80002704       0x28 src/ASF/avr32/drivers/pdca/pdca.o
 .text.pdca_get_handler
                0x8000272c       0x3a src/ASF/avr32/drivers/pdca/pdca.o
                0x8000272c                pdca_get_handler
 *fill*         0x80002766        0x2 d703d703
 .text.pdca_init_channel
                0x80002768       0xd0 src/ASF/avr32/drivers/pdca/pdca.o
                0x80002768                pdca_init_channel
 .text.pdca_disable
                0x80002838       0x30 src/ASF/avr32/drivers/pdca/pdca.o
                0x80002838                pdca_disable
 .text.pdca_enable
                0x80002868       0x30 src/ASF/avr32/drivers/pdca/pdca.o
                0x80002868                pdca_enable
 .text.pdca_load_channel
                0x80002898       0x70 src/ASF/avr32/drivers/pdca/pdca.o
                0x80002898                pdca_load_channel
 .text.pdca_disable_interrupt_transfer_complete
                0x80002908       0x50 src/ASF/avr32/drivers/pdca/pdca.o
                0x80002908                pdca_disable_interrupt_transfer_complete
 .text.pdca_enable_interrupt_transfer_complete
                0x80002958       0x30 src/ASF/avr32/drivers/pdca/pdca.o
                0x80002958                pdca_enable_interrupt_transfer_complete
 .text.pdca_disable_interrupt_reload_counter_zero
                0x80002988       0x50 src/ASF/avr32/drivers/pdca/pdca.o
                0x80002988                pdca_disable_interrupt_reload_counter_zero
 .text.cpu_irq_is_enabled_flags
                0x800029d8       0x20 src/ASF/avr32/drivers/pm/pm_uc3l.o
 .text.pm_set_mclk_source
                0x800029f8       0x50 src/ASF/avr32/drivers/pm/pm_uc3l.o
                0x800029f8                pm_set_mclk_source
 .text.pm_set_clk_domain_div
                0x80002a48       0xa8 src/ASF/avr32/drivers/pm/pm_uc3l.o
                0x80002a48                pm_set_clk_domain_div
 .text.pm_disable_clk_domain_div
                0x80002af0       0x8c src/ASF/avr32/drivers/pm/pm_uc3l.o
                0x80002af0                pm_disable_clk_domain_div
 .text.pm_set_all_cksel
                0x80002b7c       0xb0 src/ASF/avr32/drivers/pm/pm_uc3l.o
                0x80002b7c                pm_set_all_cksel
 .text.pm_find_divratio
                0x80002c2c       0x40 src/ASF/avr32/drivers/pm/pm_uc3l.o
 .text.pcl_configure_clocks
                0x80002c6c       0x24 src/ASF/avr32/drivers/pm/power_clocks_lib.o
                0x80002c6c                pcl_configure_clocks
 .text.pcl_configure_clocks_rcsys
                0x80002c90       0x28 src/ASF/avr32/drivers/pm/power_clocks_lib.o
                0x80002c90                pcl_configure_clocks_rcsys
 .text.pcl_configure_clocks_rc120m
                0x80002cb8       0x34 src/ASF/avr32/drivers/pm/power_clocks_lib.o
                0x80002cb8                pcl_configure_clocks_rc120m
 .text.pcl_configure_clocks_osc0
                0x80002cec       0x54 src/ASF/avr32/drivers/pm/power_clocks_lib.o
                0x80002cec                pcl_configure_clocks_osc0
 .text.pcl_configure_clocks_dfll0
                0x80002d40       0x50 src/ASF/avr32/drivers/pm/power_clocks_lib.o
                0x80002d40                pcl_configure_clocks_dfll0
 .text.pcl_configure_clocks_uc3l
                0x80002d90       0x70 src/ASF/avr32/drivers/pm/power_clocks_lib.o
 .text.pcl_configure_synchronous_clocks
                0x80002e00       0x5c src/ASF/avr32/drivers/pm/power_clocks_lib.o
 .text.pwma_wait_for_ready
                0x80002e5c       0x1e src/ASF/avr32/drivers/pwma/pwma.o
 *fill*         0x80002e7a        0x2 d703d703
 .text.pwma_config_enable
                0x80002e7c       0xac src/ASF/avr32/drivers/pwma/pwma.o
                0x80002e7c                pwma_config_enable
 .text.pwma_set_channels_value
                0x80002f28       0xb4 src/ASF/avr32/drivers/pwma/pwma.o
                0x80002f28                pwma_set_channels_value
 .text.pwma_enable_cwg_mode
                0x80002fdc       0x20 src/ASF/avr32/drivers/pwma/pwma.o
                0x80002fdc                pwma_enable_cwg_mode
 .text.cpu_irq_is_enabled_flags
                0x80002ffc       0x20 src/ASF/avr32/drivers/scif/scif_uc3l.o
 .text.scif_configure_osc_crystalmode
                0x8000301c       0xb0 src/ASF/avr32/drivers/scif/scif_uc3l.o
                0x8000301c                scif_configure_osc_crystalmode
 .text.scif_enable_osc
                0x800030cc       0xb4 src/ASF/avr32/drivers/scif/scif_uc3l.o
                0x800030cc                scif_enable_osc
 .text.scif_dfll0_closedloop_start
                0x80003180      0x1c8 src/ASF/avr32/drivers/scif/scif_uc3l.o
                0x80003180                scif_dfll0_closedloop_start
 .text.scif_dfll0_closedloop_configure_and_start
                0x80003348      0x234 src/ASF/avr32/drivers/scif/scif_uc3l.o
                0x80003348                scif_dfll0_closedloop_configure_and_start
 .text.scif_start_rc120M
                0x8000357c       0x48 src/ASF/avr32/drivers/scif/scif_uc3l.o
                0x8000357c                scif_start_rc120M
 .text.scif_disable_rc32out
                0x800035c4       0x5c src/ASF/avr32/drivers/scif/scif_uc3l.o
                0x800035c4                scif_disable_rc32out
 .text.scif_start_gclk
                0x80003620       0x6c src/ASF/avr32/drivers/scif/scif_uc3l.o
                0x80003620                scif_start_gclk
 .text.scif_pclksr_statushigh_wait
                0x8000368c       0x46 src/ASF/avr32/drivers/scif/scif_uc3l.o
                0x8000368c                scif_pclksr_statushigh_wait
 .text.cpu_irq_is_enabled_flags
                0x800036d2       0x20 src/ASF/avr32/drivers/tc/tc.o
 *fill*         0x800036f2        0x2 d703d703
 .text.tc_configure_interrupts
                0x800036f4      0x1e8 src/ASF/avr32/drivers/tc/tc.o
                0x800036f4                tc_configure_interrupts
 .text.tc_init_waveform
                0x800038dc      0x154 src/ASF/avr32/drivers/tc/tc.o
                0x800038dc                tc_init_waveform
 .text.tc_start
                0x80003a30       0x3a src/ASF/avr32/drivers/tc/tc.o
                0x80003a30                tc_start
 .text.tc_write_rc
                0x80003a6a       0x78 src/ASF/avr32/drivers/tc/tc.o
                0x80003a6a                tc_write_rc
 .text.twim_set_speed
                0x80003ae2       0xa8 src/ASF/avr32/drivers/twim/twim.o
                0x80003ae2                twim_set_speed
 .text.cpu_irq_is_enabled_flags
                0x80003b8a       0x20 src/ASF/avr32/drivers/usart/usart.o
 .text.usart_set_async_baudrate
                0x80003baa       0xd2 src/ASF/avr32/drivers/usart/usart.o
 .text.usart_reset
                0x80003c7c       0x74 src/ASF/avr32/drivers/usart/usart.o
                0x80003c7c                usart_reset
 .text.usart_init_rs232
                0x80003cf0      0x170 src/ASF/avr32/drivers/usart/usart.o
                0x80003cf0                usart_init_rs232
 .text._stext   0x80003e60       0x50 src/ASF/avr32/utils/startup/startup_uc3.o
                0x80003e60                _stext
 .text.cpu_irq_save
                0x80003eb0       0x1e src/ASF/common/services/clock/uc3l/osc.o
 .text.cpu_irq_is_enabled_flags
                0x80003ece       0x20 src/ASF/common/services/clock/uc3l/osc.o
 *fill*         0x80003eee        0x2 d703d703
 .text.cpu_irq_restore
                0x80003ef0       0x28 src/ASF/common/services/clock/uc3l/osc.o
 .text.osc_priv_enable_osc32
                0x80003f18       0x40 src/ASF/common/services/clock/uc3l/osc.o
                0x80003f18                osc_priv_enable_osc32
 .text.osc_priv_enable_rc32k
                0x80003f58       0x40 src/ASF/common/services/clock/uc3l/osc.o
                0x80003f58                osc_priv_enable_rc32k
 .text.osc_priv_enable_rc120m
                0x80003f98       0x40 src/ASF/common/services/clock/uc3l/osc.o
                0x80003f98                osc_priv_enable_rc120m
 .text.cpu_irq_save
                0x80003fd8       0x1e src/ASF/common/services/clock/uc3l/pll.o
 .text.cpu_irq_is_enabled_flags
                0x80003ff6       0x20 src/ASF/common/services/clock/uc3l/pll.o
 *fill*         0x80004016        0x2 d703d703
 .text.cpu_irq_restore
                0x80004018       0x28 src/ASF/common/services/clock/uc3l/pll.o
 .text.pll_enable
                0x80004040       0x54 src/ASF/common/services/clock/uc3l/pll.o
                0x80004040                pll_enable
 .text.str2int  0x80004094       0x90 src/gps/uc530.o
 .text.str2float
                0x80004124      0x14c src/gps/uc530.o
 .text.uc530_parse_default
                0x80004270      0x4c0 src/gps/uc530.o
                0x80004270                uc530_parse_default
 .text.find_data
                0x80004730       0xca src/gps/uc530.o
 *fill*         0x800047fa        0x2 d703d703
 .text.st7529_D07_WRITE
                0x800047fc       0x5c src/lcd/st7529.o
 .text.st7529_delay_write
                0x80004858       0x12 src/lcd/st7529.o
 *fill*         0x8000486a        0x2 d703d703
 .text.st7529_init
                0x8000486c      0x78c src/lcd/st7529.o
                0x8000486c                st7529_init
 .text.st7529_write_cmd
                0x80004ff8       0xd0 src/lcd/st7529.o
 .text.st7529_write_data
                0x800050c8       0x80 src/lcd/st7529.o
 .text.st7529_put_5x7_text
                0x80005148      0x3fc src/lcd/st7529.o
                0x80005148                st7529_put_5x7_text
 .text          0x80005544       0x20 src/main.o
 .text.osc_enable
                0x80005564       0x40 src/main.o
 .text.osc_is_ready
                0x800055a4       0x68 src/main.o
 .text.osc_get_rate
                0x8000560c       0x50 src/main.o
 .text.osc_wait_ready
                0x8000565c       0x2c src/main.o
 .text.pll_config_set_option
                0x80005688       0x30 src/main.o
 .text.pll_config_init
                0x800056b8       0xe0 src/main.o
 .text.pll_is_locked
                0x80005798       0x2e src/main.o
 *fill*         0x800057c6        0x2 d703d703
 .text.pll_enable_source
                0x800057c8       0x44 src/main.o
 .text.pll_enable_config_defaults
                0x8000580c       0x74 src/main.o
 .text.genclk_config_defaults
                0x80005880       0x1e src/main.o
 .text.genclk_config_set_source
                0x8000589e       0x30 src/main.o
 .text.genclk_config_set_divider
                0x800058ce       0x5c src/main.o
 .text.genclk_enable
                0x8000592a       0x2c src/main.o
 *fill*         0x80005956        0x2 d703d703
 .text.genclk_enable_source
                0x80005958       0xa4 src/main.o
 .text.genclk_enable_config
                0x800059fc       0x70 src/main.o
 .text.usart_timeout_handler
                0x80005a6c       0x78 src/main.o
 .text.sens_rx_complete_handler
                0x80005ae4       0x58 src/main.o
 .text.tick_handler
                0x80005b3c       0x34 src/main.o
 .text.main     0x80005b70      0x110 src/main.o
                0x80005b70                main
 .text.setup_clocks
                0x80005c80       0x7c src/main.o
                0x80005c80                setup_clocks
 .text.setup_gps_uart
                0x80005cfc       0x54 src/main.o
                0x80005cfc                setup_gps_uart
 .text.setup_uart_dma
                0x80005d50       0x24 src/main.o
                0x80005d50                setup_uart_dma
 .text.setup_sens_twi
                0x80005d74       0xac src/main.o
                0x80005d74                setup_sens_twi
 .text.twim_write_dma
                0x80005e20       0x70 src/main.o
                0x80005e20                twim_write_dma
 .text.twim_write_blocking
                0x80005e90       0xba src/main.o
                0x80005e90                twim_write_blocking
 .text.twim_read_blocking
                0x80005f4a       0x82 src/main.o
                0x80005f4a                twim_read_blocking
 .text.setup_magnetometer
                0x80005fcc       0x34 src/main.o
                0x80005fcc                setup_magnetometer
 .text.setup_barometer
                0x80006000       0xb4 src/main.o
                0x80006000                setup_barometer
 .text.sens_rx_start
                0x800060b4       0xb0 src/main.o
                0x800060b4                sens_rx_start
 .text.setup_buzzer
                0x80006164       0xb0 src/main.o
                0x80006164                setup_buzzer
 .text.setup_tick
                0x80006214       0x50 src/main.o
                0x80006214                setup_tick
 .text.setup_interrupts
                0x80006264       0x4c src/main.o
                0x80006264                setup_interrupts
 .text.board_init
                0x800062b0        0xa src/ASF/common/boards/user_board/init.o
                0x800062b0                board_init
 *fill*         0x800062ba        0x2 d703d703
 .text          0x800062bc      0x160 c:/program files (x86)/atmel/atmel toolchain/avr32 gcc/native/3.4.2.1002/avr32-gnu-toolchain/bin/../lib/gcc/avr32/4.4.7/ucr3\libgcc.a(_avr32_f32_div.o)
                0x800062bc                __avr32_f32_div
 .text          0x8000641c      0x180 c:/program files (x86)/atmel/atmel toolchain/avr32 gcc/native/3.4.2.1002/avr32-gnu-toolchain/bin/../lib/gcc/avr32/4.4.7/ucr3\libgcc.a(_avr32_f32_addsub.o)
                0x80006420                __avr32_f32_sub
                0x800064f0                __avr32_f32_add
 .text          0x8000659c       0xe2 c:/program files (x86)/atmel/atmel toolchain/avr32 gcc/native/3.4.2.1002/avr32-gnu-toolchain/bin/../lib/gcc/avr32/4.4.7/ucr3\libgcc.a(_avr32_f32_mul.o)
                0x8000659c                __avr32_f32_mul
 .text          0x8000667e       0x74 c:/program files (x86)/atmel/atmel toolchain/avr32 gcc/native/3.4.2.1002/avr32-gnu-toolchain/bin/../lib/gcc/avr32/4.4.7/ucr3\libgcc.a(_avr32_s32_to_f32.o)
                0x8000667e                __avr32_s32_to_f32
 .text          0x800066f2       0x60 c:/program files (x86)/atmel/atmel toolchain/avr32 gcc/native/3.4.2.1002/avr32-gnu-toolchain/bin/../lib/gcc/avr32/4.4.7/ucr3\libgcc.a(_avr32_f32_to_f64.o)
                0x800066f2                __avr32_f32_to_f64
 .text          0x80006752      0x264 c:/program files (x86)/atmel/atmel toolchain/avr32 gcc/native/3.4.2.1002/avr32-gnu-toolchain/bin/../lib/gcc/avr32/4.4.7/ucr3\libgcc.a(_udivdi3.o)
                0x80006752                __avr32_udiv64
                0x80006752                __udivdi3
 *fill*         0x800069b6        0x2 d703d703
 .text.sprintf  0x800069b8       0x3c c:/program files (x86)/atmel/atmel toolchain/avr32 gcc/native/3.4.2.1002/avr32-gnu-toolchain/bin/../lib/gcc/avr32/4.4.7/../../../../avr32/lib/ucr3\libc.a(lib_a-sprintf.o)
                                 0x40 (size before relaxing)
                0x800069b8                sprintf
 .text.get_arg  0x800069f4      0x320 c:/program files (x86)/atmel/atmel toolchain/avr32 gcc/native/3.4.2.1002/avr32-gnu-toolchain/bin/../lib/gcc/avr32/4.4.7/../../../../avr32/lib/ucr3\libc.a(lib_a-vfprintf.o)
                                0x324 (size before relaxing)
 .text.__sprint_r
                0x80006d14       0x1c c:/program files (x86)/atmel/atmel toolchain/avr32 gcc/native/3.4.2.1002/avr32-gnu-toolchain/bin/../lib/gcc/avr32/4.4.7/../../../../avr32/lib/ucr3\libc.a(lib_a-vfprintf.o)
                                 0x20 (size before relaxing)
 .text._vfprintf_r
                0x80006d30     0x1f2c c:/program files (x86)/atmel/atmel toolchain/avr32 gcc/native/3.4.2.1002/avr32-gnu-toolchain/bin/../lib/gcc/avr32/4.4.7/../../../../avr32/lib/ucr3\libc.a(lib_a-vfprintf.o)
                               0x1f9c (size before relaxing)
                0x80006d30                _vfprintf_r
 .text.__swsetup_r
                0x80008c5c       0xdc c:/program files (x86)/atmel/atmel toolchain/avr32 gcc/native/3.4.2.1002/avr32-gnu-toolchain/bin/../lib/gcc/avr32/4.4.7/../../../../avr32/lib/ucr3\libc.a(lib_a-wsetup.o)
                                 0xe8 (size before relaxing)
                0x80008c5c                __swsetup_r
 .text.quorem   0x80008d38      0x120 c:/program files (x86)/atmel/atmel toolchain/avr32 gcc/native/3.4.2.1002/avr32-gnu-toolchain/bin/../lib/gcc/avr32/4.4.7/../../../../avr32/lib/ucr3\libc.a(lib_a-dtoa.o)
                                0x124 (size before relaxing)
 .text._dtoa_r  0x80008e58      0xbe0 c:/program files (x86)/atmel/atmel toolchain/avr32 gcc/native/3.4.2.1002/avr32-gnu-toolchain/bin/../lib/gcc/avr32/4.4.7/../../../../avr32/lib/ucr3\libc.a(lib_a-dtoa.o)
                                0xc90 (size before relaxing)
                0x80008e58                _dtoa_r
 .text._fflush_r
                0x80009a38      0x110 c:/program files (x86)/atmel/atmel toolchain/avr32 gcc/native/3.4.2.1002/avr32-gnu-toolchain/bin/../lib/gcc/avr32/4.4.7/../../../../avr32/lib/ucr3\libc.a(lib_a-fflush.o)
                                0x118 (size before relaxing)
                0x80009a38                _fflush_r
 .text.__sfp_lock_acquire
                0x80009b48        0x2 c:/program files (x86)/atmel/atmel toolchain/avr32 gcc/native/3.4.2.1002/avr32-gnu-toolchain/bin/../lib/gcc/avr32/4.4.7/../../../../avr32/lib/ucr3\libc.a(lib_a-findfp.o)
                0x80009b48                __sfp_lock_acquire
 .text.__sfp_lock_release
                0x80009b4a        0x2 c:/program files (x86)/atmel/atmel toolchain/avr32 gcc/native/3.4.2.1002/avr32-gnu-toolchain/bin/../lib/gcc/avr32/4.4.7/../../../../avr32/lib/ucr3\libc.a(lib_a-findfp.o)
                0x80009b4a                __sfp_lock_release
 .text._cleanup_r
                0x80009b4c        0xc c:/program files (x86)/atmel/atmel toolchain/avr32 gcc/native/3.4.2.1002/avr32-gnu-toolchain/bin/../lib/gcc/avr32/4.4.7/../../../../avr32/lib/ucr3\libc.a(lib_a-findfp.o)
                                 0x14 (size before relaxing)
                0x80009b4c                _cleanup_r
 .text.__sfmoreglue
                0x80009b58       0x28 c:/program files (x86)/atmel/atmel toolchain/avr32 gcc/native/3.4.2.1002/avr32-gnu-toolchain/bin/../lib/gcc/avr32/4.4.7/../../../../avr32/lib/ucr3\libc.a(lib_a-findfp.o)
                                 0x30 (size before relaxing)
                0x80009b58                __sfmoreglue
 .text.__sfp    0x80009b80       0x70 c:/program files (x86)/atmel/atmel toolchain/avr32 gcc/native/3.4.2.1002/avr32-gnu-toolchain/bin/../lib/gcc/avr32/4.4.7/../../../../avr32/lib/ucr3\libc.a(lib_a-findfp.o)
                                 0x7c (size before relaxing)
                0x80009b80                __sfp
 .text.__sinit  0x80009bf0       0x9c c:/program files (x86)/atmel/atmel toolchain/avr32 gcc/native/3.4.2.1002/avr32-gnu-toolchain/bin/../lib/gcc/avr32/4.4.7/../../../../avr32/lib/ucr3\libc.a(lib_a-findfp.o)
                                 0xb0 (size before relaxing)
                0x80009bf0                __sinit
 .text._malloc_trim_r
                0x80009c8c       0x9c c:/program files (x86)/atmel/atmel toolchain/avr32 gcc/native/3.4.2.1002/avr32-gnu-toolchain/bin/../lib/gcc/avr32/4.4.7/../../../../avr32/lib/ucr3\libc.a(lib_a-freer.o)
                                 0xa8 (size before relaxing)
                0x80009c8c                _malloc_trim_r
 .text._free_r  0x80009d28      0x190 c:/program files (x86)/atmel/atmel toolchain/avr32 gcc/native/3.4.2.1002/avr32-gnu-toolchain/bin/../lib/gcc/avr32/4.4.7/../../../../avr32/lib/ucr3\libc.a(lib_a-freer.o)
                                0x1a0 (size before relaxing)
                0x80009d28                _free_r
 .text.__sfvwrite_r
                0x80009eb8      0x2a0 c:/program files (x86)/atmel/atmel toolchain/avr32 gcc/native/3.4.2.1002/avr32-gnu-toolchain/bin/../lib/gcc/avr32/4.4.7/../../../../avr32/lib/ucr3\libc.a(lib_a-fvwrite.o)
                                0x2c4 (size before relaxing)
                0x80009eb8                __sfvwrite_r
 .text._fwalk   0x8000a158       0x4c c:/program files (x86)/atmel/atmel toolchain/avr32 gcc/native/3.4.2.1002/avr32-gnu-toolchain/bin/../lib/gcc/avr32/4.4.7/../../../../avr32/lib/ucr3\libc.a(lib_a-fwalk.o)
                                 0x54 (size before relaxing)
                0x8000a158                _fwalk
 .text._localeconv_r
                0x8000a1a4        0x8 c:/program files (x86)/atmel/atmel toolchain/avr32 gcc/native/3.4.2.1002/avr32-gnu-toolchain/bin/../lib/gcc/avr32/4.4.7/../../../../avr32/lib/ucr3\libc.a(lib_a-locale.o)
                0x8000a1a4                _localeconv_r
 .text.__smakebuf_r
                0x8000a1ac       0xbc c:/program files (x86)/atmel/atmel toolchain/avr32 gcc/native/3.4.2.1002/avr32-gnu-toolchain/bin/../lib/gcc/avr32/4.4.7/../../../../avr32/lib/ucr3\libc.a(lib_a-makebuf.o)
                                 0xcc (size before relaxing)
                0x8000a1ac                __smakebuf_r
 .text.malloc   0x8000a268       0x10 c:/program files (x86)/atmel/atmel toolchain/avr32 gcc/native/3.4.2.1002/avr32-gnu-toolchain/bin/../lib/gcc/avr32/4.4.7/../../../../avr32/lib/ucr3\libc.a(lib_a-malloc.o)
                                 0x18 (size before relaxing)
                0x8000a268                malloc
 .text._malloc_r
                0x8000a278      0x42c c:/program files (x86)/atmel/atmel toolchain/avr32 gcc/native/3.4.2.1002/avr32-gnu-toolchain/bin/../lib/gcc/avr32/4.4.7/../../../../avr32/lib/ucr3\libc.a(lib_a-mallocr.o)
                                0x450 (size before relaxing)
                0x8000a278                _malloc_r
 .text.memchr   0x8000a6a4       0x16 c:/program files (x86)/atmel/atmel toolchain/avr32 gcc/native/3.4.2.1002/avr32-gnu-toolchain/bin/../lib/gcc/avr32/4.4.7/../../../../avr32/lib/ucr3\libc.a(lib_a-memchr.o)
                0x8000a6a4                memchr
 .text          0x8000a6ba      0x148 c:/program files (x86)/atmel/atmel toolchain/avr32 gcc/native/3.4.2.1002/avr32-gnu-toolchain/bin/../lib/gcc/avr32/4.4.7/../../../../avr32/lib/ucr3\libc.a(lib_a-memcpy.o)
                0x8000a6ba                memcpy
 .text.memmove  0x8000a802       0x3e c:/program files (x86)/atmel/atmel toolchain/avr32 gcc/native/3.4.2.1002/avr32-gnu-toolchain/bin/../lib/gcc/avr32/4.4.7/../../../../avr32/lib/ucr3\libc.a(lib_a-memmove.o)
                0x8000a802                memmove
 .text.memset   0x8000a840        0xe c:/program files (x86)/atmel/atmel toolchain/avr32 gcc/native/3.4.2.1002/avr32-gnu-toolchain/bin/../lib/gcc/avr32/4.4.7/../../../../avr32/lib/ucr3\libc.a(lib_a-memset.o)
                0x8000a840                memset
 .text.__malloc_lock
                0x8000a84e        0x2 c:/program files (x86)/atmel/atmel toolchain/avr32 gcc/native/3.4.2.1002/avr32-gnu-toolchain/bin/../lib/gcc/avr32/4.4.7/../../../../avr32/lib/ucr3\libc.a(lib_a-mlock.o)
                0x8000a84e                __malloc_lock
 .text.__malloc_unlock
                0x8000a850        0x2 c:/program files (x86)/atmel/atmel toolchain/avr32 gcc/native/3.4.2.1002/avr32-gnu-toolchain/bin/../lib/gcc/avr32/4.4.7/../../../../avr32/lib/ucr3\libc.a(lib_a-mlock.o)
                0x8000a850                __malloc_unlock
 .text.__hi0bits
                0x8000a852       0x60 c:/program files (x86)/atmel/atmel toolchain/avr32 gcc/native/3.4.2.1002/avr32-gnu-toolchain/bin/../lib/gcc/avr32/4.4.7/../../../../avr32/lib/ucr3\libc.a(lib_a-mprec.o)
                0x8000a852                __hi0bits
 .text.__lo0bits
                0x8000a8b2       0x8e c:/program files (x86)/atmel/atmel toolchain/avr32 gcc/native/3.4.2.1002/avr32-gnu-toolchain/bin/../lib/gcc/avr32/4.4.7/../../../../avr32/lib/ucr3\libc.a(lib_a-mprec.o)
                0x8000a8b2                __lo0bits
 .text.__mcmp   0x8000a940       0x32 c:/program files (x86)/atmel/atmel toolchain/avr32 gcc/native/3.4.2.1002/avr32-gnu-toolchain/bin/../lib/gcc/avr32/4.4.7/../../../../avr32/lib/ucr3\libc.a(lib_a-mprec.o)
                0x8000a940                __mcmp
 *fill*         0x8000a972        0x2 d703d703
 .text._Bfree   0x8000a974       0x34 c:/program files (x86)/atmel/atmel toolchain/avr32 gcc/native/3.4.2.1002/avr32-gnu-toolchain/bin/../lib/gcc/avr32/4.4.7/../../../../avr32/lib/ucr3\libc.a(lib_a-mprec.o)
                                 0x38 (size before relaxing)
                0x8000a974                _Bfree
 .text._Balloc  0x8000a9a8       0x70 c:/program files (x86)/atmel/atmel toolchain/avr32 gcc/native/3.4.2.1002/avr32-gnu-toolchain/bin/../lib/gcc/avr32/4.4.7/../../../../avr32/lib/ucr3\libc.a(lib_a-mprec.o)
                                 0x78 (size before relaxing)
                0x8000a9a8                _Balloc
 .text.__d2b    0x8000aa18       0xa0 c:/program files (x86)/atmel/atmel toolchain/avr32 gcc/native/3.4.2.1002/avr32-gnu-toolchain/bin/../lib/gcc/avr32/4.4.7/../../../../avr32/lib/ucr3\libc.a(lib_a-mprec.o)
                                 0xb4 (size before relaxing)
                0x8000aa18                __d2b
 .text.__mdiff  0x8000aab8       0xd0 c:/program files (x86)/atmel/atmel toolchain/avr32 gcc/native/3.4.2.1002/avr32-gnu-toolchain/bin/../lib/gcc/avr32/4.4.7/../../../../avr32/lib/ucr3\libc.a(lib_a-mprec.o)
                                 0xd8 (size before relaxing)
                0x8000aab8                __mdiff
 .text.__lshift
                0x8000ab88       0x88 c:/program files (x86)/atmel/atmel toolchain/avr32 gcc/native/3.4.2.1002/avr32-gnu-toolchain/bin/../lib/gcc/avr32/4.4.7/../../../../avr32/lib/ucr3\libc.a(lib_a-mprec.o)
                                 0x94 (size before relaxing)
                0x8000ab88                __lshift
 .text.__multiply
                0x8000ac10      0x100 c:/program files (x86)/atmel/atmel toolchain/avr32 gcc/native/3.4.2.1002/avr32-gnu-toolchain/bin/../lib/gcc/avr32/4.4.7/../../../../avr32/lib/ucr3\libc.a(lib_a-mprec.o)
                                0x108 (size before relaxing)
                0x8000ac10                __multiply
 .text.__i2b    0x8000ad10       0x10 c:/program files (x86)/atmel/atmel toolchain/avr32 gcc/native/3.4.2.1002/avr32-gnu-toolchain/bin/../lib/gcc/avr32/4.4.7/../../../../avr32/lib/ucr3\libc.a(lib_a-mprec.o)
                                 0x18 (size before relaxing)
                0x8000ad10                __i2b
 .text.__multadd
                0x8000ad20       0x7c c:/program files (x86)/atmel/atmel toolchain/avr32 gcc/native/3.4.2.1002/avr32-gnu-toolchain/bin/../lib/gcc/avr32/4.4.7/../../../../avr32/lib/ucr3\libc.a(lib_a-mprec.o)
                                 0x88 (size before relaxing)
                0x8000ad20                __multadd
 .text.__pow5mult
                0x8000ad9c       0x90 c:/program files (x86)/atmel/atmel toolchain/avr32 gcc/native/3.4.2.1002/avr32-gnu-toolchain/bin/../lib/gcc/avr32/4.4.7/../../../../avr32/lib/ucr3\libc.a(lib_a-mprec.o)
                                 0xac (size before relaxing)
                0x8000ad9c                __pow5mult
 .text._realloc_r
                0x8000ae2c      0x2c4 c:/program files (x86)/atmel/atmel toolchain/avr32 gcc/native/3.4.2.1002/avr32-gnu-toolchain/bin/../lib/gcc/avr32/4.4.7/../../../../avr32/lib/ucr3\libc.a(lib_a-reallocr.o)
                                0x2e0 (size before relaxing)
                0x8000ae2c                _realloc_r
 .text.__isinfd
                0x8000b0f0       0x2a c:/program files (x86)/atmel/atmel toolchain/avr32 gcc/native/3.4.2.1002/avr32-gnu-toolchain/bin/../lib/gcc/avr32/4.4.7/../../../../avr32/lib/ucr3\libc.a(lib_a-s_isinfd.o)
                0x8000b0f0                __isinfd
 .text.__isnand
                0x8000b11a       0x1c c:/program files (x86)/atmel/atmel toolchain/avr32 gcc/native/3.4.2.1002/avr32-gnu-toolchain/bin/../lib/gcc/avr32/4.4.7/../../../../avr32/lib/ucr3\libc.a(lib_a-s_isnand.o)
                0x8000b11a                __isnand
 *fill*         0x8000b136        0x2 d703d703
 .text._sbrk_r  0x8000b138       0x20 c:/program files (x86)/atmel/atmel toolchain/avr32 gcc/native/3.4.2.1002/avr32-gnu-toolchain/bin/../lib/gcc/avr32/4.4.7/../../../../avr32/lib/ucr3\libc.a(lib_a-sbrkr.o)
                                 0x28 (size before relaxing)
                0x8000b138                _sbrk_r
 .text.__sclose
                0x8000b158        0x8 c:/program files (x86)/atmel/atmel toolchain/avr32 gcc/native/3.4.2.1002/avr32-gnu-toolchain/bin/../lib/gcc/avr32/4.4.7/../../../../avr32/lib/ucr3\libc.a(lib_a-stdio.o)
                                 0x10 (size before relaxing)
                0x8000b158                __sclose
 .text.__sseek  0x8000b160       0x20 c:/program files (x86)/atmel/atmel toolchain/avr32 gcc/native/3.4.2.1002/avr32-gnu-toolchain/bin/../lib/gcc/avr32/4.4.7/../../../../avr32/lib/ucr3\libc.a(lib_a-stdio.o)
                                 0x28 (size before relaxing)
                0x8000b160                __sseek
 .text.__swrite
                0x8000b180       0x2c c:/program files (x86)/atmel/atmel toolchain/avr32 gcc/native/3.4.2.1002/avr32-gnu-toolchain/bin/../lib/gcc/avr32/4.4.7/../../../../avr32/lib/ucr3\libc.a(lib_a-stdio.o)
                                 0x38 (size before relaxing)
                0x8000b180                __swrite
 .text.__sread  0x8000b1ac       0x1c c:/program files (x86)/atmel/atmel toolchain/avr32 gcc/native/3.4.2.1002/avr32-gnu-toolchain/bin/../lib/gcc/avr32/4.4.7/../../../../avr32/lib/ucr3\libc.a(lib_a-stdio.o)
                                 0x24 (size before relaxing)
                0x8000b1ac                __sread
 .text.strlen   0x8000b1c8       0x16 c:/program files (x86)/atmel/atmel toolchain/avr32 gcc/native/3.4.2.1002/avr32-gnu-toolchain/bin/../lib/gcc/avr32/4.4.7/../../../../avr32/lib/ucr3\libc.a(lib_a-strlen.o)
                0x8000b1c8                strlen
 *fill*         0x8000b1de        0x2 d703d703
 .text._close   0x8000b1e0       0x18 c:/program files (x86)/atmel/atmel toolchain/avr32 gcc/native/3.4.2.1002/avr32-gnu-toolchain/bin/../lib/gcc/avr32/4.4.7/../../../../avr32/lib/ucr3\libc.a(lib_a-syscalls.o)
                0x8000b1e0                _close
 .text._lseek   0x8000b1f8       0x18 c:/program files (x86)/atmel/atmel toolchain/avr32 gcc/native/3.4.2.1002/avr32-gnu-toolchain/bin/../lib/gcc/avr32/4.4.7/../../../../avr32/lib/ucr3\libc.a(lib_a-syscalls.o)
                0x8000b1f8                _lseek
 .text._read    0x8000b210       0x18 c:/program files (x86)/atmel/atmel toolchain/avr32 gcc/native/3.4.2.1002/avr32-gnu-toolchain/bin/../lib/gcc/avr32/4.4.7/../../../../avr32/lib/ucr3\libc.a(lib_a-syscalls.o)
                0x8000b210                _read
 .text._write   0x8000b228       0x18 c:/program files (x86)/atmel/atmel toolchain/avr32 gcc/native/3.4.2.1002/avr32-gnu-toolchain/bin/../lib/gcc/avr32/4.4.7/../../../../avr32/lib/ucr3\libc.a(lib_a-syscalls.o)
                0x8000b228                _write
 .text.isatty   0x8000b240       0x18 c:/program files (x86)/atmel/atmel toolchain/avr32 gcc/native/3.4.2.1002/avr32-gnu-toolchain/bin/../lib/gcc/avr32/4.4.7/../../../../avr32/lib/ucr3\libc.a(lib_a-syscalls.o)
                0x8000b240                isatty
 .text._fstat_host
                0x8000b258       0x18 c:/program files (x86)/atmel/atmel toolchain/avr32 gcc/native/3.4.2.1002/avr32-gnu-toolchain/bin/../lib/gcc/avr32/4.4.7/../../../../avr32/lib/ucr3\libc.a(lib_a-syscalls.o)
                0x8000b258                _fstat_host
 .text._fstat   0x8000b270       0x4c c:/program files (x86)/atmel/atmel toolchain/avr32 gcc/native/3.4.2.1002/avr32-gnu-toolchain/bin/../lib/gcc/avr32/4.4.7/../../../../avr32/lib/ucr3\libc.a(lib_a-syscalls.o)
                                 0x50 (size before relaxing)
                0x8000b270                _fstat
 .text._sbrk    0x8000b2bc       0x3c c:/program files (x86)/atmel/atmel toolchain/avr32 gcc/native/3.4.2.1002/avr32-gnu-toolchain/bin/../lib/gcc/avr32/4.4.7/../../../../avr32/lib/ucr3\libc.a(lib_a-syscalls.o)
                                 0x40 (size before relaxing)
                0x8000b2bc                _sbrk
 .text._write_r
                0x8000b2f8       0x28 c:/program files (x86)/atmel/atmel toolchain/avr32 gcc/native/3.4.2.1002/avr32-gnu-toolchain/bin/../lib/gcc/avr32/4.4.7/../../../../avr32/lib/ucr3\libc.a(lib_a-writer.o)
                                 0x2c (size before relaxing)
                0x8000b2f8                _write_r
 .text._calloc_r
                0x8000b320       0x58 c:/program files (x86)/atmel/atmel toolchain/avr32 gcc/native/3.4.2.1002/avr32-gnu-toolchain/bin/../lib/gcc/avr32/4.4.7/../../../../avr32/lib/ucr3\libc.a(lib_a-callocr.o)
                                 0x60 (size before relaxing)
                0x8000b320                _calloc_r
 .text._close_r
                0x8000b378       0x20 c:/program files (x86)/atmel/atmel toolchain/avr32 gcc/native/3.4.2.1002/avr32-gnu-toolchain/bin/../lib/gcc/avr32/4.4.7/../../../../avr32/lib/ucr3\libc.a(lib_a-closer.o)
                                 0x28 (size before relaxing)
                0x8000b378                _close_r
 .text.__errno  0x8000b398        0xc c:/program files (x86)/atmel/atmel toolchain/avr32 gcc/native/3.4.2.1002/avr32-gnu-toolchain/bin/../lib/gcc/avr32/4.4.7/../../../../avr32/lib/ucr3\libc.a(lib_a-errno.o)
                0x8000b398                __errno
 .text._fclose_r
                0x8000b3a4       0xbc c:/program files (x86)/atmel/atmel toolchain/avr32 gcc/native/3.4.2.1002/avr32-gnu-toolchain/bin/../lib/gcc/avr32/4.4.7/../../../../avr32/lib/ucr3\libc.a(lib_a-fclose.o)
                                 0xd0 (size before relaxing)
                0x8000b3a4                _fclose_r
 .text.fclose   0x8000b460       0x10 c:/program files (x86)/atmel/atmel toolchain/avr32 gcc/native/3.4.2.1002/avr32-gnu-toolchain/bin/../lib/gcc/avr32/4.4.7/../../../../avr32/lib/ucr3\libc.a(lib_a-fclose.o)
                                 0x18 (size before relaxing)
                0x8000b460                fclose
 .text._fstat_r
                0x8000b470       0x24 c:/program files (x86)/atmel/atmel toolchain/avr32 gcc/native/3.4.2.1002/avr32-gnu-toolchain/bin/../lib/gcc/avr32/4.4.7/../../../../avr32/lib/ucr3\libc.a(lib_a-fstatr.o)
                                 0x2c (size before relaxing)
                0x8000b470                _fstat_r
 .text._lseek_r
                0x8000b494       0x28 c:/program files (x86)/atmel/atmel toolchain/avr32 gcc/native/3.4.2.1002/avr32-gnu-toolchain/bin/../lib/gcc/avr32/4.4.7/../../../../avr32/lib/ucr3\libc.a(lib_a-lseekr.o)
                                 0x2c (size before relaxing)
                0x8000b494                _lseek_r
 .text._read_r  0x8000b4bc       0x28 c:/program files (x86)/atmel/atmel toolchain/avr32 gcc/native/3.4.2.1002/avr32-gnu-toolchain/bin/../lib/gcc/avr32/4.4.7/../../../../avr32/lib/ucr3\libc.a(lib_a-readr.o)
                                 0x2c (size before relaxing)
                0x8000b4bc                _read_r
 .text          0x8000b4e4      0x1d4 c:/program files (x86)/atmel/atmel toolchain/avr32 gcc/native/3.4.2.1002/avr32-gnu-toolchain/bin/../lib/gcc/avr32/4.4.7/ucr3\libgcc.a(_avr32_f64_mul.o)
                0x8000b4e4                __avr32_f64_mul
 .text          0x8000b6b8      0x2b0 c:/program files (x86)/atmel/atmel toolchain/avr32 gcc/native/3.4.2.1002/avr32-gnu-toolchain/bin/../lib/gcc/avr32/4.4.7/ucr3\libgcc.a(_avr32_f64_addsub.o)
                0x8000b6bc                __avr32_f64_sub
                0x8000b858                __avr32_f64_add
 .text          0x8000b968       0x2a c:/program files (x86)/atmel/atmel toolchain/avr32 gcc/native/3.4.2.1002/avr32-gnu-toolchain/bin/../lib/gcc/avr32/4.4.7/ucr3\libgcc.a(_avr32_f64_to_s32.o)
                0x8000b968                __avr32_f64_to_u32
                0x8000b96c                __avr32_f64_to_s32
 .text          0x8000b992       0xe8 c:/program files (x86)/atmel/atmel toolchain/avr32 gcc/native/3.4.2.1002/avr32-gnu-toolchain/bin/../lib/gcc/avr32/4.4.7/ucr3\libgcc.a(_avr32_s32_to_f64.o)
                0x8000b992                __avr32_u32_to_f64
                0x8000b99a                __avr32_s32_to_f64
 .text          0x8000ba7a       0x26 c:/program files (x86)/atmel/atmel toolchain/avr32 gcc/native/3.4.2.1002/avr32-gnu-toolchain/bin/../lib/gcc/avr32/4.4.7/ucr3\libgcc.a(_avr32_f64_cmp_eq.o)
                0x8000ba7a                __avr32_f64_cmp_eq
 .text          0x8000baa0       0x68 c:/program files (x86)/atmel/atmel toolchain/avr32 gcc/native/3.4.2.1002/avr32-gnu-toolchain/bin/../lib/gcc/avr32/4.4.7/ucr3\libgcc.a(_avr32_f64_cmp_ge.o)
                0x8000baa0                __avr32_f64_cmp_ge
 .text          0x8000bb08       0x68 c:/program files (x86)/atmel/atmel toolchain/avr32 gcc/native/3.4.2.1002/avr32-gnu-toolchain/bin/../lib/gcc/avr32/4.4.7/ucr3\libgcc.a(_avr32_f64_cmp_lt.o)
                0x8000bb08                __avr32_f64_cmp_lt
 .text          0x8000bb70      0x318 c:/program files (x86)/atmel/atmel toolchain/avr32 gcc/native/3.4.2.1002/avr32-gnu-toolchain/bin/../lib/gcc/avr32/4.4.7/ucr3\libgcc.a(_avr32_f64_div.o)
                0x8000bb70                __avr32_f64_div
 .text          0x8000be88      0x20c c:/program files (x86)/atmel/atmel toolchain/avr32 gcc/native/3.4.2.1002/avr32-gnu-toolchain/bin/../lib/gcc/avr32/4.4.7/ucr3\libgcc.a(_umoddi3.o)
                0x8000be88                __avr32_umod64
                0x8000be88                __umoddi3
 *(.text.*personality*)
 *(.gnu.warning)

.exception      0x8000c200      0x200
 .exception     0x8000c200      0x200 src/ASF/avr32/drivers/intc/exception.o
                0x8000c200                _evba
                0x8000c304                _int0
                0x8000c312                _int1
                0x8000c320                _int2
                0x8000c32e                _int3

.fini
 *(.fini)
                0x8000c400                PROVIDE (__etext, .)
                0x8000c400                PROVIDE (_etext, .)
                0x8000c400                PROVIDE (etext, .)

.rodata         0x8000c400     0x1170
 *(.rodata .rodata.* .gnu.linkonce.r.*)
 .rodata.gpio_enable_module_pin
                0x8000c400       0x20 src/ASF/avr32/drivers/gpio/gpio.o
 .rodata._int_handler_table
                0x8000c420      0x110 src/ASF/avr32/drivers/intc/intc.o
 .rodata.st7529_pin_map_lut
                0x8000c530      0x800 src/lcd/st7529.o
                0x8000c530                st7529_pin_map_lut
 .rodata.st7529_5x7_font
                0x8000cd30      0x1e0 src/lcd/st7529.o
                0x8000cd30                st7529_5x7_font
 .rodata.genclk_enable_source
                0x8000cf10       0x34 src/main.o
 .rodata.waveform_opt.15327
                0x8000cf44        0x8 src/main.o
 .rodata.tc_interrupt.15328
                0x8000cf4c        0x4 src/main.o
 .rodata.PWMA_GPIO_MAP.15312
                0x8000cf50       0x10 src/main.o
 .rodata.bytes1.15248
                0x8000cf60        0x4 src/main.o
 .rodata.bytes2.15249
                0x8000cf64        0x4 src/main.o
 .rodata.C.66.15160
                0x8000cf68       0x10 src/main.o
 .rodata.PDCA_OPTIONS1.15158
                0x8000cf78       0x1c src/main.o
 .rodata.PDCA_OPTIONS2.15159
                0x8000cf94       0x1c src/main.o
 .rodata.PDCA_OPTIONS.15153
                0x8000cfb0       0x1c src/main.o
 .rodata.USART_GPIO_MAP.15142
                0x8000cfcc       0x10 src/main.o
 .rodata.USART_OPTIONS.15143
                0x8000cfdc        0xc src/main.o
 .rodata.get_arg
                0x8000cfe8       0x3c c:/program files (x86)/atmel/atmel toolchain/avr32 gcc/native/3.4.2.1002/avr32-gnu-toolchain/bin/../lib/gcc/avr32/4.4.7/../../../../avr32/lib/ucr3\libc.a(lib_a-vfprintf.o)
 .rodata._vfprintf_r
                0x8000d024      0x164 c:/program files (x86)/atmel/atmel toolchain/avr32 gcc/native/3.4.2.1002/avr32-gnu-toolchain/bin/../lib/gcc/avr32/4.4.7/../../../../avr32/lib/ucr3\libc.a(lib_a-vfprintf.o)
 .rodata.state_table
                0x8000d188       0x6c c:/program files (x86)/atmel/atmel toolchain/avr32 gcc/native/3.4.2.1002/avr32-gnu-toolchain/bin/../lib/gcc/avr32/4.4.7/../../../../avr32/lib/ucr3\libc.a(lib_a-vfprintf.o)
 .rodata.action_table
                0x8000d1f4       0x6c c:/program files (x86)/atmel/atmel toolchain/avr32 gcc/native/3.4.2.1002/avr32-gnu-toolchain/bin/../lib/gcc/avr32/4.4.7/../../../../avr32/lib/ucr3\libc.a(lib_a-vfprintf.o)
 .rodata.str1.4
                0x8000d260       0x3a c:/program files (x86)/atmel/atmel toolchain/avr32 gcc/native/3.4.2.1002/avr32-gnu-toolchain/bin/../lib/gcc/avr32/4.4.7/../../../../avr32/lib/ucr3\libc.a(lib_a-vfprintf.o)
                                 0x3c (size before relaxing)
 *fill*         0x8000d29a        0x2 
 .rodata.blanks.3430
                0x8000d29c       0x10 c:/program files (x86)/atmel/atmel toolchain/avr32 gcc/native/3.4.2.1002/avr32-gnu-toolchain/bin/../lib/gcc/avr32/4.4.7/../../../../avr32/lib/ucr3\libc.a(lib_a-vfprintf.o)
 .rodata.zeroes.3431
                0x8000d2ac       0x10 c:/program files (x86)/atmel/atmel toolchain/avr32 gcc/native/3.4.2.1002/avr32-gnu-toolchain/bin/../lib/gcc/avr32/4.4.7/../../../../avr32/lib/ucr3\libc.a(lib_a-vfprintf.o)
 .rodata.chclass
                0x8000d2bc      0x100 c:/program files (x86)/atmel/atmel toolchain/avr32 gcc/native/3.4.2.1002/avr32-gnu-toolchain/bin/../lib/gcc/avr32/4.4.7/../../../../avr32/lib/ucr3\libc.a(lib_a-vfprintf.o)
 .rodata.str1.4
                0x8000d3bc       0x10 c:/program files (x86)/atmel/atmel toolchain/avr32 gcc/native/3.4.2.1002/avr32-gnu-toolchain/bin/../lib/gcc/avr32/4.4.7/../../../../avr32/lib/ucr3\libc.a(lib_a-dtoa.o)
                                 0x14 (size before relaxing)
 .rodata.__sf_fake_stdin
                0x8000d3cc       0x20 c:/program files (x86)/atmel/atmel toolchain/avr32 gcc/native/3.4.2.1002/avr32-gnu-toolchain/bin/../lib/gcc/avr32/4.4.7/../../../../avr32/lib/ucr3\libc.a(lib_a-findfp.o)
                0x8000d3cc                __sf_fake_stdin
 .rodata.__sf_fake_stdout
                0x8000d3ec       0x20 c:/program files (x86)/atmel/atmel toolchain/avr32 gcc/native/3.4.2.1002/avr32-gnu-toolchain/bin/../lib/gcc/avr32/4.4.7/../../../../avr32/lib/ucr3\libc.a(lib_a-findfp.o)
                0x8000d3ec                __sf_fake_stdout
 .rodata.__sf_fake_stderr
                0x8000d40c       0x20 c:/program files (x86)/atmel/atmel toolchain/avr32 gcc/native/3.4.2.1002/avr32-gnu-toolchain/bin/../lib/gcc/avr32/4.4.7/../../../../avr32/lib/ucr3\libc.a(lib_a-findfp.o)
                0x8000d40c                __sf_fake_stderr
 .rodata.str1.4
                0x8000d42c        0x2 c:/program files (x86)/atmel/atmel toolchain/avr32 gcc/native/3.4.2.1002/avr32-gnu-toolchain/bin/../lib/gcc/avr32/4.4.7/../../../../avr32/lib/ucr3\libc.a(lib_a-impure.o)
                                  0x4 (size before relaxing)
 *fill*         0x8000d42e        0x2 
 .rodata._global_impure_ptr
                0x8000d430        0x4 c:/program files (x86)/atmel/atmel toolchain/avr32 gcc/native/3.4.2.1002/avr32-gnu-toolchain/bin/../lib/gcc/avr32/4.4.7/../../../../avr32/lib/ucr3\libc.a(lib_a-impure.o)
                0x8000d430                _global_impure_ptr
 .rodata.lconv  0x8000d434       0x30 c:/program files (x86)/atmel/atmel toolchain/avr32 gcc/native/3.4.2.1002/avr32-gnu-toolchain/bin/../lib/gcc/avr32/4.4.7/../../../../avr32/lib/ucr3\libc.a(lib_a-locale.o)
 .rodata.str1.4
                0x8000d464       0x10 c:/program files (x86)/atmel/atmel toolchain/avr32 gcc/native/3.4.2.1002/avr32-gnu-toolchain/bin/../lib/gcc/avr32/4.4.7/../../../../avr32/lib/ucr3\libc.a(lib_a-locale.o)
                                 0x18 (size before relaxing)
 .rodata.p05.2471
                0x8000d474        0xc c:/program files (x86)/atmel/atmel toolchain/avr32 gcc/native/3.4.2.1002/avr32-gnu-toolchain/bin/../lib/gcc/avr32/4.4.7/../../../../avr32/lib/ucr3\libc.a(lib_a-mprec.o)
 .rodata.__mprec_tens
                0x8000d480       0xc8 c:/program files (x86)/atmel/atmel toolchain/avr32 gcc/native/3.4.2.1002/avr32-gnu-toolchain/bin/../lib/gcc/avr32/4.4.7/../../../../avr32/lib/ucr3\libc.a(lib_a-mprec.o)
                0x8000d480                __mprec_tens
 .rodata.__mprec_bigtens
                0x8000d548       0x28 c:/program files (x86)/atmel/atmel toolchain/avr32 gcc/native/3.4.2.1002/avr32-gnu-toolchain/bin/../lib/gcc/avr32/4.4.7/../../../../avr32/lib/ucr3\libc.a(lib_a-mprec.o)
                0x8000d548                __mprec_bigtens

.rodata1
 *(.rodata1)

.eh_frame_hdr
 *(.eh_frame_hdr)

.eh_frame
 *(.eh_frame)

.gcc_except_table
 *(.gcc_except_table)
 *(.gcc_except_table.*)

.dalign         0x8000d570        0x0
                0x8000d570                . = ALIGN (0x8)
                0x8000d570                PROVIDE (_data_lma, .)
                0x00000004                PROVIDE (_data, ORIGIN (CPUSRAM))
                0x00000004                . = ORIGIN (CPUSRAM)

.eh_frame
 *(.eh_frame)

.gcc_except_table
 *(.gcc_except_table)
 *(.gcc_except_table.*)

.tdata
 *(.tdata .tdata.* .gnu.linkonce.td.*)

.tbss
 *(.tbss .tbss.* .gnu.linkonce.tb.*)
 *(.tcommon)
                0x00000004                PROVIDE (__preinit_array_start, ALIGN (0x4))

.preinit_array
 *(.preinit_array)
                0x00000004                PROVIDE (__preinit_array_end, .)
                0x00000004                PROVIDE (__init_array_start, .)

.init_array
 *(.init_array)
                0x00000004                PROVIDE (__init_array_end, .)
                0x00000004                PROVIDE (__fini_array_start, .)

.fini_array
 *(.fini_array)
                0x00000004                PROVIDE (__fini_array_end, .)

.ctors
 *crtbegin*.o(.ctors)
 *(EXCLUDE_FILE(*crtend*.o) .ctors)
 *(SORT(.ctors.*))
 *(.ctors)

.dtors
 *crtbegin*.o(.dtors)
 *(EXCLUDE_FILE(*crtend*.o) .dtors)
 *(SORT(.dtors.*))
 *(.dtors)

.jcr
 *(.jcr)

.data.rel.ro
 *(.data.rel.ro.local)
 *(.data.rel.ro*)

.dynamic
 *(.dynamic)

.got
 *(.got.plt)
 *(.got)

.data           0x00000004      0x50c load address 0x8000d570
 *(.data .data.* .gnu.linkonce.d.*)
 .data.flashcdw_wait_until_ready
                0x00000004        0x4 src/ASF/avr32/drivers/flashcdw/flashcdw.o
                0x00000004                flashcdw_wait_until_ready
 .data.sens_tx_buffer
                0x00000008        0x4 src/main.o
                0x00000008                sens_tx_buffer
 .data.impure_data
                0x0000000c       0xf0 c:/program files (x86)/atmel/atmel toolchain/avr32 gcc/native/3.4.2.1002/avr32-gnu-toolchain/bin/../lib/gcc/avr32/4.4.7/../../../../avr32/lib/ucr3\libc.a(lib_a-impure.o)
 .data._impure_ptr
                0x000000fc        0x4 c:/program files (x86)/atmel/atmel toolchain/avr32 gcc/native/3.4.2.1002/avr32-gnu-toolchain/bin/../lib/gcc/avr32/4.4.7/../../../../avr32/lib/ucr3\libc.a(lib_a-impure.o)
                0x000000fc                _impure_ptr
 .data.__malloc_av_
                0x00000100      0x408 c:/program files (x86)/atmel/atmel toolchain/avr32 gcc/native/3.4.2.1002/avr32-gnu-toolchain/bin/../lib/gcc/avr32/4.4.7/../../../../avr32/lib/ucr3\libc.a(lib_a-mallocr.o)
                0x00000100                __malloc_av_
 .data.__malloc_trim_threshold
                0x00000508        0x4 c:/program files (x86)/atmel/atmel toolchain/avr32 gcc/native/3.4.2.1002/avr32-gnu-toolchain/bin/../lib/gcc/avr32/4.4.7/../../../../avr32/lib/ucr3\libc.a(lib_a-mallocr.o)
                0x00000508                __malloc_trim_threshold
 .data.__malloc_sbrk_base
                0x0000050c        0x4 c:/program files (x86)/atmel/atmel toolchain/avr32 gcc/native/3.4.2.1002/avr32-gnu-toolchain/bin/../lib/gcc/avr32/4.4.7/../../../../avr32/lib/ucr3\libc.a(lib_a-mallocr.o)
                0x0000050c                __malloc_sbrk_base
 *(.gnu.linkonce.d.*personality*)

.data1
 *(.data1)

.balign         0x00000510        0x0 load address 0x8000da7c
                0x00000510                . = ALIGN (0x8)
                0x00000510                _edata = .
                0x00000510                _edata = .
                0x00000510                PROVIDE (edata, .)
                0x00000510                __bss_start = .

.bss            0x00000510      0x418 load address 0x8000da7c
 *(.dynbss)
 *(.bss .bss.* .gnu.linkonce.b.*)
 .bss.flashcdw_error_status
                0x00000510        0x4 src/ASF/avr32/drivers/flashcdw/flashcdw.o
 .bss._int_line_handler_table_0
                0x00000514        0x4 src/ASF/avr32/drivers/intc/intc.o
 .bss._int_line_handler_table_1
                0x00000518        0x8 src/ASF/avr32/drivers/intc/intc.o
 .bss._int_line_handler_table_2
                0x00000520        0x4 src/ASF/avr32/drivers/intc/intc.o
 .bss._int_line_handler_table_3
                0x00000524        0x4 src/ASF/avr32/drivers/intc/intc.o
 .bss._int_line_handler_table_4
                0x00000528       0x10 src/ASF/avr32/drivers/intc/intc.o
 .bss._int_line_handler_table_5
                0x00000538       0x10 src/ASF/avr32/drivers/intc/intc.o
 .bss._int_line_handler_table_6
                0x00000548       0x10 src/ASF/avr32/drivers/intc/intc.o
 .bss._int_line_handler_table_7
                0x00000558        0x4 src/ASF/avr32/drivers/intc/intc.o
 .bss._int_line_handler_table_8
                0x0000055c        0x4 src/ASF/avr32/drivers/intc/intc.o
 .bss._int_line_handler_table_9
                0x00000560        0x4 src/ASF/avr32/drivers/intc/intc.o
 .bss._int_line_handler_table_10
                0x00000564       0x10 src/ASF/avr32/drivers/intc/intc.o
 .bss._int_line_handler_table_11
                0x00000574       0x10 src/ASF/avr32/drivers/intc/intc.o
 .bss._int_line_handler_table_12
                0x00000584        0x4 src/ASF/avr32/drivers/intc/intc.o
 .bss._int_line_handler_table_13
                0x00000588        0x4 src/ASF/avr32/drivers/intc/intc.o
 .bss._int_line_handler_table_14
                0x0000058c       0x20 src/ASF/avr32/drivers/intc/intc.o
 .bss._int_line_handler_table_15
                0x000005ac        0x4 src/ASF/avr32/drivers/intc/intc.o
 .bss._int_line_handler_table_16
                0x000005b0        0x4 src/ASF/avr32/drivers/intc/intc.o
 .bss._int_line_handler_table_17
                0x000005b4        0x4 src/ASF/avr32/drivers/intc/intc.o
 .bss._int_line_handler_table_18
                0x000005b8        0x4 src/ASF/avr32/drivers/intc/intc.o
 .bss._int_line_handler_table_19
                0x000005bc        0x4 src/ASF/avr32/drivers/intc/intc.o
 .bss._int_line_handler_table_20
                0x000005c0        0x4 src/ASF/avr32/drivers/intc/intc.o
 .bss._int_line_handler_table_21
                0x000005c4        0x4 src/ASF/avr32/drivers/intc/intc.o
 .bss._int_line_handler_table_22
                0x000005c8        0x4 src/ASF/avr32/drivers/intc/intc.o
 .bss._int_line_handler_table_23
                0x000005cc        0x4 src/ASF/avr32/drivers/intc/intc.o
 .bss._int_line_handler_table_24
                0x000005d0        0x4 src/ASF/avr32/drivers/intc/intc.o
 .bss._int_line_handler_table_25
                0x000005d4        0xc src/ASF/avr32/drivers/intc/intc.o
 .bss._int_line_handler_table_26
                0x000005e0        0xc src/ASF/avr32/drivers/intc/intc.o
 .bss._int_line_handler_table_27
                0x000005ec        0x4 src/ASF/avr32/drivers/intc/intc.o
 .bss._int_line_handler_table_28
                0x000005f0        0x4 src/ASF/avr32/drivers/intc/intc.o
 .bss._int_line_handler_table_29
                0x000005f4        0x4 src/ASF/avr32/drivers/intc/intc.o
 .bss._int_line_handler_table_30
                0x000005f8        0x4 src/ASF/avr32/drivers/intc/intc.o
 .bss._int_line_handler_table_31
                0x000005fc        0x4 src/ASF/avr32/drivers/intc/intc.o
 .bss._int_line_handler_table_32
                0x00000600        0x4 src/ASF/avr32/drivers/intc/intc.o
 .bss._int_line_handler_table_33
                0x00000604        0x4 src/ASF/avr32/drivers/intc/intc.o
 .bss.usart_timeout_flag
                0x00000608        0x4 src/main.o
                0x00000608                usart_timeout_flag
 .bss.sens_rx_state
                0x0000060c        0x4 src/main.o
                0x0000060c                sens_rx_state
 .bss.tick_cnt  0x00000610        0x4 src/main.o
                0x00000610                tick_cnt
 .bss.last_cnt  0x00000614        0x4 src/main.o
                0x00000614                last_cnt
 .bss.__malloc_max_total_mem
                0x00000618        0x4 c:/program files (x86)/atmel/atmel toolchain/avr32 gcc/native/3.4.2.1002/avr32-gnu-toolchain/bin/../lib/gcc/avr32/4.4.7/../../../../avr32/lib/ucr3\libc.a(lib_a-mallocr.o)
                0x00000618                __malloc_max_total_mem
 .bss.__malloc_max_sbrked_mem
                0x0000061c        0x4 c:/program files (x86)/atmel/atmel toolchain/avr32 gcc/native/3.4.2.1002/avr32-gnu-toolchain/bin/../lib/gcc/avr32/4.4.7/../../../../avr32/lib/ucr3\libc.a(lib_a-mallocr.o)
                0x0000061c                __malloc_max_sbrked_mem
 .bss.__malloc_top_pad
                0x00000620        0x4 c:/program files (x86)/atmel/atmel toolchain/avr32 gcc/native/3.4.2.1002/avr32-gnu-toolchain/bin/../lib/gcc/avr32/4.4.7/../../../../avr32/lib/ucr3\libc.a(lib_a-mallocr.o)
                0x00000620                __malloc_top_pad
 .bss.__malloc_current_mallinfo
                0x00000624       0x28 c:/program files (x86)/atmel/atmel toolchain/avr32 gcc/native/3.4.2.1002/avr32-gnu-toolchain/bin/../lib/gcc/avr32/4.4.7/../../../../avr32/lib/ucr3\libc.a(lib_a-mallocr.o)
                0x00000624                __malloc_current_mallinfo
 .bss.cur_heap_pos.1869
                0x0000064c        0x4 c:/program files (x86)/atmel/atmel toolchain/avr32 gcc/native/3.4.2.1002/avr32-gnu-toolchain/bin/../lib/gcc/avr32/4.4.7/../../../../avr32/lib/ucr3\libc.a(lib_a-syscalls.o)
 *(COMMON)
 COMMON         0x00000650      0x2d2 src/main.o
                0x00000650                bmp180_cal_data
                0x00000668                gps_data
                0x000006ac                other_bmp180_cal_data
                0x000006c4                usart_rx_buffer
                0x0000091c                sens_rx_buffer
 *fill*         0x00000922        0x2 
 COMMON         0x00000924        0x4 c:/program files (x86)/atmel/atmel toolchain/avr32 gcc/native/3.4.2.1002/avr32-gnu-toolchain/bin/../lib/gcc/avr32/4.4.7/../../../../avr32/lib/ucr3\libc.a(lib_a-reent.o)
                0x00000924                errno
                0x00000928                . = ALIGN (0x8)
                0x00000928                . = ALIGN (0x8)
                0x00000928                _end = .
                0x00000928                PROVIDE (end, .)
                0x00000928                __heap_start__ = ALIGN (0x8)
                0x00007000                . = ((ORIGIN (CPUSRAM) + 0x7ffc) - _stack_size)
                0x00007000                __heap_end__ = .

.stab
 *(.stab)

.stabstr
 *(.stabstr)

.stab.excl
 *(.stab.excl)

.stab.exclstr
 *(.stab.exclstr)

.stab.index
 *(.stab.index)

.stab.indexstr
 *(.stab.indexstr)

.comment        0x00000000       0x30
 *(.comment)
 .comment       0x00000000       0x30 src/ASF/avr32/drivers/flashcdw/flashcdw.o
                                 0x31 (size before relaxing)
 .comment       0x00000000       0x31 src/ASF/avr32/drivers/gpio/gpio.o
 .comment       0x00000000       0x31 src/ASF/avr32/drivers/intc/intc.o
 .comment       0x00000000       0x31 src/ASF/avr32/drivers/pdca/pdca.o
 .comment       0x00000000       0x31 src/ASF/avr32/drivers/pm/pm_uc3l.o
 .comment       0x00000000       0x31 src/ASF/avr32/drivers/pm/power_clocks_lib.o
 .comment       0x00000000       0x31 src/ASF/avr32/drivers/pwma/pwma.o
 .comment       0x00000000       0x31 src/ASF/avr32/drivers/scif/scif_uc3l.o
 .comment       0x00000000       0x31 src/ASF/avr32/drivers/tc/tc.o
 .comment       0x00000000       0x31 src/ASF/avr32/drivers/twim/twim.o
 .comment       0x00000000       0x31 src/ASF/avr32/drivers/usart/usart.o
 .comment       0x00000000       0x31 src/ASF/common/services/clock/uc3l/osc.o
 .comment       0x00000000       0x31 src/ASF/common/services/clock/uc3l/pll.o
 .comment       0x00000000       0x31 src/gps/uc530.o
 .comment       0x00000000       0x31 src/lcd/st7529.o
 .comment       0x00000000       0x31 src/main.o
 .comment       0x00000000       0x31 src/ASF/common/boards/user_board/init.o
 .comment       0x00000000       0x31 c:/program files (x86)/atmel/atmel toolchain/avr32 gcc/native/3.4.2.1002/avr32-gnu-toolchain/bin/../lib/gcc/avr32/4.4.7/ucr3\libgcc.a(_udivdi3.o)
 .comment       0x00000000       0x31 c:/program files (x86)/atmel/atmel toolchain/avr32 gcc/native/3.4.2.1002/avr32-gnu-toolchain/bin/../lib/gcc/avr32/4.4.7/../../../../avr32/lib/ucr3\libc.a(lib_a-sprintf.o)
 .comment       0x00000000       0x31 c:/program files (x86)/atmel/atmel toolchain/avr32 gcc/native/3.4.2.1002/avr32-gnu-toolchain/bin/../lib/gcc/avr32/4.4.7/../../../../avr32/lib/ucr3\libc.a(lib_a-vfprintf.o)
 .comment       0x00000000       0x31 c:/program files (x86)/atmel/atmel toolchain/avr32 gcc/native/3.4.2.1002/avr32-gnu-toolchain/bin/../lib/gcc/avr32/4.4.7/../../../../avr32/lib/ucr3\libc.a(lib_a-wsetup.o)
 .comment       0x00000000       0x31 c:/program files (x86)/atmel/atmel toolchain/avr32 gcc/native/3.4.2.1002/avr32-gnu-toolchain/bin/../lib/gcc/avr32/4.4.7/../../../../avr32/lib/ucr3\libc.a(lib_a-dtoa.o)
 .comment       0x00000000       0x31 c:/program files (x86)/atmel/atmel toolchain/avr32 gcc/native/3.4.2.1002/avr32-gnu-toolchain/bin/../lib/gcc/avr32/4.4.7/../../../../avr32/lib/ucr3\libc.a(lib_a-fflush.o)
 .comment       0x00000000       0x31 c:/program files (x86)/atmel/atmel toolchain/avr32 gcc/native/3.4.2.1002/avr32-gnu-toolchain/bin/../lib/gcc/avr32/4.4.7/../../../../avr32/lib/ucr3\libc.a(lib_a-findfp.o)
 .comment       0x00000000       0x31 c:/program files (x86)/atmel/atmel toolchain/avr32 gcc/native/3.4.2.1002/avr32-gnu-toolchain/bin/../lib/gcc/avr32/4.4.7/../../../../avr32/lib/ucr3\libc.a(lib_a-freer.o)
 .comment       0x00000000       0x31 c:/program files (x86)/atmel/atmel toolchain/avr32 gcc/native/3.4.2.1002/avr32-gnu-toolchain/bin/../lib/gcc/avr32/4.4.7/../../../../avr32/lib/ucr3\libc.a(lib_a-fvwrite.o)
 .comment       0x00000000       0x31 c:/program files (x86)/atmel/atmel toolchain/avr32 gcc/native/3.4.2.1002/avr32-gnu-toolchain/bin/../lib/gcc/avr32/4.4.7/../../../../avr32/lib/ucr3\libc.a(lib_a-fwalk.o)
 .comment       0x00000000       0x31 c:/program files (x86)/atmel/atmel toolchain/avr32 gcc/native/3.4.2.1002/avr32-gnu-toolchain/bin/../lib/gcc/avr32/4.4.7/../../../../avr32/lib/ucr3\libc.a(lib_a-impure.o)
 .comment       0x00000000       0x31 c:/program files (x86)/atmel/atmel toolchain/avr32 gcc/native/3.4.2.1002/avr32-gnu-toolchain/bin/../lib/gcc/avr32/4.4.7/../../../../avr32/lib/ucr3\libc.a(lib_a-locale.o)
 .comment       0x00000000       0x31 c:/program files (x86)/atmel/atmel toolchain/avr32 gcc/native/3.4.2.1002/avr32-gnu-toolchain/bin/../lib/gcc/avr32/4.4.7/../../../../avr32/lib/ucr3\libc.a(lib_a-makebuf.o)
 .comment       0x00000000       0x31 c:/program files (x86)/atmel/atmel toolchain/avr32 gcc/native/3.4.2.1002/avr32-gnu-toolchain/bin/../lib/gcc/avr32/4.4.7/../../../../avr32/lib/ucr3\libc.a(lib_a-malloc.o)
 .comment       0x00000000       0x31 c:/program files (x86)/atmel/atmel toolchain/avr32 gcc/native/3.4.2.1002/avr32-gnu-toolchain/bin/../lib/gcc/avr32/4.4.7/../../../../avr32/lib/ucr3\libc.a(lib_a-mallocr.o)
 .comment       0x00000000       0x31 c:/program files (x86)/atmel/atmel toolchain/avr32 gcc/native/3.4.2.1002/avr32-gnu-toolchain/bin/../lib/gcc/avr32/4.4.7/../../../../avr32/lib/ucr3\libc.a(lib_a-memchr.o)
 .comment       0x00000000       0x31 c:/program files (x86)/atmel/atmel toolchain/avr32 gcc/native/3.4.2.1002/avr32-gnu-toolchain/bin/../lib/gcc/avr32/4.4.7/../../../../avr32/lib/ucr3\libc.a(lib_a-memmove.o)
 .comment       0x00000000       0x31 c:/program files (x86)/atmel/atmel toolchain/avr32 gcc/native/3.4.2.1002/avr32-gnu-toolchain/bin/../lib/gcc/avr32/4.4.7/../../../../avr32/lib/ucr3\libc.a(lib_a-memset.o)
 .comment       0x00000000       0x31 c:/program files (x86)/atmel/atmel toolchain/avr32 gcc/native/3.4.2.1002/avr32-gnu-toolchain/bin/../lib/gcc/avr32/4.4.7/../../../../avr32/lib/ucr3\libc.a(lib_a-mlock.o)
 .comment       0x00000000       0x31 c:/program files (x86)/atmel/atmel toolchain/avr32 gcc/native/3.4.2.1002/avr32-gnu-toolchain/bin/../lib/gcc/avr32/4.4.7/../../../../avr32/lib/ucr3\libc.a(lib_a-mprec.o)
 .comment       0x00000000       0x31 c:/program files (x86)/atmel/atmel toolchain/avr32 gcc/native/3.4.2.1002/avr32-gnu-toolchain/bin/../lib/gcc/avr32/4.4.7/../../../../avr32/lib/ucr3\libc.a(lib_a-reallocr.o)
 .comment       0x00000000       0x31 c:/program files (x86)/atmel/atmel toolchain/avr32 gcc/native/3.4.2.1002/avr32-gnu-toolchain/bin/../lib/gcc/avr32/4.4.7/../../../../avr32/lib/ucr3\libc.a(lib_a-s_isinfd.o)
 .comment       0x00000000       0x31 c:/program files (x86)/atmel/atmel toolchain/avr32 gcc/native/3.4.2.1002/avr32-gnu-toolchain/bin/../lib/gcc/avr32/4.4.7/../../../../avr32/lib/ucr3\libc.a(lib_a-s_isnand.o)
 .comment       0x00000000       0x31 c:/program files (x86)/atmel/atmel toolchain/avr32 gcc/native/3.4.2.1002/avr32-gnu-toolchain/bin/../lib/gcc/avr32/4.4.7/../../../../avr32/lib/ucr3\libc.a(lib_a-sbrkr.o)
 .comment       0x00000000       0x31 c:/program files (x86)/atmel/atmel toolchain/avr32 gcc/native/3.4.2.1002/avr32-gnu-toolchain/bin/../lib/gcc/avr32/4.4.7/../../../../avr32/lib/ucr3\libc.a(lib_a-stdio.o)
 .comment       0x00000000       0x31 c:/program files (x86)/atmel/atmel toolchain/avr32 gcc/native/3.4.2.1002/avr32-gnu-toolchain/bin/../lib/gcc/avr32/4.4.7/../../../../avr32/lib/ucr3\libc.a(lib_a-strlen.o)
 .comment       0x00000000       0x31 c:/program files (x86)/atmel/atmel toolchain/avr32 gcc/native/3.4.2.1002/avr32-gnu-toolchain/bin/../lib/gcc/avr32/4.4.7/../../../../avr32/lib/ucr3\libc.a(lib_a-syscalls.o)
 .comment       0x00000000       0x31 c:/program files (x86)/atmel/atmel toolchain/avr32 gcc/native/3.4.2.1002/avr32-gnu-toolchain/bin/../lib/gcc/avr32/4.4.7/../../../../avr32/lib/ucr3\libc.a(lib_a-writer.o)
 .comment       0x00000000       0x31 c:/program files (x86)/atmel/atmel toolchain/avr32 gcc/native/3.4.2.1002/avr32-gnu-toolchain/bin/../lib/gcc/avr32/4.4.7/../../../../avr32/lib/ucr3\libc.a(lib_a-callocr.o)
 .comment       0x00000000       0x31 c:/program files (x86)/atmel/atmel toolchain/avr32 gcc/native/3.4.2.1002/avr32-gnu-toolchain/bin/../lib/gcc/avr32/4.4.7/../../../../avr32/lib/ucr3\libc.a(lib_a-closer.o)
 .comment       0x00000000       0x31 c:/program files (x86)/atmel/atmel toolchain/avr32 gcc/native/3.4.2.1002/avr32-gnu-toolchain/bin/../lib/gcc/avr32/4.4.7/../../../../avr32/lib/ucr3\libc.a(lib_a-errno.o)
 .comment       0x00000000       0x31 c:/program files (x86)/atmel/atmel toolchain/avr32 gcc/native/3.4.2.1002/avr32-gnu-toolchain/bin/../lib/gcc/avr32/4.4.7/../../../../avr32/lib/ucr3\libc.a(lib_a-fclose.o)
 .comment       0x00000000       0x31 c:/program files (x86)/atmel/atmel toolchain/avr32 gcc/native/3.4.2.1002/avr32-gnu-toolchain/bin/../lib/gcc/avr32/4.4.7/../../../../avr32/lib/ucr3\libc.a(lib_a-fstatr.o)
 .comment       0x00000000       0x31 c:/program files (x86)/atmel/atmel toolchain/avr32 gcc/native/3.4.2.1002/avr32-gnu-toolchain/bin/../lib/gcc/avr32/4.4.7/../../../../avr32/lib/ucr3\libc.a(lib_a-lseekr.o)
 .comment       0x00000000       0x31 c:/program files (x86)/atmel/atmel toolchain/avr32 gcc/native/3.4.2.1002/avr32-gnu-toolchain/bin/../lib/gcc/avr32/4.4.7/../../../../avr32/lib/ucr3\libc.a(lib_a-readr.o)
 .comment       0x00000000       0x31 c:/program files (x86)/atmel/atmel toolchain/avr32 gcc/native/3.4.2.1002/avr32-gnu-toolchain/bin/../lib/gcc/avr32/4.4.7/../../../../avr32/lib/ucr3\libc.a(lib_a-reent.o)
 .comment       0x00000000       0x31 c:/program files (x86)/atmel/atmel toolchain/avr32 gcc/native/3.4.2.1002/avr32-gnu-toolchain/bin/../lib/gcc/avr32/4.4.7/ucr3\libgcc.a(_umoddi3.o)

.debug
 *(.debug)

.line
 *(.line)

.debug_srcinfo
 *(.debug_srcinfo)

.debug_sfnames
 *(.debug_sfnames)

.debug_aranges  0x00000000     0x12a0
 *(.debug_aranges)
 .debug_aranges
                0x00000000      0x260 src/ASF/avr32/drivers/flashcdw/flashcdw.o
 .debug_aranges
                0x00000260      0x110 src/ASF/avr32/drivers/gpio/gpio.o
 .debug_aranges
                0x00000370       0x20 src/ASF/avr32/drivers/intc/exception.o
 .debug_aranges
                0x00000390       0x40 src/ASF/avr32/drivers/intc/intc.o
 .debug_aranges
                0x000003d0       0xd0 src/ASF/avr32/drivers/pdca/pdca.o
 .debug_aranges
                0x000004a0       0x68 src/ASF/avr32/drivers/pm/pm_uc3l.o
 .debug_aranges
                0x00000508       0x60 src/ASF/avr32/drivers/pm/power_clocks_lib.o
 .debug_aranges
                0x00000568       0x60 src/ASF/avr32/drivers/pwma/pwma.o
 .debug_aranges
                0x000005c8      0x108 src/ASF/avr32/drivers/scif/scif_uc3l.o
 .debug_aranges
                0x000006d0       0xb0 src/ASF/avr32/drivers/tc/tc.o
 .debug_aranges
                0x00000780       0x88 src/ASF/avr32/drivers/twim/twim.o
 .debug_aranges
                0x00000808      0x108 src/ASF/avr32/drivers/usart/usart.o
 .debug_aranges
                0x00000910       0x28 src/ASF/avr32/utils/startup/startup_uc3.o
 .debug_aranges
                0x00000938       0x20 src/ASF/avr32/utils/startup/trampoline_uc3.o
 .debug_aranges
                0x00000958       0x60 src/ASF/common/services/clock/uc3l/osc.o
 .debug_aranges
                0x000009b8       0x48 src/ASF/common/services/clock/uc3l/pll.o
 .debug_aranges
                0x00000a00       0x38 src/gps/uc530.o
 .debug_aranges
                0x00000a38       0x48 src/lcd/st7529.o
 .debug_aranges
                0x00000a80      0x118 src/main.o
 .debug_aranges
                0x00000b98       0x20 src/ASF/common/boards/user_board/init.o
 .debug_aranges
                0x00000bb8       0x20 c:/program files (x86)/atmel/atmel toolchain/avr32 gcc/native/3.4.2.1002/avr32-gnu-toolchain/bin/../lib/gcc/avr32/4.4.7/ucr3\libgcc.a(_udivdi3.o)
 .debug_aranges
                0x00000bd8       0x28 c:/program files (x86)/atmel/atmel toolchain/avr32 gcc/native/3.4.2.1002/avr32-gnu-toolchain/bin/../lib/gcc/avr32/4.4.7/../../../../avr32/lib/ucr3\libc.a(lib_a-sprintf.o)
 .debug_aranges
                0x00000c00       0x38 c:/program files (x86)/atmel/atmel toolchain/avr32 gcc/native/3.4.2.1002/avr32-gnu-toolchain/bin/../lib/gcc/avr32/4.4.7/../../../../avr32/lib/ucr3\libc.a(lib_a-vfprintf.o)
 .debug_aranges
                0x00000c38       0x20 c:/program files (x86)/atmel/atmel toolchain/avr32 gcc/native/3.4.2.1002/avr32-gnu-toolchain/bin/../lib/gcc/avr32/4.4.7/../../../../avr32/lib/ucr3\libc.a(lib_a-wsetup.o)
 .debug_aranges
                0x00000c58       0x28 c:/program files (x86)/atmel/atmel toolchain/avr32 gcc/native/3.4.2.1002/avr32-gnu-toolchain/bin/../lib/gcc/avr32/4.4.7/../../../../avr32/lib/ucr3\libc.a(lib_a-dtoa.o)
 .debug_aranges
                0x00000c80       0x28 c:/program files (x86)/atmel/atmel toolchain/avr32 gcc/native/3.4.2.1002/avr32-gnu-toolchain/bin/../lib/gcc/avr32/4.4.7/../../../../avr32/lib/ucr3\libc.a(lib_a-fflush.o)
 .debug_aranges
                0x00000ca8       0x80 c:/program files (x86)/atmel/atmel toolchain/avr32 gcc/native/3.4.2.1002/avr32-gnu-toolchain/bin/../lib/gcc/avr32/4.4.7/../../../../avr32/lib/ucr3\libc.a(lib_a-findfp.o)
 .debug_aranges
                0x00000d28       0x28 c:/program files (x86)/atmel/atmel toolchain/avr32 gcc/native/3.4.2.1002/avr32-gnu-toolchain/bin/../lib/gcc/avr32/4.4.7/../../../../avr32/lib/ucr3\libc.a(lib_a-freer.o)
 .debug_aranges
                0x00000d50       0x20 c:/program files (x86)/atmel/atmel toolchain/avr32 gcc/native/3.4.2.1002/avr32-gnu-toolchain/bin/../lib/gcc/avr32/4.4.7/../../../../avr32/lib/ucr3\libc.a(lib_a-fvwrite.o)
 .debug_aranges
                0x00000d70       0x28 c:/program files (x86)/atmel/atmel toolchain/avr32 gcc/native/3.4.2.1002/avr32-gnu-toolchain/bin/../lib/gcc/avr32/4.4.7/../../../../avr32/lib/ucr3\libc.a(lib_a-fwalk.o)
 .debug_aranges
                0x00000d98       0x40 c:/program files (x86)/atmel/atmel toolchain/avr32 gcc/native/3.4.2.1002/avr32-gnu-toolchain/bin/../lib/gcc/avr32/4.4.7/../../../../avr32/lib/ucr3\libc.a(lib_a-locale.o)
 .debug_aranges
                0x00000dd8       0x20 c:/program files (x86)/atmel/atmel toolchain/avr32 gcc/native/3.4.2.1002/avr32-gnu-toolchain/bin/../lib/gcc/avr32/4.4.7/../../../../avr32/lib/ucr3\libc.a(lib_a-makebuf.o)
 .debug_aranges
                0x00000df8       0x28 c:/program files (x86)/atmel/atmel toolchain/avr32 gcc/native/3.4.2.1002/avr32-gnu-toolchain/bin/../lib/gcc/avr32/4.4.7/../../../../avr32/lib/ucr3\libc.a(lib_a-malloc.o)
 .debug_aranges
                0x00000e20       0x20 c:/program files (x86)/atmel/atmel toolchain/avr32 gcc/native/3.4.2.1002/avr32-gnu-toolchain/bin/../lib/gcc/avr32/4.4.7/../../../../avr32/lib/ucr3\libc.a(lib_a-mallocr.o)
 .debug_aranges
                0x00000e40       0x20 c:/program files (x86)/atmel/atmel toolchain/avr32 gcc/native/3.4.2.1002/avr32-gnu-toolchain/bin/../lib/gcc/avr32/4.4.7/../../../../avr32/lib/ucr3\libc.a(lib_a-memchr.o)
 .debug_aranges
                0x00000e60       0x20 c:/program files (x86)/atmel/atmel toolchain/avr32 gcc/native/3.4.2.1002/avr32-gnu-toolchain/bin/../lib/gcc/avr32/4.4.7/../../../../avr32/lib/ucr3\libc.a(lib_a-memmove.o)
 .debug_aranges
                0x00000e80       0x20 c:/program files (x86)/atmel/atmel toolchain/avr32 gcc/native/3.4.2.1002/avr32-gnu-toolchain/bin/../lib/gcc/avr32/4.4.7/../../../../avr32/lib/ucr3\libc.a(lib_a-memset.o)
 .debug_aranges
                0x00000ea0       0x28 c:/program files (x86)/atmel/atmel toolchain/avr32 gcc/native/3.4.2.1002/avr32-gnu-toolchain/bin/../lib/gcc/avr32/4.4.7/../../../../avr32/lib/ucr3\libc.a(lib_a-mlock.o)
 .debug_aranges
                0x00000ec8       0xb0 c:/program files (x86)/atmel/atmel toolchain/avr32 gcc/native/3.4.2.1002/avr32-gnu-toolchain/bin/../lib/gcc/avr32/4.4.7/../../../../avr32/lib/ucr3\libc.a(lib_a-mprec.o)
 .debug_aranges
                0x00000f78       0x20 c:/program files (x86)/atmel/atmel toolchain/avr32 gcc/native/3.4.2.1002/avr32-gnu-toolchain/bin/../lib/gcc/avr32/4.4.7/../../../../avr32/lib/ucr3\libc.a(lib_a-reallocr.o)
 .debug_aranges
                0x00000f98       0x20 c:/program files (x86)/atmel/atmel toolchain/avr32 gcc/native/3.4.2.1002/avr32-gnu-toolchain/bin/../lib/gcc/avr32/4.4.7/../../../../avr32/lib/ucr3\libc.a(lib_a-s_isinfd.o)
 .debug_aranges
                0x00000fb8       0x20 c:/program files (x86)/atmel/atmel toolchain/avr32 gcc/native/3.4.2.1002/avr32-gnu-toolchain/bin/../lib/gcc/avr32/4.4.7/../../../../avr32/lib/ucr3\libc.a(lib_a-s_isnand.o)
 .debug_aranges
                0x00000fd8       0x20 c:/program files (x86)/atmel/atmel toolchain/avr32 gcc/native/3.4.2.1002/avr32-gnu-toolchain/bin/../lib/gcc/avr32/4.4.7/../../../../avr32/lib/ucr3\libc.a(lib_a-sbrkr.o)
 .debug_aranges
                0x00000ff8       0x38 c:/program files (x86)/atmel/atmel toolchain/avr32 gcc/native/3.4.2.1002/avr32-gnu-toolchain/bin/../lib/gcc/avr32/4.4.7/../../../../avr32/lib/ucr3\libc.a(lib_a-stdio.o)
 .debug_aranges
                0x00001030       0x20 c:/program files (x86)/atmel/atmel toolchain/avr32 gcc/native/3.4.2.1002/avr32-gnu-toolchain/bin/../lib/gcc/avr32/4.4.7/../../../../avr32/lib/ucr3\libc.a(lib_a-strlen.o)
 .debug_aranges
                0x00001050       0xf8 c:/program files (x86)/atmel/atmel toolchain/avr32 gcc/native/3.4.2.1002/avr32-gnu-toolchain/bin/../lib/gcc/avr32/4.4.7/../../../../avr32/lib/ucr3\libc.a(lib_a-syscalls.o)
 .debug_aranges
                0x00001148       0x20 c:/program files (x86)/atmel/atmel toolchain/avr32 gcc/native/3.4.2.1002/avr32-gnu-toolchain/bin/../lib/gcc/avr32/4.4.7/../../../../avr32/lib/ucr3\libc.a(lib_a-writer.o)
 .debug_aranges
                0x00001168       0x20 c:/program files (x86)/atmel/atmel toolchain/avr32 gcc/native/3.4.2.1002/avr32-gnu-toolchain/bin/../lib/gcc/avr32/4.4.7/../../../../avr32/lib/ucr3\libc.a(lib_a-callocr.o)
 .debug_aranges
                0x00001188       0x20 c:/program files (x86)/atmel/atmel toolchain/avr32 gcc/native/3.4.2.1002/avr32-gnu-toolchain/bin/../lib/gcc/avr32/4.4.7/../../../../avr32/lib/ucr3\libc.a(lib_a-closer.o)
 .debug_aranges
                0x000011a8       0x20 c:/program files (x86)/atmel/atmel toolchain/avr32 gcc/native/3.4.2.1002/avr32-gnu-toolchain/bin/../lib/gcc/avr32/4.4.7/../../../../avr32/lib/ucr3\libc.a(lib_a-errno.o)
 .debug_aranges
                0x000011c8       0x28 c:/program files (x86)/atmel/atmel toolchain/avr32 gcc/native/3.4.2.1002/avr32-gnu-toolchain/bin/../lib/gcc/avr32/4.4.7/../../../../avr32/lib/ucr3\libc.a(lib_a-fclose.o)
 .debug_aranges
                0x000011f0       0x20 c:/program files (x86)/atmel/atmel toolchain/avr32 gcc/native/3.4.2.1002/avr32-gnu-toolchain/bin/../lib/gcc/avr32/4.4.7/../../../../avr32/lib/ucr3\libc.a(lib_a-fstatr.o)
 .debug_aranges
                0x00001210       0x20 c:/program files (x86)/atmel/atmel toolchain/avr32 gcc/native/3.4.2.1002/avr32-gnu-toolchain/bin/../lib/gcc/avr32/4.4.7/../../../../avr32/lib/ucr3\libc.a(lib_a-lseekr.o)
 .debug_aranges
                0x00001230       0x20 c:/program files (x86)/atmel/atmel toolchain/avr32 gcc/native/3.4.2.1002/avr32-gnu-toolchain/bin/../lib/gcc/avr32/4.4.7/../../../../avr32/lib/ucr3\libc.a(lib_a-readr.o)
 .debug_aranges
                0x00001250       0x30 c:/program files (x86)/atmel/atmel toolchain/avr32 gcc/native/3.4.2.1002/avr32-gnu-toolchain/bin/../lib/gcc/avr32/4.4.7/../../../../avr32/lib/ucr3\libc.a(lib_a-reent.o)
 .debug_aranges
                0x00001280       0x20 c:/program files (x86)/atmel/atmel toolchain/avr32 gcc/native/3.4.2.1002/avr32-gnu-toolchain/bin/../lib/gcc/avr32/4.4.7/ucr3\libgcc.a(_umoddi3.o)

.debug_pubnames
                0x00000000     0x2720
 *(.debug_pubnames)
 .debug_pubnames
                0x00000000      0x950 src/ASF/avr32/drivers/flashcdw/flashcdw.o
 .debug_pubnames
                0x00000950      0x359 src/ASF/avr32/drivers/gpio/gpio.o
 .debug_pubnames
                0x00000ca9       0x62 src/ASF/avr32/drivers/intc/intc.o
 .debug_pubnames
                0x00000d0b      0x275 src/ASF/avr32/drivers/pdca/pdca.o
 .debug_pubnames
                0x00000f80       0xd8 src/ASF/avr32/drivers/pm/pm_uc3l.o
 .debug_pubnames
                0x00001058       0xd9 src/ASF/avr32/drivers/pm/power_clocks_lib.o
 .debug_pubnames
                0x00001131       0xf5 src/ASF/avr32/drivers/pwma/pwma.o
 .debug_pubnames
                0x00001226      0x2eb src/ASF/avr32/drivers/scif/scif_uc3l.o
 .debug_pubnames
                0x00001511      0x164 src/ASF/avr32/drivers/tc/tc.o
 .debug_pubnames
                0x00001675       0xd6 src/ASF/avr32/drivers/twim/twim.o
 .debug_pubnames
                0x0000174b      0x227 src/ASF/avr32/drivers/usart/usart.o
 .debug_pubnames
                0x00001972       0xb3 src/ASF/common/services/clock/uc3l/osc.o
 .debug_pubnames
                0x00001a25       0x46 src/ASF/common/services/clock/uc3l/pll.o
 .debug_pubnames
                0x00001a6b       0x2a src/gps/uc530.o
 .debug_pubnames
                0x00001a95       0x65 src/lcd/st7529.o
 .debug_pubnames
                0x00001afa      0x1e2 src/main.o
 .debug_pubnames
                0x00001cdc       0x21 src/ASF/common/boards/user_board/init.o
 .debug_pubnames
                0x00001cfd       0x20 c:/program files (x86)/atmel/atmel toolchain/avr32 gcc/native/3.4.2.1002/avr32-gnu-toolchain/bin/../lib/gcc/avr32/4.4.7/ucr3\libgcc.a(_udivdi3.o)
 .debug_pubnames
                0x00001d1d       0x2d c:/program files (x86)/atmel/atmel toolchain/avr32 gcc/native/3.4.2.1002/avr32-gnu-toolchain/bin/../lib/gcc/avr32/4.4.7/../../../../avr32/lib/ucr3\libc.a(lib_a-sprintf.o)
 .debug_pubnames
                0x00001d4a       0x2f c:/program files (x86)/atmel/atmel toolchain/avr32 gcc/native/3.4.2.1002/avr32-gnu-toolchain/bin/../lib/gcc/avr32/4.4.7/../../../../avr32/lib/ucr3\libc.a(lib_a-vfprintf.o)
 .debug_pubnames
                0x00001d79       0x22 c:/program files (x86)/atmel/atmel toolchain/avr32 gcc/native/3.4.2.1002/avr32-gnu-toolchain/bin/../lib/gcc/avr32/4.4.7/../../../../avr32/lib/ucr3\libc.a(lib_a-wsetup.o)
 .debug_pubnames
                0x00001d9b       0x1e c:/program files (x86)/atmel/atmel toolchain/avr32 gcc/native/3.4.2.1002/avr32-gnu-toolchain/bin/../lib/gcc/avr32/4.4.7/../../../../avr32/lib/ucr3\libc.a(lib_a-dtoa.o)
 .debug_pubnames
                0x00001db9       0x2b c:/program files (x86)/atmel/atmel toolchain/avr32 gcc/native/3.4.2.1002/avr32-gnu-toolchain/bin/../lib/gcc/avr32/4.4.7/../../../../avr32/lib/ucr3\libc.a(lib_a-fflush.o)
 .debug_pubnames
                0x00001de4      0x119 c:/program files (x86)/atmel/atmel toolchain/avr32 gcc/native/3.4.2.1002/avr32-gnu-toolchain/bin/../lib/gcc/avr32/4.4.7/../../../../avr32/lib/ucr3\libc.a(lib_a-findfp.o)
 .debug_pubnames
                0x00001efd       0x31 c:/program files (x86)/atmel/atmel toolchain/avr32 gcc/native/3.4.2.1002/avr32-gnu-toolchain/bin/../lib/gcc/avr32/4.4.7/../../../../avr32/lib/ucr3\libc.a(lib_a-freer.o)
 .debug_pubnames
                0x00001f2e       0x23 c:/program files (x86)/atmel/atmel toolchain/avr32 gcc/native/3.4.2.1002/avr32-gnu-toolchain/bin/../lib/gcc/avr32/4.4.7/../../../../avr32/lib/ucr3\libc.a(lib_a-fvwrite.o)
 .debug_pubnames
                0x00001f51       0x2e c:/program files (x86)/atmel/atmel toolchain/avr32 gcc/native/3.4.2.1002/avr32-gnu-toolchain/bin/../lib/gcc/avr32/4.4.7/../../../../avr32/lib/ucr3\libc.a(lib_a-fwalk.o)
 .debug_pubnames
                0x00001f7f       0x39 c:/program files (x86)/atmel/atmel toolchain/avr32 gcc/native/3.4.2.1002/avr32-gnu-toolchain/bin/../lib/gcc/avr32/4.4.7/../../../../avr32/lib/ucr3\libc.a(lib_a-impure.o)
 .debug_pubnames
                0x00001fb8       0xc3 c:/program files (x86)/atmel/atmel toolchain/avr32 gcc/native/3.4.2.1002/avr32-gnu-toolchain/bin/../lib/gcc/avr32/4.4.7/../../../../avr32/lib/ucr3\libc.a(lib_a-locale.o)
 .debug_pubnames
                0x0000207b       0x23 c:/program files (x86)/atmel/atmel toolchain/avr32 gcc/native/3.4.2.1002/avr32-gnu-toolchain/bin/../lib/gcc/avr32/4.4.7/../../../../avr32/lib/ucr3\libc.a(lib_a-makebuf.o)
 .debug_pubnames
                0x0000209e       0x26 c:/program files (x86)/atmel/atmel toolchain/avr32 gcc/native/3.4.2.1002/avr32-gnu-toolchain/bin/../lib/gcc/avr32/4.4.7/../../../../avr32/lib/ucr3\libc.a(lib_a-malloc.o)
 .debug_pubnames
                0x000020c4       0xce c:/program files (x86)/atmel/atmel toolchain/avr32 gcc/native/3.4.2.1002/avr32-gnu-toolchain/bin/../lib/gcc/avr32/4.4.7/../../../../avr32/lib/ucr3\libc.a(lib_a-mallocr.o)
 .debug_pubnames
                0x00002192       0x1d c:/program files (x86)/atmel/atmel toolchain/avr32 gcc/native/3.4.2.1002/avr32-gnu-toolchain/bin/../lib/gcc/avr32/4.4.7/../../../../avr32/lib/ucr3\libc.a(lib_a-memchr.o)
 .debug_pubnames
                0x000021af       0x1e c:/program files (x86)/atmel/atmel toolchain/avr32 gcc/native/3.4.2.1002/avr32-gnu-toolchain/bin/../lib/gcc/avr32/4.4.7/../../../../avr32/lib/ucr3\libc.a(lib_a-memmove.o)
 .debug_pubnames
                0x000021cd       0x1d c:/program files (x86)/atmel/atmel toolchain/avr32 gcc/native/3.4.2.1002/avr32-gnu-toolchain/bin/../lib/gcc/avr32/4.4.7/../../../../avr32/lib/ucr3\libc.a(lib_a-memset.o)
 .debug_pubnames
                0x000021ea       0x38 c:/program files (x86)/atmel/atmel toolchain/avr32 gcc/native/3.4.2.1002/avr32-gnu-toolchain/bin/../lib/gcc/avr32/4.4.7/../../../../avr32/lib/ucr3\libc.a(lib_a-mlock.o)
 .debug_pubnames
                0x00002222      0x13a c:/program files (x86)/atmel/atmel toolchain/avr32 gcc/native/3.4.2.1002/avr32-gnu-toolchain/bin/../lib/gcc/avr32/4.4.7/../../../../avr32/lib/ucr3\libc.a(lib_a-mprec.o)
 .debug_pubnames
                0x0000235c       0x21 c:/program files (x86)/atmel/atmel toolchain/avr32 gcc/native/3.4.2.1002/avr32-gnu-toolchain/bin/../lib/gcc/avr32/4.4.7/../../../../avr32/lib/ucr3\libc.a(lib_a-reallocr.o)
 .debug_pubnames
                0x0000237d       0x1f c:/program files (x86)/atmel/atmel toolchain/avr32 gcc/native/3.4.2.1002/avr32-gnu-toolchain/bin/../lib/gcc/avr32/4.4.7/../../../../avr32/lib/ucr3\libc.a(lib_a-s_isinfd.o)
 .debug_pubnames
                0x0000239c       0x1f c:/program files (x86)/atmel/atmel toolchain/avr32 gcc/native/3.4.2.1002/avr32-gnu-toolchain/bin/../lib/gcc/avr32/4.4.7/../../../../avr32/lib/ucr3\libc.a(lib_a-s_isnand.o)
 .debug_pubnames
                0x000023bb       0x1e c:/program files (x86)/atmel/atmel toolchain/avr32 gcc/native/3.4.2.1002/avr32-gnu-toolchain/bin/../lib/gcc/avr32/4.4.7/../../../../avr32/lib/ucr3\libc.a(lib_a-sbrkr.o)
 .debug_pubnames
                0x000023d9       0x44 c:/program files (x86)/atmel/atmel toolchain/avr32 gcc/native/3.4.2.1002/avr32-gnu-toolchain/bin/../lib/gcc/avr32/4.4.7/../../../../avr32/lib/ucr3\libc.a(lib_a-stdio.o)
 .debug_pubnames
                0x0000241d       0x1d c:/program files (x86)/atmel/atmel toolchain/avr32 gcc/native/3.4.2.1002/avr32-gnu-toolchain/bin/../lib/gcc/avr32/4.4.7/../../../../avr32/lib/ucr3\libc.a(lib_a-strlen.o)
 .debug_pubnames
                0x0000243a      0x171 c:/program files (x86)/atmel/atmel toolchain/avr32 gcc/native/3.4.2.1002/avr32-gnu-toolchain/bin/../lib/gcc/avr32/4.4.7/../../../../avr32/lib/ucr3\libc.a(lib_a-syscalls.o)
 .debug_pubnames
                0x000025ab       0x1f c:/program files (x86)/atmel/atmel toolchain/avr32 gcc/native/3.4.2.1002/avr32-gnu-toolchain/bin/../lib/gcc/avr32/4.4.7/../../../../avr32/lib/ucr3\libc.a(lib_a-writer.o)
 .debug_pubnames
                0x000025ca       0x20 c:/program files (x86)/atmel/atmel toolchain/avr32 gcc/native/3.4.2.1002/avr32-gnu-toolchain/bin/../lib/gcc/avr32/4.4.7/../../../../avr32/lib/ucr3\libc.a(lib_a-callocr.o)
 .debug_pubnames
                0x000025ea       0x1f c:/program files (x86)/atmel/atmel toolchain/avr32 gcc/native/3.4.2.1002/avr32-gnu-toolchain/bin/../lib/gcc/avr32/4.4.7/../../../../avr32/lib/ucr3\libc.a(lib_a-closer.o)
 .debug_pubnames
                0x00002609       0x1e c:/program files (x86)/atmel/atmel toolchain/avr32 gcc/native/3.4.2.1002/avr32-gnu-toolchain/bin/../lib/gcc/avr32/4.4.7/../../../../avr32/lib/ucr3\libc.a(lib_a-errno.o)
 .debug_pubnames
                0x00002627       0x2b c:/program files (x86)/atmel/atmel toolchain/avr32 gcc/native/3.4.2.1002/avr32-gnu-toolchain/bin/../lib/gcc/avr32/4.4.7/../../../../avr32/lib/ucr3\libc.a(lib_a-fclose.o)
 .debug_pubnames
                0x00002652       0x1f c:/program files (x86)/atmel/atmel toolchain/avr32 gcc/native/3.4.2.1002/avr32-gnu-toolchain/bin/../lib/gcc/avr32/4.4.7/../../../../avr32/lib/ucr3\libc.a(lib_a-fstatr.o)
 .debug_pubnames
                0x00002671       0x1f c:/program files (x86)/atmel/atmel toolchain/avr32 gcc/native/3.4.2.1002/avr32-gnu-toolchain/bin/../lib/gcc/avr32/4.4.7/../../../../avr32/lib/ucr3\libc.a(lib_a-lseekr.o)
 .debug_pubnames
                0x00002690       0x1e c:/program files (x86)/atmel/atmel toolchain/avr32 gcc/native/3.4.2.1002/avr32-gnu-toolchain/bin/../lib/gcc/avr32/4.4.7/../../../../avr32/lib/ucr3\libc.a(lib_a-readr.o)
 .debug_pubnames
                0x000026ae       0x52 c:/program files (x86)/atmel/atmel toolchain/avr32 gcc/native/3.4.2.1002/avr32-gnu-toolchain/bin/../lib/gcc/avr32/4.4.7/../../../../avr32/lib/ucr3\libc.a(lib_a-reent.o)
 .debug_pubnames
                0x00002700       0x20 c:/program files (x86)/atmel/atmel toolchain/avr32 gcc/native/3.4.2.1002/avr32-gnu-toolchain/bin/../lib/gcc/avr32/4.4.7/ucr3\libgcc.a(_umoddi3.o)

.debug_info     0x00000000    0x2fc79
 *(.debug_info .gnu.linkonce.wi.*)
 .debug_info    0x00000000     0x1df3 src/ASF/avr32/drivers/flashcdw/flashcdw.o
 .debug_info    0x00001df3      0xef1 src/ASF/avr32/drivers/gpio/gpio.o
 .debug_info    0x00002ce4       0xa9 src/ASF/avr32/drivers/intc/exception.o
 .debug_info    0x00002d8d      0x6e7 src/ASF/avr32/drivers/intc/intc.o
 .debug_info    0x00003474      0xe60 src/ASF/avr32/drivers/pdca/pdca.o
 .debug_info    0x000042d4     0x114b src/ASF/avr32/drivers/pm/pm_uc3l.o
 .debug_info    0x0000541f      0x486 src/ASF/avr32/drivers/pm/power_clocks_lib.o
 .debug_info    0x000058a5      0xadb src/ASF/avr32/drivers/pwma/pwma.o
 .debug_info    0x00006380     0x3a9b src/ASF/avr32/drivers/scif/scif_uc3l.o
 .debug_info    0x00009e1b     0x117a src/ASF/avr32/drivers/tc/tc.o
 .debug_info    0x0000af95     0x1206 src/ASF/avr32/drivers/twim/twim.o
 .debug_info    0x0000c19b     0x2c06 src/ASF/avr32/drivers/usart/usart.o
 .debug_info    0x0000eda1       0xa8 src/ASF/avr32/utils/startup/startup_uc3.o
 .debug_info    0x0000ee49       0xaf src/ASF/avr32/utils/startup/trampoline_uc3.o
 .debug_info    0x0000eef8     0x220e src/ASF/common/services/clock/uc3l/osc.o
 .debug_info    0x00011106     0x2206 src/ASF/common/services/clock/uc3l/pll.o
 .debug_info    0x0001330c      0x363 src/gps/uc530.o
 .debug_info    0x0001366f      0x8dc src/lcd/st7529.o
 .debug_info    0x00013f4b     0x732f src/main.o
 .debug_info    0x0001b27a       0xa8 src/ASF/common/boards/user_board/init.o
 .debug_info    0x0001b322      0x57b c:/program files (x86)/atmel/atmel toolchain/avr32 gcc/native/3.4.2.1002/avr32-gnu-toolchain/bin/../lib/gcc/avr32/4.4.7/ucr3\libgcc.a(_udivdi3.o)
 .debug_info    0x0001b89d      0x989 c:/program files (x86)/atmel/atmel toolchain/avr32 gcc/native/3.4.2.1002/avr32-gnu-toolchain/bin/../lib/gcc/avr32/4.4.7/../../../../avr32/lib/ucr3\libc.a(lib_a-sprintf.o)
 .debug_info    0x0001c226     0x15e8 c:/program files (x86)/atmel/atmel toolchain/avr32 gcc/native/3.4.2.1002/avr32-gnu-toolchain/bin/../lib/gcc/avr32/4.4.7/../../../../avr32/lib/ucr3\libc.a(lib_a-vfprintf.o)
 .debug_info    0x0001d80e      0x982 c:/program files (x86)/atmel/atmel toolchain/avr32 gcc/native/3.4.2.1002/avr32-gnu-toolchain/bin/../lib/gcc/avr32/4.4.7/../../../../avr32/lib/ucr3\libc.a(lib_a-wsetup.o)
 .debug_info    0x0001e190      0xcf7 c:/program files (x86)/atmel/atmel toolchain/avr32 gcc/native/3.4.2.1002/avr32-gnu-toolchain/bin/../lib/gcc/avr32/4.4.7/../../../../avr32/lib/ucr3\libc.a(lib_a-dtoa.o)
 .debug_info    0x0001ee87      0xa22 c:/program files (x86)/atmel/atmel toolchain/avr32 gcc/native/3.4.2.1002/avr32-gnu-toolchain/bin/../lib/gcc/avr32/4.4.7/../../../../avr32/lib/ucr3\libc.a(lib_a-fflush.o)
 .debug_info    0x0001f8a9      0xc2a c:/program files (x86)/atmel/atmel toolchain/avr32 gcc/native/3.4.2.1002/avr32-gnu-toolchain/bin/../lib/gcc/avr32/4.4.7/../../../../avr32/lib/ucr3\libc.a(lib_a-findfp.o)
 .debug_info    0x000204d3      0xb3d c:/program files (x86)/atmel/atmel toolchain/avr32 gcc/native/3.4.2.1002/avr32-gnu-toolchain/bin/../lib/gcc/avr32/4.4.7/../../../../avr32/lib/ucr3\libc.a(lib_a-freer.o)
 .debug_info    0x00021010      0x9fc c:/program files (x86)/atmel/atmel toolchain/avr32 gcc/native/3.4.2.1002/avr32-gnu-toolchain/bin/../lib/gcc/avr32/4.4.7/../../../../avr32/lib/ucr3\libc.a(lib_a-fvwrite.o)
 .debug_info    0x00021a0c      0xa61 c:/program files (x86)/atmel/atmel toolchain/avr32 gcc/native/3.4.2.1002/avr32-gnu-toolchain/bin/../lib/gcc/avr32/4.4.7/../../../../avr32/lib/ucr3\libc.a(lib_a-fwalk.o)
 .debug_info    0x0002246d      0x960 c:/program files (x86)/atmel/atmel toolchain/avr32 gcc/native/3.4.2.1002/avr32-gnu-toolchain/bin/../lib/gcc/avr32/4.4.7/../../../../avr32/lib/ucr3\libc.a(lib_a-impure.o)
 .debug_info    0x00022dcd      0xb24 c:/program files (x86)/atmel/atmel toolchain/avr32 gcc/native/3.4.2.1002/avr32-gnu-toolchain/bin/../lib/gcc/avr32/4.4.7/../../../../avr32/lib/ucr3\libc.a(lib_a-locale.o)
 .debug_info    0x000238f1      0xa96 c:/program files (x86)/atmel/atmel toolchain/avr32 gcc/native/3.4.2.1002/avr32-gnu-toolchain/bin/../lib/gcc/avr32/4.4.7/../../../../avr32/lib/ucr3\libc.a(lib_a-makebuf.o)
 .debug_info    0x00024387      0x8ea c:/program files (x86)/atmel/atmel toolchain/avr32 gcc/native/3.4.2.1002/avr32-gnu-toolchain/bin/../lib/gcc/avr32/4.4.7/../../../../avr32/lib/ucr3\libc.a(lib_a-malloc.o)