Archive member included because of file (symbol)

c:/program files (x86)/atmel/atmel toolchain/avr32 gcc/native/3.4.2.1002/avr32-gnu-toolchain/bin/../lib/gcc/avr32/4.4.7/ucr3\libgcc.a(_avr32_f32_div.o)
                              src/gps/uc530.o (__avr32_f32_div)
c:/program files (x86)/atmel/atmel toolchain/avr32 gcc/native/3.4.2.1002/avr32-gnu-toolchain/bin/../lib/gcc/avr32/4.4.7/ucr3\libgcc.a(_avr32_f32_addsub.o)
                              src/gps/uc530.o (__avr32_f32_add)
c:/program files (x86)/atmel/atmel toolchain/avr32 gcc/native/3.4.2.1002/avr32-gnu-toolchain/bin/../lib/gcc/avr32/4.4.7/ucr3\libgcc.a(_avr32_f32_mul.o)
                              src/gps/uc530.o (__avr32_f32_mul)
c:/program files (x86)/atmel/atmel toolchain/avr32 gcc/native/3.4.2.1002/avr32-gnu-toolchain/bin/../lib/gcc/avr32/4.4.7/ucr3\libgcc.a(_avr32_s32_to_f32.o)
                              src/gps/uc530.o (__avr32_s32_to_f32)
c:/program files (x86)/atmel/atmel toolchain/avr32 gcc/native/3.4.2.1002/avr32-gnu-toolchain/bin/../lib/gcc/avr32/4.4.7/ucr3\libgcc.a(_avr32_f32_to_f64.o)
                              src/main.o (__avr32_f32_to_f64)
c:/program files (x86)/atmel/atmel toolchain/avr32 gcc/native/3.4.2.1002/avr32-gnu-toolchain/bin/../lib/gcc/avr32/4.4.7/ucr3\libgcc.a(_udivdi3.o)
                              src/ASF/avr32/drivers/scif/scif_uc3l.o (__avr32_udiv64)
c:/program files (x86)/atmel/atmel toolchain/avr32 gcc/native/3.4.2.1002/avr32-gnu-toolchain/bin/../lib/gcc/avr32/4.4.7/../../../../avr32/lib/ucr3\libc.a(lib_a-sprintf.o)
                              src/main.o (sprintf)
c:/program files (x86)/atmel/atmel toolchain/avr32 gcc/native/3.4.2.1002/avr32-gnu-toolchain/bin/../lib/gcc/avr32/4.4.7/../../../../avr32/lib/ucr3\libc.a(lib_a-vfprintf.o)
                              c:/program files (x86)/atmel/atmel toolchain/avr32 gcc/native/3.4.2.1002/avr32-gnu-toolchain/bin/../lib/gcc/avr32/4.4.7/../../../../avr32/lib/ucr3\libc.a(lib_a-sprintf.o) (_vfprintf_r)
c:/program files (x86)/atmel/atmel toolchain/avr32 gcc/native/3.4.2.1002/avr32-gnu-toolchain/bin/../lib/gcc/avr32/4.4.7/../../../../avr32/lib/ucr3\libc.a(lib_a-wsetup.o)
                              c:/program files (x86)/atmel/atmel toolchain/avr32 gcc/native/3.4.2.1002/avr32-gnu-toolchain/bin/../lib/gcc/avr32/4.4.7/../../../../avr32/lib/ucr3\libc.a(lib_a-vfprintf.o) (__swsetup_r)
c:/program files (x86)/atmel/atmel toolchain/avr32 gcc/native/3.4.2.1002/avr32-gnu-toolchain/bin/../lib/gcc/avr32/4.4.7/../../../../avr32/lib/ucr3\libc.a(lib_a-dtoa.o)
                              c:/program files (x86)/atmel/atmel toolchain/avr32 gcc/native/3.4.2.1002/avr32-gnu-toolchain/bin/../lib/gcc/avr32/4.4.7/../../../../avr32/lib/ucr3\libc.a(lib_a-vfprintf.o) (_dtoa_r)
c:/program files (x86)/atmel/atmel toolchain/avr32 gcc/native/3.4.2.1002/avr32-gnu-toolchain/bin/../lib/gcc/avr32/4.4.7/../../../../avr32/lib/ucr3\libc.a(lib_a-fflush.o)
                              c:/program files (x86)/atmel/atmel toolchain/avr32 gcc/native/3.4.2.1002/avr32-gnu-toolchain/bin/../lib/gcc/avr32/4.4.7/../../../../avr32/lib/ucr3\libc.a(lib_a-vfprintf.o) (_fflush_r)
c:/program files (x86)/atmel/atmel toolchain/avr32 gcc/native/3.4.2.1002/avr32-gnu-toolchain/bin/../lib/gcc/avr32/4.4.7/../../../../avr32/lib/ucr3\libc.a(lib_a-findfp.o)
                              c:/program files (x86)/atmel/atmel toolchain/avr32 gcc/native/3.4.2.1002/avr32-gnu-toolchain/bin/../lib/gcc/avr32/4.4.7/../../../../avr32/lib/ucr3\libc.a(lib_a-vfprintf.o) (__sinit)
c:/program files (x86)/atmel/atmel toolchain/avr32 gcc/native/3.4.2.1002/avr32-gnu-toolchain/bin/../lib/gcc/avr32/4.4.7/../../../../avr32/lib/ucr3\libc.a(lib_a-freer.o)
                              c:/program files (x86)/atmel/atmel toolchain/avr32 gcc/native/3.4.2.1002/avr32-gnu-toolchain/bin/../lib/gcc/avr32/4.4.7/../../../../avr32/lib/ucr3\libc.a(lib_a-wsetup.o) (_free_r)
c:/program files (x86)/atmel/atmel toolchain/avr32 gcc/native/3.4.2.1002/avr32-gnu-toolchain/bin/../lib/gcc/avr32/4.4.7/../../../../avr32/lib/ucr3\libc.a(lib_a-fvwrite.o)
                              c:/program files (x86)/atmel/atmel toolchain/avr32 gcc/native/3.4.2.1002/avr32-gnu-toolchain/bin/../lib/gcc/avr32/4.4.7/../../../../avr32/lib/ucr3\libc.a(lib_a-vfprintf.o) (__sfvwrite_r)
c:/program files (x86)/atmel/atmel toolchain/avr32 gcc/native/3.4.2.1002/avr32-gnu-toolchain/bin/../lib/gcc/avr32/4.4.7/../../../../avr32/lib/ucr3\libc.a(lib_a-fwalk.o)
                              c:/program files (x86)/atmel/atmel toolchain/avr32 gcc/native/3.4.2.1002/avr32-gnu-toolchain/bin/../lib/gcc/avr32/4.4.7/../../../../avr32/lib/ucr3\libc.a(lib_a-fflush.o) (_fwalk_reent)
c:/program files (x86)/atmel/atmel toolchain/avr32 gcc/native/3.4.2.1002/avr32-gnu-toolchain/bin/../lib/gcc/avr32/4.4.7/../../../../avr32/lib/ucr3\libc.a(lib_a-impure.o)
[...]
Memory Configuration

Name             Origin             Length             Attributes
FLASH            0x80000000         0x00020000         axrl !w
CPUSRAM          0x00000004         0x00007ffc         axw !rl
USERPAGE         0x80800000         0x00000200
FACTORYPAGE      0x80800200         0x00000200
FLASHVAULT_FLASH_SIZE 0x80800400         0x00000008         r
FLASHVAULT_RAM_SIZE 0x80800408         0x00000008         r
*default*        0x00000000         0xffffffff

Linker script and memory map

                0x00001000                _stack_size = 0x1000
LOAD src/ASF/avr32/drivers/flashcdw/flashcdw.o
LOAD src/ASF/avr32/drivers/gpio/gpio.o
LOAD src/ASF/avr32/drivers/intc/exception.o
LOAD src/ASF/avr32/drivers/intc/intc.o
LOAD src/ASF/avr32/drivers/pdca/pdca.o
LOAD src/ASF/avr32/drivers/pm/pm_uc3l.o
LOAD src/ASF/avr32/drivers/pm/power_clocks_lib.o
LOAD src/ASF/avr32/drivers/scif/scif_uc3l.o
LOAD src/ASF/avr32/drivers/tc/tc.o
LOAD src/ASF/avr32/drivers/twim/twim.o
LOAD src/ASF/avr32/drivers/usart/usart.o
LOAD src/ASF/avr32/utils/startup/startup_uc3.o
LOAD src/ASF/avr32/utils/startup/trampoline_uc3.o
LOAD src/barometer/bmp180.o
LOAD src/gps/uc530.o
LOAD src/lcd/st7529.o
LOAD src/main.o
LOAD src/ASF/common/boards/user_board/init.o
START GROUP
END GROUP
LOAD c:/program files (x86)/atmel/atmel toolchain/avr32 gcc/native/3.4.2.1002/avr32-gnu-toolchain/bin/../lib/gcc/avr32/4.4.7/ucr3\libgcc.a
LOAD c:/program files (x86)/atmel/atmel toolchain/avr32 gcc/native/3.4.2.1002/avr32-gnu-toolchain/bin/../lib/gcc/avr32/4.4.7/../../../../avr32/lib/ucr3\libc.a
LOAD c:/program files (x86)/atmel/atmel toolchain/avr32 gcc/native/3.4.2.1002/avr32-gnu-toolchain/bin/../lib/gcc/avr32/4.4.7/ucr3\libgcc.a
                0x80000000                PROVIDE (__executable_start, 0x80000000)
                0x80000000                . = 0x80000000

.interp
 *(.interp)

.reset          0x80000000     0x2004
 *(.reset)
 .reset         0x80000000     0x2004 src/ASF/avr32/utils/startup/trampoline_uc3.o
                               0x2008 (size before relaxing)
                0x80000000                _trampoline

.hash
 *(.hash)

.dynsym
 *(.dynsym)

.dynstr
 *(.dynstr)

.gnu.version
 *(.gnu.version)

.gnu.version_d
 *(.gnu.version_d)

.gnu.version_r
 *(.gnu.version_r)

.rel.init
 *(.rel.init)

.rela.init
 *(.rela.init)

.rel.text
 *(.rel.text .rel.text.* .rel.gnu.linkonce.t.*)

.rela.text
 *(.rela.text .rela.text.* .rela.gnu.linkonce.t.*)

.rel.fini
 *(.rel.fini)

.rela.fini
 *(.rela.fini)

.rel.rodata
 *(.rel.rodata .rel.rodata.* .rel.gnu.linkonce.r.*)

.rela.rodata
 *(.rela.rodata .rela.rodata.* .rela.gnu.linkonce.r.*)

.rel.data.rel.ro
 *(.rel.data.rel.ro*)

.rela.data.rel.ro
 *(.rel.data.rel.ro*)

.rel.data
 *(.rel.data .rel.data.* .rel.gnu.linkonce.d.*)

.rela.data
 *(.rela.data .rela.data.* .rela.gnu.linkonce.d.*)

.rel.tdata
 *(.rel.tdata .rel.tdata.* .rel.gnu.linkonce.td.*)

.rela.tdata
 *(.rela.tdata .rela.tdata.* .rela.gnu.linkonce.td.*)

.rel.tbss
 *(.rel.tbss .rel.tbss.* .rel.gnu.linkonce.tb.*)

.rela.tbss
 *(.rela.tbss .rela.tbss.* .rela.gnu.linkonce.tb.*)

.rel.ctors
 *(.rel.ctors)

.rela.ctors
 *(.rela.ctors)

.rel.dtors
 *(.rel.dtors)

.rela.dtors
 *(.rela.dtors)

.rel.got
 *(.rel.got)

.rela.got       0x80002004        0x0
 *(.rela.got)
 .rela.got      0x80002004        0x0 src/ASF/avr32/drivers/flashcdw/flashcdw.o

.rel.bss
 *(.rel.bss .rel.bss.* .rel.gnu.linkonce.b.*)

.rela.bss
 *(.rela.bss .rela.bss.* .rela.gnu.linkonce.b.*)

.rel.plt
 *(.rel.plt)

.rela.plt
 *(.rela.plt)

.init
 *(.init)

.plt
 *(.plt)

.text           0x80002004     0x983c
 *(.text .stub .text.* .gnu.linkonce.t.*)
 .text.flashcdw_set_wait_state
                0x80002004       0x46 src/ASF/avr32/drivers/flashcdw/flashcdw.o
                0x80002004                flashcdw_set_wait_state
 *fill*         0x8000204a        0x2 d703d703
 .text.flashcdw_set_flash_waitstate_and_readmode
                0x8000204c       0x6c src/ASF/avr32/drivers/flashcdw/flashcdw.o
                0x8000204c                flashcdw_set_flash_waitstate_and_readmode
 .text.flashcdw_is_ready
                0x800020b8       0x18 src/ASF/avr32/drivers/flashcdw/flashcdw.o
                0x800020b8                flashcdw_is_ready
 .text.flashcdw_default_wait_until_ready
                0x800020d0       0x1c src/ASF/avr32/drivers/flashcdw/flashcdw.o
                0x800020d0                flashcdw_default_wait_until_ready
 .text.flashcdw_get_error_status
                0x800020ec       0x16 src/ASF/avr32/drivers/flashcdw/flashcdw.o
 *fill*         0x80002102        0x2 d703d703
 .text.flashcdw_issue_command
                0x80002104       0x88 src/ASF/avr32/drivers/flashcdw/flashcdw.o
                0x80002104                flashcdw_issue_command
 .text.gpio_enable_module
                0x8000218c       0x70 src/ASF/avr32/drivers/gpio/gpio.o
                0x8000218c                gpio_enable_module
 .text.gpio_enable_module_pin
                0x800021fc      0x27c src/ASF/avr32/drivers/gpio/gpio.o
                0x800021fc                gpio_enable_module_pin
 .text.gpio_enable_gpio_pin
                0x80002478       0x50 src/ASF/avr32/drivers/gpio/gpio.o
                0x80002478                gpio_enable_gpio_pin
 .text._unhandled_interrupt
                0x800024c8        0x8 src/ASF/avr32/drivers/intc/intc.o
 .text._get_interrupt_handler
                0x800024d0       0x70 src/ASF/avr32/drivers/intc/intc.o
                0x800024d0                _get_interrupt_handler
 .text.INTC_init_evba
                0x80002540       0x14 src/ASF/avr32/drivers/intc/intc.o
 .text.INTC_init_interrupts
                0x80002554       0x9c src/ASF/avr32/drivers/intc/intc.o
                0x80002554                INTC_init_interrupts
 .text.INTC_register_interrupt
                0x800025f0       0xd4 src/ASF/avr32/drivers/intc/intc.o
                0x800025f0                INTC_register_interrupt
 .text.cpu_irq_save
                0x800026c4       0x1e src/ASF/avr32/drivers/pdca/pdca.o
 .text.cpu_irq_is_enabled_flags
                0x800026e2       0x20 src/ASF/avr32/drivers/pdca/pdca.o
 *fill*         0x80002702        0x2 d703d703
 .text.cpu_irq_restore
                0x80002704       0x28 src/ASF/avr32/drivers/pdca/pdca.o
 .text.pdca_get_handler
                0x8000272c       0x3a src/ASF/avr32/drivers/pdca/pdca.o
                0x8000272c                pdca_get_handler
 *fill*         0x80002766        0x2 d703d703
 .text.pdca_init_channel
                0x80002768       0xd0 src/ASF/avr32/drivers/pdca/pdca.o
                0x80002768                pdca_init_channel
 .text.pdca_disable
                0x80002838       0x30 src/ASF/avr32/drivers/pdca/pdca.o
                0x80002838                pdca_disable
 .text.pdca_enable
                0x80002868       0x30 src/ASF/avr32/drivers/pdca/pdca.o
                0x80002868                pdca_enable
 .text.pdca_load_channel
                0x80002898       0x70 src/ASF/avr32/drivers/pdca/pdca.o
                0x80002898                pdca_load_channel
 .text.pdca_disable_interrupt_transfer_complete
                0x80002908       0x50 src/ASF/avr32/drivers/pdca/pdca.o
                0x80002908                pdca_disable_interrupt_transfer_complete
 .text.pdca_enable_interrupt_transfer_complete
                0x80002958       0x30 src/ASF/avr32/drivers/pdca/pdca.o
                0x80002958                pdca_enable_interrupt_transfer_complete
 .text.pdca_disable_interrupt_reload_counter_zero
                0x80002988       0x50 src/ASF/avr32/drivers/pdca/pdca.o
                0x80002988                pdca_disable_interrupt_reload_counter_zero
 .text.cpu_irq_is_enabled_flags
                0x800029d8       0x20 src/ASF/avr32/drivers/pm/pm_uc3l.o
 .text.pm_set_mclk_source
                0x800029f8       0x50 src/ASF/avr32/drivers/pm/pm_uc3l.o
                0x800029f8                pm_set_mclk_source
 .text.pm_set_clk_domain_div
                0x80002a48       0xa8 src/ASF/avr32/drivers/pm/pm_uc3l.o
                0x80002a48                pm_set_clk_domain_div
 .text.pm_disable_clk_domain_div
                0x80002af0       0x8c src/ASF/avr32/drivers/pm/pm_uc3l.o
                0x80002af0                pm_disable_clk_domain_div
 .text.pm_set_all_cksel
                0x80002b7c       0xb0 src/ASF/avr32/drivers/pm/pm_uc3l.o
                0x80002b7c                pm_set_all_cksel
 .text.pm_find_divratio
                0x80002c2c       0x40 src/ASF/avr32/drivers/pm/pm_uc3l.o
 .text.pcl_configure_clocks
                0x80002c6c       0x24 src/ASF/avr32/drivers/pm/power_clocks_lib.o
                0x80002c6c                pcl_configure_clocks
 .text.pcl_configure_clocks_rcsys
                0x80002c90       0x28 src/ASF/avr32/drivers/pm/power_clocks_lib.o
                0x80002c90                pcl_configure_clocks_rcsys
 .text.pcl_configure_clocks_rc120m
                0x80002cb8       0x34 src/ASF/avr32/drivers/pm/power_clocks_lib.o
                0x80002cb8                pcl_configure_clocks_rc120m
 .text.pcl_configure_clocks_osc0
                0x80002cec       0x54 src/ASF/avr32/drivers/pm/power_clocks_lib.o
                0x80002cec                pcl_configure_clocks_osc0
 .text.pcl_configure_clocks_dfll0
                0x80002d40       0x50 src/ASF/avr32/drivers/pm/power_clocks_lib.o
                0x80002d40                pcl_configure_clocks_dfll0
 .text.pcl_configure_clocks_uc3l
                0x80002d90       0x70 src/ASF/avr32/drivers/pm/power_clocks_lib.o
 .text.pcl_configure_synchronous_clocks
                0x80002e00       0x5c src/ASF/avr32/drivers/pm/power_clocks_lib.o
 .text.cpu_irq_is_enabled_flags
                0x80002e5c       0x20 src/ASF/avr32/drivers/scif/scif_uc3l.o
 .text.scif_configure_osc_crystalmode
                0x80002e7c       0xb0 src/ASF/avr32/drivers/scif/scif_uc3l.o
                0x80002e7c                scif_configure_osc_crystalmode
 .text.scif_enable_osc
                0x80002f2c       0xb4 src/ASF/avr32/drivers/scif/scif_uc3l.o
                0x80002f2c                scif_enable_osc
 .text.scif_dfll0_closedloop_start
                0x80002fe0      0x1c8 src/ASF/avr32/drivers/scif/scif_uc3l.o
                0x80002fe0                scif_dfll0_closedloop_start
 .text.scif_dfll0_closedloop_configure_and_start
                0x800031a8      0x234 src/ASF/avr32/drivers/scif/scif_uc3l.o
                0x800031a8                scif_dfll0_closedloop_configure_and_start
 .text.scif_start_rc120M
                0x800033dc       0x48 src/ASF/avr32/drivers/scif/scif_uc3l.o
                0x800033dc                scif_start_rc120M
 .text.scif_disable_rc32out
                0x80003424       0x5c src/ASF/avr32/drivers/scif/scif_uc3l.o
                0x80003424                scif_disable_rc32out
 .text.scif_start_gclk
                0x80003480       0x6c src/ASF/avr32/drivers/scif/scif_uc3l.o
                0x80003480                scif_start_gclk
 .text.scif_pclksr_statushigh_wait
                0x800034ec       0x46 src/ASF/avr32/drivers/scif/scif_uc3l.o
                0x800034ec                scif_pclksr_statushigh_wait
 .text.cpu_irq_is_enabled_flags
                0x80003532       0x20 src/ASF/avr32/drivers/tc/tc.o
 *fill*         0x80003552        0x2 d703d703
 .text.tc_configure_interrupts
                0x80003554      0x1e8 src/ASF/avr32/drivers/tc/tc.o
                0x80003554                tc_configure_interrupts
 .text.tc_init_waveform
                0x8000373c      0x154 src/ASF/avr32/drivers/tc/tc.o
                0x8000373c                tc_init_waveform
 .text.tc_start
                0x80003890       0x3a src/ASF/avr32/drivers/tc/tc.o
                0x80003890                tc_start
 .text.tc_write_rc
                0x800038ca       0x78 src/ASF/avr32/drivers/tc/tc.o
                0x800038ca                tc_write_rc
 .text.twim_set_speed
                0x80003942       0xa8 src/ASF/avr32/drivers/twim/twim.o
                0x80003942                twim_set_speed
 .text.cpu_irq_is_enabled_flags
                0x800039ea       0x20 src/ASF/avr32/drivers/usart/usart.o
 .text.usart_set_async_baudrate
                0x80003a0a       0xd2 src/ASF/avr32/drivers/usart/usart.o
 .text.usart_reset
                0x80003adc       0x74 src/ASF/avr32/drivers/usart/usart.o
                0x80003adc                usart_reset
 .text.usart_init_rs232
                0x80003b50      0x170 src/ASF/avr32/drivers/usart/usart.o
                0x80003b50                usart_init_rs232
 .text._stext   0x80003cc0       0x4c src/ASF/avr32/utils/startup/startup_uc3.o
                                 0x50 (size before relaxing)
                0x80003cc0                _stext
 .text.str2int  0x80003d0c       0x90 src/gps/uc530.o
 .text.str2float
                0x80003d9c      0x14c src/gps/uc530.o
 .text.uc530_parse_default
                0x80003ee8      0x4c0 src/gps/uc530.o
                0x80003ee8                uc530_parse_default
 .text.find_data
                0x800043a8       0xca src/gps/uc530.o
 *fill*         0x80004472        0x2 d703d703
 .text.st7529_D07_WRITE
                0x80004474       0x5c src/lcd/st7529.o
 .text.st7529_delay_write
                0x800044d0       0x12 src/lcd/st7529.o
 *fill*         0x800044e2        0x2 d703d703
 .text.st7529_init
                0x800044e4      0x78c src/lcd/st7529.o
                0x800044e4                st7529_init
 .text.st7529_write_cmd
                0x80004c70       0xd0 src/lcd/st7529.o
 .text.st7529_write_data
                0x80004d40       0x80 src/lcd/st7529.o
 .text.st7529_put_5x7_text
                0x80004dc0      0x3fc src/lcd/st7529.o
                0x80004dc0                st7529_put_5x7_text
 .text          0x800051bc       0x20 src/main.o
 .text.usart_timeout_handler
                0x800051dc       0xcc src/main.o
 .text.sens_rx_complete_handler
                0x800052a8       0x58 src/main.o
 .text.tick_handler
                0x80005300       0x88 src/main.o
 .text.main     0x80005388      0x154 src/main.o
                0x80005388                main
 .text.setup_clocks
                0x800054dc       0x7c src/main.o
                0x800054dc                setup_clocks
 .text.setup_gps_uart
                0x80005558       0x54 src/main.o
                0x80005558                setup_gps_uart
 .text.setup_uart_dma
                0x800055ac       0x24 src/main.o
                0x800055ac                setup_uart_dma
 .text.setup_sens_twi
                0x800055d0       0xac src/main.o
                0x800055d0                setup_sens_twi
 .text.twim_write_dma
                0x8000567c       0x70 src/main.o
                0x8000567c                twim_write_dma
 .text.twim_write_blocking
                0x800056ec       0xba src/main.o
                0x800056ec                twim_write_blocking
 .text.twim_read_blocking
                0x800057a6       0x82 src/main.o
                0x800057a6                twim_read_blocking
 .text.setup_magnetometer
                0x80005828       0x34 src/main.o
                0x80005828                setup_magnetometer
 .text.setup_barometer
                0x8000585c       0xb4 src/main.o
                0x8000585c                setup_barometer
 .text.sens_rx_start
                0x80005910       0xb0 src/main.o
                0x80005910                sens_rx_start
 .text.setup_tick
                0x800059c0       0x50 src/main.o
                0x800059c0                setup_tick
 .text.setup_interrupts
                0x80005a10       0x4c src/main.o
                0x80005a10                setup_interrupts
 .text.board_init
                0x80005a5c        0xa src/ASF/common/boards/user_board/init.o
                0x80005a5c                board_init
 *fill*         0x80005a66        0x2 d703d703
 .text          0x80005a68      0x160 c:/program files (x86)/atmel/atmel toolchain/avr32 gcc/native/3.4.2.1002/avr32-gnu-toolchain/bin/../lib/gcc/avr32/4.4.7/ucr3\libgcc.a(_avr32_f32_div.o)
                0x80005a68                __avr32_f32_div
 .text          0x80005bc8      0x180 c:/program files (x86)/atmel/atmel toolchain/avr32 gcc/native/3.4.2.1002/avr32-gnu-toolchain/bin/../lib/gcc/avr32/4.4.7/ucr3\libgcc.a(_avr32_f32_addsub.o)
                0x80005bcc                __avr32_f32_sub
                0x80005c9c                __avr32_f32_add
 .text          0x80005d48       0xe2 c:/program files (x86)/atmel/atmel toolchain/avr32 gcc/native/3.4.2.1002/avr32-gnu-toolchain/bin/../lib/gcc/avr32/4.4.7/ucr3\libgcc.a(_avr32_f32_mul.o)
                0x80005d48                __avr32_f32_mul
 .text          0x80005e2a       0x74 c:/program files (x86)/atmel/atmel toolchain/avr32 gcc/native/3.4.2.1002/avr32-gnu-toolchain/bin/../lib/gcc/avr32/4.4.7/ucr3\libgcc.a(_avr32_s32_to_f32.o)
                0x80005e2a                __avr32_s32_to_f32
 .text          0x80005e9e       0x60 c:/program files (x86)/atmel/atmel toolchain/avr32 gcc/native/3.4.2.1002/avr32-gnu-toolchain/bin/../lib/gcc/avr32/4.4.7/ucr3\libgcc.a(_avr32_f32_to_f64.o)
                0x80005e9e                __avr32_f32_to_f64
 .text          0x80005efe      0x264 c:/program files (x86)/atmel/atmel toolchain/avr32 gcc/native/3.4.2.1002/avr32-gnu-toolchain/bin/../lib/gcc/avr32/4.4.7/ucr3\libgcc.a(_udivdi3.o)
                0x80005efe                __avr32_udiv64
                0x80005efe                __udivdi3
 *fill*         0x80006162        0x2 d703d703
 .text.sprintf  0x80006164       0x3c c:/program files (x86)/atmel/atmel toolchain/avr32 gcc/native/3.4.2.1002/avr32-gnu-toolchain/bin/../lib/gcc/avr32/4.4.7/../../../../avr32/lib/ucr3\libc.a(lib_a-sprintf.o)
                                 0x40 (size before relaxing)
                0x80006164                sprintf
 .text.get_arg  0x800061a0      0x320 c:/program files (x86)/atmel/atmel toolchain/avr32 gcc/native/3.4.2.1002/avr32-gnu-toolchain/bin/../lib/gcc/avr32/4.4.7/../../../../avr32/lib/ucr3\libc.a(lib_a-vfprintf.o)
                                0x324 (size before relaxing)
 .text.__sprint_r
                0x800064c0       0x1c c:/program files (x86)/atmel/atmel toolchain/avr32 gcc/native/3.4.2.1002/avr32-gnu-toolchain/bin/../lib/gcc/avr32/4.4.7/../../../../avr32/lib/ucr3\libc.a(lib_a-vfprintf.o)
                                 0x20 (size before relaxing)
 .text._vfprintf_r
                0x800064dc     0x1f2c c:/program files (x86)/atmel/atmel toolchain/avr32 gcc/native/3.4.2.1002/avr32-gnu-toolchain/bin/../lib/gcc/avr32/4.4.7/../../../../avr32/lib/ucr3\libc.a(lib_a-vfprintf.o)
                               0x1f9c (size before relaxing)
                0x800064dc                _vfprintf_r
 .text.__swsetup_r
                0x80008408       0xdc c:/program files (x86)/atmel/atmel toolchain/avr32 gcc/native/3.4.2.1002/avr32-gnu-toolchain/bin/../lib/gcc/avr32/4.4.7/../../../../avr32/lib/ucr3\libc.a(lib_a-wsetup.o)
                                 0xe8 (size before relaxing)
                0x80008408                __swsetup_r
 .text.quorem   0x800084e4      0x120 c:/program files (x86)/atmel/atmel toolchain/avr32 gcc/native/3.4.2.1002/avr32-gnu-toolchain/bin/../lib/gcc/avr32/4.4.7/../../../../avr32/lib/ucr3\libc.a(lib_a-dtoa.o)
                                0x124 (size before relaxing)
 .text._dtoa_r  0x80008604      0xbe0 c:/program files (x86)/atmel/atmel toolchain/avr32 gcc/native/3.4.2.1002/avr32-gnu-toolchain/bin/../lib/gcc/avr32/4.4.7/../../../../avr32/lib/ucr3\libc.a(lib_a-dtoa.o)
                                0xc90 (size before relaxing)
                0x80008604                _dtoa_r
 .text._fflush_r
                0x800091e4      0x110 c:/program files (x86)/atmel/atmel toolchain/avr32 gcc/native/3.4.2.1002/avr32-gnu-toolchain/bin/../lib/gcc/avr32/4.4.7/../../../../avr32/lib/ucr3\libc.a(lib_a-fflush.o)
                                0x118 (size before relaxing)
                0x800091e4                _fflush_r
 .text.__sfp_lock_acquire
                0x800092f4        0x2 c:/program files (x86)/atmel/atmel toolchain/avr32 gcc/native/3.4.2.1002/avr32-gnu-toolchain/bin/../lib/gcc/avr32/4.4.7/../../../../avr32/lib/ucr3\libc.a(lib_a-findfp.o)
                0x800092f4                __sfp_lock_acquire
 .text.__sfp_lock_release
                0x800092f6        0x2 c:/program files (x86)/atmel/atmel toolchain/avr32 gcc/native/3.4.2.1002/avr32-gnu-toolchain/bin/../lib/gcc/avr32/4.4.7/../../../../avr32/lib/ucr3\libc.a(lib_a-findfp.o)
                0x800092f6                __sfp_lock_release
 .text._cleanup_r
                0x800092f8        0xc c:/program files (x86)/atmel/atmel toolchain/avr32 gcc/native/3.4.2.1002/avr32-gnu-toolchain/bin/../lib/gcc/avr32/4.4.7/../../../../avr32/lib/ucr3\libc.a(lib_a-findfp.o)
                                 0x14 (size before relaxing)
                0x800092f8                _cleanup_r
 .text.__sfmoreglue
                0x80009304       0x28 c:/program files (x86)/atmel/atmel toolchain/avr32 gcc/native/3.4.2.1002/avr32-gnu-toolchain/bin/../lib/gcc/avr32/4.4.7/../../../../avr32/lib/ucr3\libc.a(lib_a-findfp.o)
                                 0x30 (size before relaxing)
                0x80009304                __sfmoreglue
 .text.__sfp    0x8000932c       0x70 c:/program files (x86)/atmel/atmel toolchain/avr32 gcc/native/3.4.2.1002/avr32-gnu-toolchain/bin/../lib/gcc/avr32/4.4.7/../../../../avr32/lib/ucr3\libc.a(lib_a-findfp.o)
                                 0x7c (size before relaxing)
                0x8000932c                __sfp
 .text.__sinit  0x8000939c       0x9c c:/program files (x86)/atmel/atmel toolchain/avr32 gcc/native/3.4.2.1002/avr32-gnu-toolchain/bin/../lib/gcc/avr32/4.4.7/../../../../avr32/lib/ucr3\libc.a(lib_a-findfp.o)
                                 0xb0 (size before relaxing)
                0x8000939c                __sinit
 .text._malloc_trim_r
                0x80009438       0x9c c:/program files (x86)/atmel/atmel toolchain/avr32 gcc/native/3.4.2.1002/avr32-gnu-toolchain/bin/../lib/gcc/avr32/4.4.7/../../../../avr32/lib/ucr3\libc.a(lib_a-freer.o)
                                 0xa8 (size before relaxing)
                0x80009438                _malloc_trim_r
 .text._free_r  0x800094d4      0x190 c:/program files (x86)/atmel/atmel toolchain/avr32 gcc/native/3.4.2.1002/avr32-gnu-toolchain/bin/../lib/gcc/avr32/4.4.7/../../../../avr32/lib/ucr3\libc.a(lib_a-freer.o)
                                0x1a0 (size before relaxing)
                0x800094d4                _free_r
 .text.__sfvwrite_r
                0x80009664      0x2a0 c:/program files (x86)/atmel/atmel toolchain/avr32 gcc/native/3.4.2.1002/avr32-gnu-toolchain/bin/../lib/gcc/avr32/4.4.7/../../../../avr32/lib/ucr3\libc.a(lib_a-fvwrite.o)
                                0x2c4 (size before relaxing)
                0x80009664                __sfvwrite_r
 .text._fwalk   0x80009904       0x4c c:/program files (x86)/atmel/atmel toolchain/avr32 gcc/native/3.4.2.1002/avr32-gnu-toolchain/bin/../lib/gcc/avr32/4.4.7/../../../../avr32/lib/ucr3\libc.a(lib_a-fwalk.o)
                                 0x54 (size before relaxing)
                0x80009904                _fwalk
 .text._localeconv_r
                0x80009950        0x8 c:/program files (x86)/atmel/atmel toolchain/avr32 gcc/native/3.4.2.1002/avr32-gnu-toolchain/bin/../lib/gcc/avr32/4.4.7/../../../../avr32/lib/ucr3\libc.a(lib_a-locale.o)
                0x80009950                _localeconv_r
 .text.__smakebuf_r
                0x80009958       0xbc c:/program files (x86)/atmel/atmel toolchain/avr32 gcc/native/3.4.2.1002/avr32-gnu-toolchain/bin/../lib/gcc/avr32/4.4.7/../../../../avr32/lib/ucr3\libc.a(lib_a-makebuf.o)
                                 0xcc (size before relaxing)
                0x80009958                __smakebuf_r
 .text.malloc   0x80009a14       0x10 c:/program files (x86)/atmel/atmel toolchain/avr32 gcc/native/3.4.2.1002/avr32-gnu-toolchain/bin/../lib/gcc/avr32/4.4.7/../../../../avr32/lib/ucr3\libc.a(lib_a-malloc.o)
                                 0x18 (size before relaxing)
                0x80009a14                malloc
 .text._malloc_r
                0x80009a24      0x42c c:/program files (x86)/atmel/atmel toolchain/avr32 gcc/native/3.4.2.1002/avr32-gnu-toolchain/bin/../lib/gcc/avr32/4.4.7/../../../../avr32/lib/ucr3\libc.a(lib_a-mallocr.o)
                                0x450 (size before relaxing)
                0x80009a24                _malloc_r
 .text.memchr   0x80009e50       0x16 c:/program files (x86)/atmel/atmel toolchain/avr32 gcc/native/3.4.2.1002/avr32-gnu-toolchain/bin/../lib/gcc/avr32/4.4.7/../../../../avr32/lib/ucr3\libc.a(lib_a-memchr.o)
                0x80009e50                memchr
 .text          0x80009e66      0x148 c:/program files (x86)/atmel/atmel toolchain/avr32 gcc/native/3.4.2.1002/avr32-gnu-toolchain/bin/../lib/gcc/avr32/4.4.7/../../../../avr32/lib/ucr3\libc.a(lib_a-memcpy.o)
                0x80009e66                memcpy
 .text.memmove  0x80009fae       0x3e c:/program files (x86)/atmel/atmel toolchain/avr32 gcc/native/3.4.2.1002/avr32-gnu-toolchain/bin/../lib/gcc/avr32/4.4.7/../../../../avr32/lib/ucr3\libc.a(lib_a-memmove.o)
                0x80009fae                memmove
 .text.memset   0x80009fec        0xe c:/program files (x86)/atmel/atmel toolchain/avr32 gcc/native/3.4.2.1002/avr32-gnu-toolchain/bin/../lib/gcc/avr32/4.4.7/../../../../avr32/lib/ucr3\libc.a(lib_a-memset.o)
                0x80009fec                memset
 .text.__malloc_lock
                0x80009ffa        0x2 c:/program files (x86)/atmel/atmel toolchain/avr32 gcc/native/3.4.2.1002/avr32-gnu-toolchain/bin/../lib/gcc/avr32/4.4.7/../../../../avr32/lib/ucr3\libc.a(lib_a-mlock.o)
                0x80009ffa                __malloc_lock
 .text.__malloc_unlock
                0x80009ffc        0x2 c:/program files (x86)/atmel/atmel toolchain/avr32 gcc/native/3.4.2.1002/avr32-gnu-toolchain/bin/../lib/gcc/avr32/4.4.7/../../../../avr32/lib/ucr3\libc.a(lib_a-mlock.o)
                0x80009ffc                __malloc_unlock
 .text.__hi0bits
                0x80009ffe       0x60 c:/program files (x86)/atmel/atmel toolchain/avr32 gcc/native/3.4.2.1002/avr32-gnu-toolchain/bin/../lib/gcc/avr32/4.4.7/../../../../avr32/lib/ucr3\libc.a(lib_a-mprec.o)
                0x80009ffe                __hi0bits
 .text.__lo0bits
                0x8000a05e       0x8e c:/program files (x86)/atmel/atmel toolchain/avr32 gcc/native/3.4.2.1002/avr32-gnu-toolchain/bin/../lib/gcc/avr32/4.4.7/../../../../avr32/lib/ucr3\libc.a(lib_a-mprec.o)
                0x8000a05e                __lo0bits
 .text.__mcmp   0x8000a0ec       0x32 c:/program files (x86)/atmel/atmel toolchain/avr32 gcc/native/3.4.2.1002/avr32-gnu-toolchain/bin/../lib/gcc/avr32/4.4.7/../../../../avr32/lib/ucr3\libc.a(lib_a-mprec.o)
                0x8000a0ec                __mcmp
 *fill*         0x8000a11e        0x2 d703d703
 .text._Bfree   0x8000a120       0x34 c:/program files (x86)/atmel/atmel toolchain/avr32 gcc/native/3.4.2.1002/avr32-gnu-toolchain/bin/../lib/gcc/avr32/4.4.7/../../../../avr32/lib/ucr3\libc.a(lib_a-mprec.o)
                                 0x38 (size before relaxing)
                0x8000a120                _Bfree
 .text._Balloc  0x8000a154       0x70 c:/program files (x86)/atmel/atmel toolchain/avr32 gcc/native/3.4.2.1002/avr32-gnu-toolchain/bin/../lib/gcc/avr32/4.4.7/../../../../avr32/lib/ucr3\libc.a(lib_a-mprec.o)
                                 0x78 (size before relaxing)
                0x8000a154                _Balloc
 .text.__d2b    0x8000a1c4       0xa0 c:/program files (x86)/atmel/atmel toolchain/avr32 gcc/native/3.4.2.1002/avr32-gnu-toolchain/bin/../lib/gcc/avr32/4.4.7/../../../../avr32/lib/ucr3\libc.a(lib_a-mprec.o)
                                 0xb4 (size before relaxing)
                0x8000a1c4                __d2b
 .text.__mdiff  0x8000a264       0xd0 c:/program files (x86)/atmel/atmel toolchain/avr32 gcc/native/3.4.2.1002/avr32-gnu-toolchain/bin/../lib/gcc/avr32/4.4.7/../../../../avr32/lib/ucr3\libc.a(lib_a-mprec.o)
                                 0xd8 (size before relaxing)
                0x8000a264                __mdiff
 .text.__lshift
                0x8000a334       0x88 c:/program files (x86)/atmel/atmel toolchain/avr32 gcc/native/3.4.2.1002/avr32-gnu-toolchain/bin/../lib/gcc/avr32/4.4.7/../../../../avr32/lib/ucr3\libc.a(lib_a-mprec.o)
                                 0x94 (size before relaxing)
                0x8000a334                __lshift
 .text.__multiply
                0x8000a3bc      0x100 c:/program files (x86)/atmel/atmel toolchain/avr32 gcc/native/3.4.2.1002/avr32-gnu-toolchain/bin/../lib/gcc/avr32/4.4.7/../../../../avr32/lib/ucr3\libc.a(lib_a-mprec.o)
                                0x108 (size before relaxing)
                0x8000a3bc                __multiply
 .text.__i2b    0x8000a4bc       0x10 c:/program files (x86)/atmel/atmel toolchain/avr32 gcc/native/3.4.2.1002/avr32-gnu-toolchain/bin/../lib/gcc/avr32/4.4.7/../../../../avr32/lib/ucr3\libc.a(lib_a-mprec.o)
                                 0x18 (size before relaxing)
                0x8000a4bc                __i2b
 .text.__multadd
                0x8000a4cc       0x7c c:/program files (x86)/atmel/atmel toolchain/avr32 gcc/native/3.4.2.1002/avr32-gnu-toolchain/bin/../lib/gcc/avr32/4.4.7/../../../../avr32/lib/ucr3\libc.a(lib_a-mprec.o)
                                 0x88 (size before relaxing)
                0x8000a4cc                __multadd
 .text.__pow5mult
                0x8000a548       0x90 c:/program files (x86)/atmel/atmel toolchain/avr32 gcc/native/3.4.2.1002/avr32-gnu-toolchain/bin/../lib/gcc/avr32/4.4.7/../../../../avr32/lib/ucr3\libc.a(lib_a-mprec.o)
                                 0xac (size before relaxing)
                0x8000a548                __pow5mult
 .text._realloc_r
                0x8000a5d8      0x2c4 c:/program files (x86)/atmel/atmel toolchain/avr32 gcc/native/3.4.2.1002/avr32-gnu-toolchain/bin/../lib/gcc/avr32/4.4.7/../../../../avr32/lib/ucr3\libc.a(lib_a-reallocr.o)
                                0x2e0 (size before relaxing)
                0x8000a5d8                _realloc_r
 .text.__isinfd
                0x8000a89c       0x2a c:/program files (x86)/atmel/atmel toolchain/avr32 gcc/native/3.4.2.1002/avr32-gnu-toolchain/bin/../lib/gcc/avr32/4.4.7/../../../../avr32/lib/ucr3\libc.a(lib_a-s_isinfd.o)
                0x8000a89c                __isinfd
 .text.__isnand
                0x8000a8c6       0x1c c:/program files (x86)/atmel/atmel toolchain/avr32 gcc/native/3.4.2.1002/avr32-gnu-toolchain/bin/../lib/gcc/avr32/4.4.7/../../../../avr32/lib/ucr3\libc.a(lib_a-s_isnand.o)
                0x8000a8c6                __isnand
 *fill*         0x8000a8e2        0x2 d703d703
 .text._sbrk_r  0x8000a8e4       0x20 c:/program files (x86)/atmel/atmel toolchain/avr32 gcc/native/3.4.2.1002/avr32-gnu-toolchain/bin/../lib/gcc/avr32/4.4.7/../../../../avr32/lib/ucr3\libc.a(lib_a-sbrkr.o)
                                 0x28 (size before relaxing)
                0x8000a8e4                _sbrk_r
 .text.__sclose
                0x8000a904        0x8 c:/program files (x86)/atmel/atmel toolchain/avr32 gcc/native/3.4.2.1002/avr32-gnu-toolchain/bin/../lib/gcc/avr32/4.4.7/../../../../avr32/lib/ucr3\libc.a(lib_a-stdio.o)
                                 0x10 (size before relaxing)
                0x8000a904                __sclose
 .text.__sseek  0x8000a90c       0x20 c:/program files (x86)/atmel/atmel toolchain/avr32 gcc/native/3.4.2.1002/avr32-gnu-toolchain/bin/../lib/gcc/avr32/4.4.7/../../../../avr32/lib/ucr3\libc.a(lib_a-stdio.o)
                                 0x28 (size before relaxing)
                0x8000a90c                __sseek
 .text.__swrite
                0x8000a92c       0x2c c:/program files (x86)/atmel/atmel toolchain/avr32 gcc/native/3.4.2.1002/avr32-gnu-toolchain/bin/../lib/gcc/avr32/4.4.7/../../../../avr32/lib/ucr3\libc.a(lib_a-stdio.o)
                                 0x38 (size before relaxing)
                0x8000a92c                __swrite
 .text.__sread  0x8000a958       0x1c c:/program files (x86)/atmel/atmel toolchain/avr32 gcc/native/3.4.2.1002/avr32-gnu-toolchain/bin/../lib/gcc/avr32/4.4.7/../../../../avr32/lib/ucr3\libc.a(lib_a-stdio.o)
                                 0x24 (size before relaxing)
                0x8000a958                __sread
 .text.strlen   0x8000a974       0x16 c:/program files (x86)/atmel/atmel toolchain/avr32 gcc/native/3.4.2.1002/avr32-gnu-toolchain/bin/../lib/gcc/avr32/4.4.7/../../../../avr32/lib/ucr3\libc.a(lib_a-strlen.o)
                0x8000a974                strlen
 *fill*         0x8000a98a        0x2 d703d703
 .text._close   0x8000a98c       0x18 c:/program files (x86)/atmel/atmel toolchain/avr32 gcc/native/3.4.2.1002/avr32-gnu-toolchain/bin/../lib/gcc/avr32/4.4.7/../../../../avr32/lib/ucr3\libc.a(lib_a-syscalls.o)
                0x8000a98c                _close
 .text._lseek   0x8000a9a4       0x18 c:/program files (x86)/atmel/atmel toolchain/avr32 gcc/native/3.4.2.1002/avr32-gnu-toolchain/bin/../lib/gcc/avr32/4.4.7/../../../../avr32/lib/ucr3\libc.a(lib_a-syscalls.o)
                0x8000a9a4                _lseek
 .text._read    0x8000a9bc       0x18 c:/program files (x86)/atmel/atmel toolchain/avr32 gcc/native/3.4.2.1002/avr32-gnu-toolchain/bin/../lib/gcc/avr32/4.4.7/../../../../avr32/lib/ucr3\libc.a(lib_a-syscalls.o)
                0x8000a9bc                _read
 .text._write   0x8000a9d4       0x18 c:/program files (x86)/atmel/atmel toolchain/avr32 gcc/native/3.4.2.1002/avr32-gnu-toolchain/bin/../lib/gcc/avr32/4.4.7/../../../../avr32/lib/ucr3\libc.a(lib_a-syscalls.o)
                0x8000a9d4                _write
 .text.isatty   0x8000a9ec       0x18 c:/program files (x86)/atmel/atmel toolchain/avr32 gcc/native/3.4.2.1002/avr32-gnu-toolchain/bin/../lib/gcc/avr32/4.4.7/../../../../avr32/lib/ucr3\libc.a(lib_a-syscalls.o)
                0x8000a9ec                isatty
 .text._fstat_host
                0x8000aa04       0x18 c:/program files (x86)/atmel/atmel toolchain/avr32 gcc/native/3.4.2.1002/avr32-gnu-toolchain/bin/../lib/gcc/avr32/4.4.7/../../../../avr32/lib/ucr3\libc.a(lib_a-syscalls.o)
                0x8000aa04                _fstat_host
 .text._fstat   0x8000aa1c       0x4c c:/program files (x86)/atmel/atmel toolchain/avr32 gcc/native/3.4.2.1002/avr32-gnu-toolchain/bin/../lib/gcc/avr32/4.4.7/../../../../avr32/lib/ucr3\libc.a(lib_a-syscalls.o)
                                 0x50 (size before relaxing)
                0x8000aa1c                _fstat
 .text._sbrk    0x8000aa68       0x3c c:/program files (x86)/atmel/atmel toolchain/avr32 gcc/native/3.4.2.1002/avr32-gnu-toolchain/bin/../lib/gcc/avr32/4.4.7/../../../../avr32/lib/ucr3\libc.a(lib_a-syscalls.o)
                                 0x40 (size before relaxing)
                0x8000aa68                _sbrk
 .text._write_r
                0x8000aaa4       0x28 c:/program files (x86)/atmel/atmel toolchain/avr32 gcc/native/3.4.2.1002/avr32-gnu-toolchain/bin/../lib/gcc/avr32/4.4.7/../../../../avr32/lib/ucr3\libc.a(lib_a-writer.o)
                                 0x2c (size before relaxing)
                0x8000aaa4                _write_r
 .text._calloc_r
                0x8000aacc       0x58 c:/program files (x86)/atmel/atmel toolchain/avr32 gcc/native/3.4.2.1002/avr32-gnu-toolchain/bin/../lib/gcc/avr32/4.4.7/../../../../avr32/lib/ucr3\libc.a(lib_a-callocr.o)
                                 0x60 (size before relaxing)
                0x8000aacc                _calloc_r
 .text._close_r
                0x8000ab24       0x20 c:/program files (x86)/atmel/atmel toolchain/avr32 gcc/native/3.4.2.1002/avr32-gnu-toolchain/bin/../lib/gcc/avr32/4.4.7/../../../../avr32/lib/ucr3\libc.a(lib_a-closer.o)
                                 0x28 (size before relaxing)
                0x8000ab24                _close_r
 .text.__errno  0x8000ab44        0xc c:/program files (x86)/atmel/atmel toolchain/avr32 gcc/native/3.4.2.1002/avr32-gnu-toolchain/bin/../lib/gcc/avr32/4.4.7/../../../../avr32/lib/ucr3\libc.a(lib_a-errno.o)
                0x8000ab44                __errno
 .text._fclose_r
                0x8000ab50       0xbc c:/program files (x86)/atmel/atmel toolchain/avr32 gcc/native/3.4.2.1002/avr32-gnu-toolchain/bin/../lib/gcc/avr32/4.4.7/../../../../avr32/lib/ucr3\libc.a(lib_a-fclose.o)
                                 0xd0 (size before relaxing)
                0x8000ab50                _fclose_r
 .text.fclose   0x8000ac0c       0x10 c:/program files (x86)/atmel/atmel toolchain/avr32 gcc/native/3.4.2.1002/avr32-gnu-toolchain/bin/../lib/gcc/avr32/4.4.7/../../../../avr32/lib/ucr3\libc.a(lib_a-fclose.o)
                                 0x18 (size before relaxing)
                0x8000ac0c                fclose
 .text._fstat_r
                0x8000ac1c       0x24 c:/program files (x86)/atmel/atmel toolchain/avr32 gcc/native/3.4.2.1002/avr32-gnu-toolchain/bin/../lib/gcc/avr32/4.4.7/../../../../avr32/lib/ucr3\libc.a(lib_a-fstatr.o)
                                 0x2c (size before relaxing)
                0x8000ac1c                _fstat_r
 .text._lseek_r
                0x8000ac40       0x28 c:/program files (x86)/atmel/atmel toolchain/avr32 gcc/native/3.4.2.1002/avr32-gnu-toolchain/bin/../lib/gcc/avr32/4.4.7/../../../../avr32/lib/ucr3\libc.a(lib_a-lseekr.o)
                                 0x2c (size before relaxing)
                0x8000ac40                _lseek_r
 .text._read_r  0x8000ac68       0x28 c:/program files (x86)/atmel/atmel toolchain/avr32 gcc/native/3.4.2.1002/avr32-gnu-toolchain/bin/../lib/gcc/avr32/4.4.7/../../../../avr32/lib/ucr3\libc.a(lib_a-readr.o)
                                 0x2c (size before relaxing)
                0x8000ac68                _read_r
 .text          0x8000ac90      0x1d4 c:/program files (x86)/atmel/atmel toolchain/avr32 gcc/native/3.4.2.1002/avr32-gnu-toolchain/bin/../lib/gcc/avr32/4.4.7/ucr3\libgcc.a(_avr32_f64_mul.o)
                0x8000ac90                __avr32_f64_mul
 .text          0x8000ae64      0x2b0 c:/program files (x86)/atmel/atmel toolchain/avr32 gcc/native/3.4.2.1002/avr32-gnu-toolchain/bin/../lib/gcc/avr32/4.4.7/ucr3\libgcc.a(_avr32_f64_addsub.o)
                0x8000ae68                __avr32_f64_sub
                0x8000b004                __avr32_f64_add
 .text          0x8000b114       0x2a c:/program files (x86)/atmel/atmel toolchain/avr32 gcc/native/3.4.2.1002/avr32-gnu-toolchain/bin/../lib/gcc/avr32/4.4.7/ucr3\libgcc.a(_avr32_f64_to_s32.o)
                0x8000b114                __avr32_f64_to_u32
                0x8000b118                __avr32_f64_to_s32
 .text          0x8000b13e       0xe8 c:/program files (x86)/atmel/atmel toolchain/avr32 gcc/native/3.4.2.1002/avr32-gnu-toolchain/bin/../lib/gcc/avr32/4.4.7/ucr3\libgcc.a(_avr32_s32_to_f64.o)
                0x8000b13e                __avr32_u32_to_f64
                0x8000b146                __avr32_s32_to_f64
 .text          0x8000b226       0x26 c:/program files (x86)/atmel/atmel toolchain/avr32 gcc/native/3.4.2.1002/avr32-gnu-toolchain/bin/../lib/gcc/avr32/4.4.7/ucr3\libgcc.a(_avr32_f64_cmp_eq.o)
                0x8000b226                __avr32_f64_cmp_eq
 .text          0x8000b24c       0x68 c:/program files (x86)/atmel/atmel toolchain/avr32 gcc/native/3.4.2.1002/avr32-gnu-toolchain/bin/../lib/gcc/avr32/4.4.7/ucr3\libgcc.a(_avr32_f64_cmp_ge.o)
                0x8000b24c                __avr32_f64_cmp_ge
 .text          0x8000b2b4       0x68 c:/program files (x86)/atmel/atmel toolchain/avr32 gcc/native/3.4.2.1002/avr32-gnu-toolchain/bin/../lib/gcc/avr32/4.4.7/ucr3\libgcc.a(_avr32_f64_cmp_lt.o)
                0x8000b2b4                __avr32_f64_cmp_lt
 .text          0x8000b31c      0x318 c:/program files (x86)/atmel/atmel toolchain/avr32 gcc/native/3.4.2.1002/avr32-gnu-toolchain/bin/../lib/gcc/avr32/4.4.7/ucr3\libgcc.a(_avr32_f64_div.o)
                0x8000b31c                __avr32_f64_div
 .text          0x8000b634      0x20c c:/program files (x86)/atmel/atmel toolchain/avr32 gcc/native/3.4.2.1002/avr32-gnu-toolchain/bin/../lib/gcc/avr32/4.4.7/ucr3\libgcc.a(_umoddi3.o)
                0x8000b634                __avr32_umod64
                0x8000b634                __umoddi3
 *(.text.*personality*)
 *(.gnu.warning)

.exception      0x8000ba00      0x200
 .exception     0x8000ba00      0x200 src/ASF/avr32/drivers/intc/exception.o
                0x8000ba00                _evba
                0x8000bb04                _int0
                0x8000bb12                _int1
                0x8000bb20                _int2
                0x8000bb2e                _int3

.fini
 *(.fini)
                0x8000bc00                PROVIDE (__etext, .)
                0x8000bc00                PROVIDE (_etext, .)
                0x8000bc00                PROVIDE (etext, .)

.rodata         0x8000bc00     0x112c
 *(.rodata .rodata.* .gnu.linkonce.r.*)
 .rodata.gpio_enable_module_pin
                0x8000bc00       0x20 src/ASF/avr32/drivers/gpio/gpio.o
 .rodata._int_handler_table
                0x8000bc20      0x110 src/ASF/avr32/drivers/intc/intc.o
 .rodata.st7529_pin_map_lut
                0x8000bd30      0x800 src/lcd/st7529.o
                0x8000bd30                st7529_pin_map_lut
 .rodata.st7529_5x7_font
                0x8000c530      0x1e0 src/lcd/st7529.o
                0x8000c530                st7529_5x7_font
 .rodata.waveform_opt.14606
                0x8000c710        0x8 src/main.o
 .rodata.tc_interrupt.14607
                0x8000c718        0x4 src/main.o
 .rodata.bytes1.14542
                0x8000c71c        0x4 src/main.o
 .rodata.bytes2.14543
                0x8000c720        0x4 src/main.o
 .rodata.C.60.14454
                0x8000c724       0x10 src/main.o
 .rodata.PDCA_OPTIONS1.14452
                0x8000c734       0x1c src/main.o
 .rodata.PDCA_OPTIONS2.14453
                0x8000c750       0x1c src/main.o
 .rodata.PDCA_OPTIONS.14447
                0x8000c76c       0x1c src/main.o
 .rodata.USART_GPIO_MAP.14436
                0x8000c788       0x10 src/main.o
 .rodata.USART_OPTIONS.14437
                0x8000c798        0xc src/main.o
 .rodata.get_arg
                0x8000c7a4       0x3c c:/program files (x86)/atmel/atmel toolchain/avr32 gcc/native/3.4.2.1002/avr32-gnu-toolchain/bin/../lib/gcc/avr32/4.4.7/../../../../avr32/lib/ucr3\libc.a(lib_a-vfprintf.o)
 .rodata._vfprintf_r
                0x8000c7e0      0x164 c:/program files (x86)/atmel/atmel toolchain/avr32 gcc/native/3.4.2.1002/avr32-gnu-toolchain/bin/../lib/gcc/avr32/4.4.7/../../../../avr32/lib/ucr3\libc.a(lib_a-vfprintf.o)
 .rodata.state_table
                0x8000c944       0x6c c:/program files (x86)/atmel/atmel toolchain/avr32 gcc/native/3.4.2.1002/avr32-gnu-toolchain/bin/../lib/gcc/avr32/4.4.7/../../../../avr32/lib/ucr3\libc.a(lib_a-vfprintf.o)
 .rodata.action_table
                0x8000c9b0       0x6c c:/program files (x86)/atmel/atmel toolchain/avr32 gcc/native/3.4.2.1002/avr32-gnu-toolchain/bin/../lib/gcc/avr32/4.4.7/../../../../avr32/lib/ucr3\libc.a(lib_a-vfprintf.o)
 .rodata.str1.4
                0x8000ca1c       0x3a c:/program files (x86)/atmel/atmel toolchain/avr32 gcc/native/3.4.2.1002/avr32-gnu-toolchain/bin/../lib/gcc/avr32/4.4.7/../../../../avr32/lib/ucr3\libc.a(lib_a-vfprintf.o)
                                 0x3c (size before relaxing)
 *fill*         0x8000ca56        0x2 
 .rodata.blanks.3430
                0x8000ca58       0x10 c:/program files (x86)/atmel/atmel toolchain/avr32 gcc/native/3.4.2.1002/avr32-gnu-toolchain/bin/../lib/gcc/avr32/4.4.7/../../../../avr32/lib/ucr3\libc.a(lib_a-vfprintf.o)
 .rodata.zeroes.3431
                0x8000ca68       0x10 c:/program files (x86)/atmel/atmel toolchain/avr32 gcc/native/3.4.2.1002/avr32-gnu-toolchain/bin/../lib/gcc/avr32/4.4.7/../../../../avr32/lib/ucr3\libc.a(lib_a-vfprintf.o)
 .rodata.chclass
                0x8000ca78      0x100 c:/program files (x86)/atmel/atmel toolchain/avr32 gcc/native/3.4.2.1002/avr32-gnu-toolchain/bin/../lib/gcc/avr32/4.4.7/../../../../avr32/lib/ucr3\libc.a(lib_a-vfprintf.o)
 .rodata.str1.4
                0x8000cb78       0x10 c:/program files (x86)/atmel/atmel toolchain/avr32 gcc/native/3.4.2.1002/avr32-gnu-toolchain/bin/../lib/gcc/avr32/4.4.7/../../../../avr32/lib/ucr3\libc.a(lib_a-dtoa.o)
                                 0x14 (size before relaxing)
 .rodata.__sf_fake_stdin
                0x8000cb88       0x20 c:/program files (x86)/atmel/atmel toolchain/avr32 gcc/native/3.4.2.1002/avr32-gnu-toolchain/bin/../lib/gcc/avr32/4.4.7/../../../../avr32/lib/ucr3\libc.a(lib_a-findfp.o)
                0x8000cb88                __sf_fake_stdin
 .rodata.__sf_fake_stdout
                0x8000cba8       0x20 c:/program files (x86)/atmel/atmel toolchain/avr32 gcc/native/3.4.2.1002/avr32-gnu-toolchain/bin/../lib/gcc/avr32/4.4.7/../../../../avr32/lib/ucr3\libc.a(lib_a-findfp.o)
                0x8000cba8                __sf_fake_stdout
 .rodata.__sf_fake_stderr
                0x8000cbc8       0x20 c:/program files (x86)/atmel/atmel toolchain/avr32 gcc/native/3.4.2.1002/avr32-gnu-toolchain/bin/../lib/gcc/avr32/4.4.7/../../../../avr32/lib/ucr3\libc.a(lib_a-findfp.o)
                0x8000cbc8                __sf_fake_stderr
 .rodata.str1.4
                0x8000cbe8        0x2 c:/program files (x86)/atmel/atmel toolchain/avr32 gcc/native/3.4.2.1002/avr32-gnu-toolchain/bin/../lib/gcc/avr32/4.4.7/../../../../avr32/lib/ucr3\libc.a(lib_a-impure.o)
                                  0x4 (size before relaxing)
 *fill*         0x8000cbea        0x2 
 .rodata._global_impure_ptr
                0x8000cbec        0x4 c:/program files (x86)/atmel/atmel toolchain/avr32 gcc/native/3.4.2.1002/avr32-gnu-toolchain/bin/../lib/gcc/avr32/4.4.7/../../../../avr32/lib/ucr3\libc.a(lib_a-impure.o)
                0x8000cbec                _global_impure_ptr
 .rodata.lconv  0x8000cbf0       0x30 c:/program files (x86)/atmel/atmel toolchain/avr32 gcc/native/3.4.2.1002/avr32-gnu-toolchain/bin/../lib/gcc/avr32/4.4.7/../../../../avr32/lib/ucr3\libc.a(lib_a-locale.o)
 .rodata.str1.4
                0x8000cc20       0x10 c:/program files (x86)/atmel/atmel toolchain/avr32 gcc/native/3.4.2.1002/avr32-gnu-toolchain/bin/../lib/gcc/avr32/4.4.7/../../../../avr32/lib/ucr3\libc.a(lib_a-locale.o)
                                 0x18 (size before relaxing)
 .rodata.p05.2471
                0x8000cc30        0xc c:/program files (x86)/atmel/atmel toolchain/avr32 gcc/native/3.4.2.1002/avr32-gnu-toolchain/bin/../lib/gcc/avr32/4.4.7/../../../../avr32/lib/ucr3\libc.a(lib_a-mprec.o)
 .rodata.__mprec_tens
                0x8000cc3c       0xc8 c:/program files (x86)/atmel/atmel toolchain/avr32 gcc/native/3.4.2.1002/avr32-gnu-toolchain/bin/../lib/gcc/avr32/4.4.7/../../../../avr32/lib/ucr3\libc.a(lib_a-mprec.o)
                0x8000cc3c                __mprec_tens
 .rodata.__mprec_bigtens
                0x8000cd04       0x28 c:/program files (x86)/atmel/atmel toolchain/avr32 gcc/native/3.4.2.1002/avr32-gnu-toolchain/bin/../lib/gcc/avr32/4.4.7/../../../../avr32/lib/ucr3\libc.a(lib_a-mprec.o)
                0x8000cd04                __mprec_bigtens

.rodata1
 *(.rodata1)

.eh_frame_hdr
 *(.eh_frame_hdr)

.eh_frame
 *(.eh_frame)

.gcc_except_table
 *(.gcc_except_table)
 *(.gcc_except_table.*)

.dalign         0x8000cd2c        0x4
                0x8000cd30                . = ALIGN (0x8)
 *fill*         0x8000cd2c        0x4 
                0x8000cd30                PROVIDE (_data_lma, .)
                0x00000004                PROVIDE (_data, ORIGIN (CPUSRAM))
                0x00000004                . = ORIGIN (CPUSRAM)

.eh_frame
 *(.eh_frame)

.gcc_except_table
 *(.gcc_except_table)
 *(.gcc_except_table.*)

.tdata
 *(.tdata .tdata.* .gnu.linkonce.td.*)

.tbss
 *(.tbss .tbss.* .gnu.linkonce.tb.*)
 *(.tcommon)
                0x00000004                PROVIDE (__preinit_array_start, ALIGN (0x4))

.preinit_array
 *(.preinit_array)
                0x00000004                PROVIDE (__preinit_array_end, .)
                0x00000004                PROVIDE (__init_array_start, .)

.init_array
 *(.init_array)
                0x00000004                PROVIDE (__init_array_end, .)
                0x00000004                PROVIDE (__fini_array_start, .)

.fini_array
 *(.fini_array)
                0x00000004                PROVIDE (__fini_array_end, .)

.ctors
 *crtbegin*.o(.ctors)
 *(EXCLUDE_FILE(*crtend*.o) .ctors)
 *(SORT(.ctors.*))
 *(.ctors)

.dtors
 *crtbegin*.o(.dtors)
 *(EXCLUDE_FILE(*crtend*.o) .dtors)
 *(SORT(.dtors.*))
 *(.dtors)

.jcr
 *(.jcr)

.data.rel.ro
 *(.data.rel.ro.local)
 *(.data.rel.ro*)

.dynamic
 *(.dynamic)

.got
 *(.got.plt)
 *(.got)

.data           0x00000004      0x50c load address 0x8000cd30
 *(.data .data.* .gnu.linkonce.d.*)
 .data.flashcdw_wait_until_ready
                0x00000004        0x4 src/ASF/avr32/drivers/flashcdw/flashcdw.o
                0x00000004                flashcdw_wait_until_ready
 .data.sens_tx_buffer
                0x00000008        0x4 src/main.o
                0x00000008                sens_tx_buffer
 .data.impure_data
                0x0000000c       0xf0 c:/program files (x86)/atmel/atmel toolchain/avr32 gcc/native/3.4.2.1002/avr32-gnu-toolchain/bin/../lib/gcc/avr32/4.4.7/../../../../avr32/lib/ucr3\libc.a(lib_a-impure.o)
 .data._impure_ptr
                0x000000fc        0x4 c:/program files (x86)/atmel/atmel toolchain/avr32 gcc/native/3.4.2.1002/avr32-gnu-toolchain/bin/../lib/gcc/avr32/4.4.7/../../../../avr32/lib/ucr3\libc.a(lib_a-impure.o)
                0x000000fc                _impure_ptr
 .data.__malloc_av_
                0x00000100      0x408 c:/program files (x86)/atmel/atmel toolchain/avr32 gcc/native/3.4.2.1002/avr32-gnu-toolchain/bin/../lib/gcc/avr32/4.4.7/../../../../avr32/lib/ucr3\libc.a(lib_a-mallocr.o)
                0x00000100                __malloc_av_
 .data.__malloc_trim_threshold
                0x00000508        0x4 c:/program files (x86)/atmel/atmel toolchain/avr32 gcc/native/3.4.2.1002/avr32-gnu-toolchain/bin/../lib/gcc/avr32/4.4.7/../../../../avr32/lib/ucr3\libc.a(lib_a-mallocr.o)
                0x00000508                __malloc_trim_threshold
 .data.__malloc_sbrk_base
                0x0000050c        0x4 c:/program files (x86)/atmel/atmel toolchain/avr32 gcc/native/3.4.2.1002/avr32-gnu-toolchain/bin/../lib/gcc/avr32/4.4.7/../../../../avr32/lib/ucr3\libc.a(lib_a-mallocr.o)
                0x0000050c                __malloc_sbrk_base
 *(.gnu.linkonce.d.*personality*)

.data1
 *(.data1)

.balign         0x00000510        0x0 load address 0x8000d23c
                0x00000510                . = ALIGN (0x8)
                0x00000510                _edata = .
                0x00000510                _edata = .
                0x00000510                PROVIDE (edata, .)
                0x00000510                __bss_start = .

.bss            0x00000510      0x418 load address 0x8000d23c
 *(.dynbss)
 *(.bss .bss.* .gnu.linkonce.b.*)
 .bss.flashcdw_error_status
                0x00000510        0x4 src/ASF/avr32/drivers/flashcdw/flashcdw.o
 .bss._int_line_handler_table_0
                0x00000514        0x4 src/ASF/avr32/drivers/intc/intc.o
 .bss._int_line_handler_table_1
                0x00000518        0x8 src/ASF/avr32/drivers/intc/intc.o
 .bss._int_line_handler_table_2
                0x00000520        0x4 src/ASF/avr32/drivers/intc/intc.o
 .bss._int_line_handler_table_3
                0x00000524        0x4 src/ASF/avr32/drivers/intc/intc.o
 .bss._int_line_handler_table_4
                0x00000528       0x10 src/ASF/avr32/drivers/intc/intc.o
 .bss._int_line_handler_table_5
                0x00000538       0x10 src/ASF/avr32/drivers/intc/intc.o
 .bss._int_line_handler_table_6
                0x00000548       0x10 src/ASF/avr32/drivers/intc/intc.o
 .bss._int_line_handler_table_7
                0x00000558        0x4 src/ASF/avr32/drivers/intc/intc.o
 .bss._int_line_handler_table_8
                0x0000055c        0x4 src/ASF/avr32/drivers/intc/intc.o
 .bss._int_line_handler_table_9
                0x00000560        0x4 src/ASF/avr32/drivers/intc/intc.o
 .bss._int_line_handler_table_10
                0x00000564       0x10 src/ASF/avr32/drivers/intc/intc.o
 .bss._int_line_handler_table_11
                0x00000574       0x10 src/ASF/avr32/drivers/intc/intc.o
 .bss._int_line_handler_table_12
                0x00000584        0x4 src/ASF/avr32/drivers/intc/intc.o
 .bss._int_line_handler_table_13
                0x00000588        0x4 src/ASF/avr32/drivers/intc/intc.o
 .bss._int_line_handler_table_14
                0x0000058c       0x20 src/ASF/avr32/drivers/intc/intc.o
 .bss._int_line_handler_table_15
                0x000005ac        0x4 src/ASF/avr32/drivers/intc/intc.o
 .bss._int_line_handler_table_16
                0x000005b0        0x4 src/ASF/avr32/drivers/intc/intc.o
 .bss._int_line_handler_table_17
                0x000005b4        0x4 src/ASF/avr32/drivers/intc/intc.o
 .bss._int_line_handler_table_18
                0x000005b8        0x4 src/ASF/avr32/drivers/intc/intc.o
 .bss._int_line_handler_table_19
                0x000005bc        0x4 src/ASF/avr32/drivers/intc/intc.o
 .bss._int_line_handler_table_20
                0x000005c0        0x4 src/ASF/avr32/drivers/intc/intc.o
 .bss._int_line_handler_table_21
                0x000005c4        0x4 src/ASF/avr32/drivers/intc/intc.o
 .bss._int_line_handler_table_22
                0x000005c8        0x4 src/ASF/avr32/drivers/intc/intc.o
 .bss._int_line_handler_table_23
                0x000005cc        0x4 src/ASF/avr32/drivers/intc/intc.o
 .bss._int_line_handler_table_24
                0x000005d0        0x4 src/ASF/avr32/drivers/intc/intc.o
 .bss._int_line_handler_table_25
                0x000005d4        0xc src/ASF/avr32/drivers/intc/intc.o
 .bss._int_line_handler_table_26
                0x000005e0        0xc src/ASF/avr32/drivers/intc/intc.o
 .bss._int_line_handler_table_27
                0x000005ec        0x4 src/ASF/avr32/drivers/intc/intc.o
 .bss._int_line_handler_table_28
                0x000005f0        0x4 src/ASF/avr32/drivers/intc/intc.o
 .bss._int_line_handler_table_29
                0x000005f4        0x4 src/ASF/avr32/drivers/intc/intc.o
 .bss._int_line_handler_table_30
                0x000005f8        0x4 src/ASF/avr32/drivers/intc/intc.o
 .bss._int_line_handler_table_31
                0x000005fc        0x4 src/ASF/avr32/drivers/intc/intc.o
 .bss._int_line_handler_table_32
                0x00000600        0x4 src/ASF/avr32/drivers/intc/intc.o
 .bss._int_line_handler_table_33
                0x00000604        0x4 src/ASF/avr32/drivers/intc/intc.o
 .bss.usart_timeout_flag
                0x00000608        0x4 src/main.o
                0x00000608                usart_timeout_flag
 .bss.sens_rx_state
                0x0000060c        0x4 src/main.o
                0x0000060c                sens_rx_state
 .bss.tick_cnt  0x00000610        0x4 src/main.o
                0x00000610                tick_cnt
 .bss.last_cnt  0x00000614        0x4 src/main.o
                0x00000614                last_cnt
 .bss.__malloc_max_total_mem
                0x00000618        0x4 c:/program files (x86)/atmel/atmel toolchain/avr32 gcc/native/3.4.2.1002/avr32-gnu-toolchain/bin/../lib/gcc/avr32/4.4.7/../../../../avr32/lib/ucr3\libc.a(lib_a-mallocr.o)
                0x00000618                __malloc_max_total_mem
 .bss.__malloc_max_sbrked_mem
                0x0000061c        0x4 c:/program files (x86)/atmel/atmel toolchain/avr32 gcc/native/3.4.2.1002/avr32-gnu-toolchain/bin/../lib/gcc/avr32/4.4.7/../../../../avr32/lib/ucr3\libc.a(lib_a-mallocr.o)
                0x0000061c                __malloc_max_sbrked_mem
 .bss.__malloc_top_pad
                0x00000620        0x4 c:/program files (x86)/atmel/atmel toolchain/avr32 gcc/native/3.4.2.1002/avr32-gnu-toolchain/bin/../lib/gcc/avr32/4.4.7/../../../../avr32/lib/ucr3\libc.a(lib_a-mallocr.o)
                0x00000620                __malloc_top_pad
 .bss.__malloc_current_mallinfo
                0x00000624       0x28 c:/program files (x86)/atmel/atmel toolchain/avr32 gcc/native/3.4.2.1002/avr32-gnu-toolchain/bin/../lib/gcc/avr32/4.4.7/../../../../avr32/lib/ucr3\libc.a(lib_a-mallocr.o)
                0x00000624                __malloc_current_mallinfo
 .bss.cur_heap_pos.1869
                0x0000064c        0x4 c:/program files (x86)/atmel/atmel toolchain/avr32 gcc/native/3.4.2.1002/avr32-gnu-toolchain/bin/../lib/gcc/avr32/4.4.7/../../../../avr32/lib/ucr3\libc.a(lib_a-syscalls.o)
 *(COMMON)
 COMMON         0x00000650      0x2d2 src/main.o
                0x00000650                bmp180_cal_data
                0x00000668                gps_data
                0x000006ac                other_bmp180_cal_data
                0x000006c4                usart_rx_buffer
                0x0000091c                sens_rx_buffer
 *fill*         0x00000922        0x2 
 COMMON         0x00000924        0x4 c:/program files (x86)/atmel/atmel toolchain/avr32 gcc/native/3.4.2.1002/avr32-gnu-toolchain/bin/../lib/gcc/avr32/4.4.7/../../../../avr32/lib/ucr3\libc.a(lib_a-reent.o)
                0x00000924                errno
                0x00000928                . = ALIGN (0x8)
                0x00000928                . = ALIGN (0x8)
                0x00000928                _end = .
                0x00000928                PROVIDE (end, .)
                0x00000928                __heap_start__ = ALIGN (0x8)
                0x00007000                . = ((ORIGIN (CPUSRAM) + 0x7ffc) - _stack_size)
                0x00007000                __heap_end__ = .

.stab
 *(.stab)

.stabstr
 *(.stabstr)

.stab.excl
 *(.stab.excl)

.stab.exclstr
 *(.stab.exclstr)

.stab.index
 *(.stab.index)

.stab.indexstr
 *(.stab.indexstr)

.comment        0x00000000       0x30
 *(.comment)
 .comment       0x00000000       0x30 src/ASF/avr32/drivers/flashcdw/flashcdw.o
                                 0x31 (size before relaxing)
 .comment       0x00000000       0x31 src/ASF/avr32/drivers/gpio/gpio.o
 .comment       0x00000000       0x31 src/ASF/avr32/drivers/intc/intc.o
 .comment       0x00000000       0x31 src/ASF/avr32/drivers/pdca/pdca.o
 .comment       0x00000000       0x31 src/ASF/avr32/drivers/pm/pm_uc3l.o
 .comment       0x00000000       0x31 src/ASF/avr32/drivers/pm/power_clocks_lib.o
 .comment       0x00000000       0x31 src/ASF/avr32/drivers/scif/scif_uc3l.o
 .comment       0x00000000       0x31 src/ASF/avr32/drivers/tc/tc.o
 .comment       0x00000000       0x31 src/ASF/avr32/drivers/twim/twim.o
 .comment       0x00000000       0x31 src/ASF/avr32/drivers/usart/usart.o
 .comment       0x00000000       0x31 src/gps/uc530.o
 .comment       0x00000000       0x31 src/lcd/st7529.o
 .comment       0x00000000       0x31 src/main.o
 .comment       0x00000000       0x31 src/ASF/common/boards/user_board/init.o
 .comment       0x00000000       0x31 c:/program files (x86)/atmel/atmel toolchain/avr32 gcc/native/3.4.2.1002/avr32-gnu-toolchain/bin/../lib/gcc/avr32/4.4.7/ucr3\libgcc.a(_udivdi3.o)
 .comment       0x00000000       0x31 c:/program files (x86)/atmel/atmel toolchain/avr32 gcc/native/3.4.2.1002/avr32-gnu-toolchain/bin/../lib/gcc/avr32/4.4.7/../../../../avr32/lib/ucr3\libc.a(lib_a-sprintf.o)
 .comment       0x00000000       0x31 c:/program files (x86)/atmel/atmel toolchain/avr32 gcc/native/3.4.2.1002/avr32-gnu-toolchain/bin/../lib/gcc/avr32/4.4.7/../../../../avr32/lib/ucr3\libc.a(lib_a-vfprintf.o)
 .comment       0x00000000       0x31 c:/program files (x86)/atmel/atmel toolchain/avr32 gcc/native/3.4.2.1002/avr32-gnu-toolchain/bin/../lib/gcc/avr32/4.4.7/../../../../avr32/lib/ucr3\libc.a(lib_a-wsetup.o)
 .comment       0x00000000       0x31 c:/program files (x86)/atmel/atmel toolchain/avr32 gcc/native/3.4.2.1002/avr32-gnu-toolchain/bin/../lib/gcc/avr32/4.4.7/../../../../avr32/lib/ucr3\libc.a(lib_a-dtoa.o)
 .comment       0x00000000       0x31 c:/program files (x86)/atmel/atmel toolchain/avr32 gcc/native/3.4.2.1002/avr32-gnu-toolchain/bin/../lib/gcc/avr32/4.4.7/../../../../avr32/lib/ucr3\libc.a(lib_a-fflush.o)
 .comment       0x00000000       0x31 c:/program files (x86)/atmel/atmel toolchain/avr32 gcc/native/3.4.2.1002/avr32-gnu-toolchain/bin/../lib/gcc/avr32/4.4.7/../../../../avr32/lib/ucr3\libc.a(lib_a-findfp.o)
 .comment       0x00000000       0x31 c:/program files (x86)/atmel/atmel toolchain/avr32 gcc/native/3.4.2.1002/avr32-gnu-toolchain/bin/../lib/gcc/avr32/4.4.7/../../../../avr32/lib/ucr3\libc.a(lib_a-freer.o)
 .comment       0x00000000       0x31 c:/program files (x86)/atmel/atmel toolchain/avr32 gcc/native/3.4.2.1002/avr32-gnu-toolchain/bin/../lib/gcc/avr32/4.4.7/../../../../avr32/lib/ucr3\libc.a(lib_a-fvwrite.o)
 .comment       0x00000000       0x31 c:/program files (x86)/atmel/atmel toolchain/avr32 gcc/native/3.4.2.1002/avr32-gnu-toolchain/bin/../lib/gcc/avr32/4.4.7/../../../../avr32/lib/ucr3\libc.a(lib_a-fwalk.o)
 .comment       0x00000000       0x31 c:/program files (x86)/atmel/atmel toolchain/avr32 gcc/native/3.4.2.1002/avr32-gnu-toolchain/bin/../lib/gcc/avr32/4.4.7/../../../../avr32/lib/ucr3\libc.a(lib_a-impure.o)
 .comment       0x00000000       0x31 c:/program files (x86)/atmel/atmel toolchain/avr32 gcc/native/3.4.2.1002/avr32-gnu-toolchain/bin/../lib/gcc/avr32/4.4.7/../../../../avr32/lib/ucr3\libc.a(lib_a-locale.o)
 .comment       0x00000000       0x31 c:/program files (x86)/atmel/atmel toolchain/avr32 gcc/native/3.4.2.1002/avr32-gnu-toolchain/bin/../lib/gcc/avr32/4.4.7/../../../../avr32/lib/ucr3\libc.a(lib_a-makebuf.o)
 .comment       0x00000000       0x31 c:/program files (x86)/atmel/atmel toolchain/avr32 gcc/native/3.4.2.1002/avr32-gnu-toolchain/bin/../lib/gcc/avr32/4.4.7/../../../../avr32/lib/ucr3\libc.a(lib_a-malloc.o)
 .comment       0x00000000       0x31 c:/program files (x86)/atmel/atmel toolchain/avr32 gcc/native/3.4.2.1002/avr32-gnu-toolchain/bin/../lib/gcc/avr32/4.4.7/../../../../avr32/lib/ucr3\libc.a(lib_a-mallocr.o)
 .comment       0x00000000       0x31 c:/program files (x86)/atmel/atmel toolchain/avr32 gcc/native/3.4.2.1002/avr32-gnu-toolchain/bin/../lib/gcc/avr32/4.4.7/../../../../avr32/lib/ucr3\libc.a(lib_a-memchr.o)
 .comment       0x00000000       0x31 c:/program files (x86)/atmel/atmel toolchain/avr32 gcc/native/3.4.2.1002/avr32-gnu-toolchain/bin/../lib/gcc/avr32/4.4.7/../../../../avr32/lib/ucr3\libc.a(lib_a-memmove.o)
 .comment       0x00000000       0x31 c:/program files (x86)/atmel/atmel toolchain/avr32 gcc/native/3.4.2.1002/avr32-gnu-toolchain/bin/../lib/gcc/avr32/4.4.7/../../../../avr32/lib/ucr3\libc.a(lib_a-memset.o)
 .comment       0x00000000       0x31 c:/program files (x86)/atmel/atmel toolchain/avr32 gcc/native/3.4.2.1002/avr32-gnu-toolchain/bin/../lib/gcc/avr32/4.4.7/../../../../avr32/lib/ucr3\libc.a(lib_a-mlock.o)
 .comment       0x00000000       0x31 c:/program files (x86)/atmel/atmel toolchain/avr32 gcc/native/3.4.2.1002/avr32-gnu-toolchain/bin/../lib/gcc/avr32/4.4.7/../../../../avr32/lib/ucr3\libc.a(lib_a-mprec.o)
 .comment       0x00000000       0x31 c:/program files (x86)/atmel/atmel toolchain/avr32 gcc/native/3.4.2.1002/avr32-gnu-toolchain/bin/../lib/gcc/avr32/4.4.7/../../../../avr32/lib/ucr3\libc.a(lib_a-reallocr.o)
 .comment       0x00000000       0x31 c:/program files (x86)/atmel/atmel toolchain/avr32 gcc/native/3.4.2.1002/avr32-gnu-toolchain/bin/../lib/gcc/avr32/4.4.7/../../../../avr32/lib/ucr3\libc.a(lib_a-s_isinfd.o)
 .comment       0x00000000       0x31 c:/program files (x86)/atmel/atmel toolchain/avr32 gcc/native/3.4.2.1002/avr32-gnu-toolchain/bin/../lib/gcc/avr32/4.4.7/../../../../avr32/lib/ucr3\libc.a(lib_a-s_isnand.o)
 .comment       0x00000000       0x31 c:/program files (x86)/atmel/atmel toolchain/avr32 gcc/native/3.4.2.1002/avr32-gnu-toolchain/bin/../lib/gcc/avr32/4.4.7/../../../../avr32/lib/ucr3\libc.a(lib_a-sbrkr.o)
 .comment       0x00000000       0x31 c:/program files (x86)/atmel/atmel toolchain/avr32 gcc/native/3.4.2.1002/avr32-gnu-toolchain/bin/../lib/gcc/avr32/4.4.7/../../../../avr32/lib/ucr3\libc.a(lib_a-stdio.o)
 .comment       0x00000000       0x31 c:/program files (x86)/atmel/atmel toolchain/avr32 gcc/native/3.4.2.1002/avr32-gnu-toolchain/bin/../lib/gcc/avr32/4.4.7/../../../../avr32/lib/ucr3\libc.a(lib_a-strlen.o)
 .comment       0x00000000       0x31 c:/program files (x86)/atmel/atmel toolchain/avr32 gcc/native/3.4.2.1002/avr32-gnu-toolchain/bin/../lib/gcc/avr32/4.4.7/../../../../avr32/lib/ucr3\libc.a(lib_a-syscalls.o)
 .comment       0x00000000       0x31 c:/program files (x86)/atmel/atmel toolchain/avr32 gcc/native/3.4.2.1002/avr32-gnu-toolchain/bin/../lib/gcc/avr32/4.4.7/../../../../avr32/lib/ucr3\libc.a(lib_a-writer.o)
 .comment       0x00000000       0x31 c:/program files (x86)/atmel/atmel toolchain/avr32 gcc/native/3.4.2.1002/avr32-gnu-toolchain/bin/../lib/gcc/avr32/4.4.7/../../../../avr32/lib/ucr3\libc.a(lib_a-callocr.o)
 .comment       0x00000000       0x31 c:/program files (x86)/atmel/atmel toolchain/avr32 gcc/native/3.4.2.1002/avr32-gnu-toolchain/bin/../lib/gcc/avr32/4.4.7/../../../../avr32/lib/ucr3\libc.a(lib_a-closer.o)
 .comment       0x00000000       0x31 c:/program files (x86)/atmel/atmel toolchain/avr32 gcc/native/3.4.2.1002/avr32-gnu-toolchain/bin/../lib/gcc/avr32/4.4.7/../../../../avr32/lib/ucr3\libc.a(lib_a-errno.o)
 .comment       0x00000000       0x31 c:/program files (x86)/atmel/atmel toolchain/avr32 gcc/native/3.4.2.1002/avr32-gnu-toolchain/bin/../lib/gcc/avr32/4.4.7/../../../../avr32/lib/ucr3\libc.a(lib_a-fclose.o)
 .comment       0x00000000       0x31 c:/program files (x86)/atmel/atmel toolchain/avr32 gcc/native/3.4.2.1002/avr32-gnu-toolchain/bin/../lib/gcc/avr32/4.4.7/../../../../avr32/lib/ucr3\libc.a(lib_a-fstatr.o)
 .comment       0x00000000       0x31 c:/program files (x86)/atmel/atmel toolchain/avr32 gcc/native/3.4.2.1002/avr32-gnu-toolchain/bin/../lib/gcc/avr32/4.4.7/../../../../avr32/lib/ucr3\libc.a(lib_a-lseekr.o)
 .comment       0x00000000       0x31 c:/program files (x86)/atmel/atmel toolchain/avr32 gcc/native/3.4.2.1002/avr32-gnu-toolchain/bin/../lib/gcc/avr32/4.4.7/../../../../avr32/lib/ucr3\libc.a(lib_a-readr.o)
 .comment       0x00000000       0x31 c:/program files (x86)/atmel/atmel toolchain/avr32 gcc/native/3.4.2.1002/avr32-gnu-toolchain/bin/../lib/gcc/avr32/4.4.7/../../../../avr32/lib/ucr3\libc.a(lib_a-reent.o)
 .comment       0x00000000       0x31 c:/program files (x86)/atmel/atmel toolchain/avr32 gcc/native/3.4.2.1002/avr32-gnu-toolchain/bin/../lib/gcc/avr32/4.4.7/ucr3\libgcc.a(_umoddi3.o)

.debug
 *(.debug)

.line
 *(.line)

.debug_srcinfo
 *(.debug_srcinfo)

.debug_sfnames
 *(.debug_sfnames)

.debug_aranges  0x00000000     0x1118
 *(.debug_aranges)
 .debug_aranges
                0x00000000      0x260 src/ASF/avr32/drivers/flashcdw/flashcdw.o
 .debug_aranges
                0x00000260      0x110 src/ASF/avr32/drivers/gpio/gpio.o
 .debug_aranges
                0x00000370       0x20 src/ASF/avr32/drivers/intc/exception.o
 .debug_aranges
                0x00000390       0x40 src/ASF/avr32/drivers/intc/intc.o
 .debug_aranges
                0x000003d0       0xd0 src/ASF/avr32/drivers/pdca/pdca.o
 .debug_aranges
                0x000004a0       0x68 src/ASF/avr32/drivers/pm/pm_uc3l.o
 .debug_aranges
                0x00000508       0x60 src/ASF/avr32/drivers/pm/power_clocks_lib.o
 .debug_aranges
                0x00000568      0x108 src/ASF/avr32/drivers/scif/scif_uc3l.o
 .debug_aranges
                0x00000670       0xb0 src/ASF/avr32/drivers/tc/tc.o
 .debug_aranges
                0x00000720       0x88 src/ASF/avr32/drivers/twim/twim.o
 .debug_aranges
                0x000007a8      0x108 src/ASF/avr32/drivers/usart/usart.o
 .debug_aranges
                0x000008b0       0x28 src/ASF/avr32/utils/startup/startup_uc3.o
 .debug_aranges
                0x000008d8       0x20 src/ASF/avr32/utils/startup/trampoline_uc3.o
 .debug_aranges
                0x000008f8       0x38 src/gps/uc530.o
 .debug_aranges
                0x00000930       0x48 src/lcd/st7529.o
 .debug_aranges
                0x00000978       0x98 src/main.o
 .debug_aranges
                0x00000a10       0x20 src/ASF/common/boards/user_board/init.o
 .debug_aranges
                0x00000a30       0x20 c:/program files (x86)/atmel/atmel toolchain/avr32 gcc/native/3.4.2.1002/avr32-gnu-toolchain/bin/../lib/gcc/avr32/4.4.7/ucr3\libgcc.a(_udivdi3.o)
 .debug_aranges
                0x00000a50       0x28 c:/program files (x86)/atmel/atmel toolchain/avr32 gcc/native/3.4.2.1002/avr32-gnu-toolchain/bin/../lib/gcc/avr32/4.4.7/../../../../avr32/lib/ucr3\libc.a(lib_a-sprintf.o)
 .debug_aranges
                0x00000a78       0x38 c:/program files (x86)/atmel/atmel toolchain/avr32 gcc/native/3.4.2.1002/avr32-gnu-toolchain/bin/../lib/gcc/avr32/4.4.7/../../../../avr32/lib/ucr3\libc.a(lib_a-vfprintf.o)
 .debug_aranges
                0x00000ab0       0x20 c:/program files (x86)/atmel/atmel toolchain/avr32 gcc/native/3.4.2.1002/avr32-gnu-toolchain/bin/../lib/gcc/avr32/4.4.7/../../../../avr32/lib/ucr3\libc.a(lib_a-wsetup.o)
 .debug_aranges
                0x00000ad0       0x28 c:/program files (x86)/atmel/atmel toolchain/avr32 gcc/native/3.4.2.1002/avr32-gnu-toolchain/bin/../lib/gcc/avr32/4.4.7/../../../../avr32/lib/ucr3\libc.a(lib_a-dtoa.o)
 .debug_aranges
                0x00000af8       0x28 c:/program files (x86)/atmel/atmel toolchain/avr32 gcc/native/3.4.2.1002/avr32-gnu-toolchain/bin/../lib/gcc/avr32/4.4.7/../../../../avr32/lib/ucr3\libc.a(lib_a-fflush.o)
 .debug_aranges
                0x00000b20       0x80 c:/program files (x86)/atmel/atmel toolchain/avr32 gcc/native/3.4.2.1002/avr32-gnu-toolchain/bin/../lib/gcc/avr32/4.4.7/../../../../avr32/lib/ucr3\libc.a(lib_a-findfp.o)
 .debug_aranges
                0x00000ba0       0x28 c:/program files (x86)/atmel/atmel toolchain/avr32 gcc/native/3.4.2.1002/avr32-gnu-toolchain/bin/../lib/gcc/avr32/4.4.7/../../../../avr32/lib/ucr3\libc.a(lib_a-freer.o)
 .debug_aranges
                0x00000bc8       0x20 c:/program files (x86)/atmel/atmel toolchain/avr32 gcc/native/3.4.2.1002/avr32-gnu-toolchain/bin/../lib/gcc/avr32/4.4.7/../../../../avr32/lib/ucr3\libc.a(lib_a-fvwrite.o)
 .debug_aranges
                0x00000be8       0x28 c:/program files (x86)/atmel/atmel toolchain/avr32 gcc/native/3.4.2.1002/avr32-gnu-toolchain/bin/../lib/gcc/avr32/4.4.7/../../../../avr32/lib/ucr3\libc.a(lib_a-fwalk.o)
 .debug_aranges
                0x00000c10       0x40 c:/program files (x86)/atmel/atmel toolchain/avr32 gcc/native/3.4.2.1002/avr32-gnu-toolchain/bin/../lib/gcc/avr32/4.4.7/../../../../avr32/lib/ucr3\libc.a(lib_a-locale.o)
 .debug_aranges
                0x00000c50       0x20 c:/program files (x86)/atmel/atmel toolchain/avr32 gcc/native/3.4.2.1002/avr32-gnu-toolchain/bin/../lib/gcc/avr32/4.4.7/../../../../avr32/lib/ucr3\libc.a(lib_a-makebuf.o)
 .debug_aranges
                0x00000c70       0x28 c:/program files (x86)/atmel/atmel toolchain/avr32 gcc/native/3.4.2.1002/avr32-gnu-toolchain/bin/../lib/gcc/avr32/4.4.7/../../../../avr32/lib/ucr3\libc.a(lib_a-malloc.o)
 .debug_aranges
                0x00000c98       0x20 c:/program files (x86)/atmel/atmel toolchain/avr32 gcc/native/3.4.2.1002/avr32-gnu-toolchain/bin/../lib/gcc/avr32/4.4.7/../../../../avr32/lib/ucr3\libc.a(lib_a-mallocr.o)
 .debug_aranges
                0x00000cb8       0x20 c:/program files (x86)/atmel/atmel toolchain/avr32 gcc/native/3.4.2.1002/avr32-gnu-toolchain/bin/../lib/gcc/avr32/4.4.7/../../../../avr32/lib/ucr3\libc.a(lib_a-memchr.o)
 .debug_aranges
                0x00000cd8       0x20 c:/program files (x86)/atmel/atmel toolchain/avr32 gcc/native/3.4.2.1002/avr32-gnu-toolchain/bin/../lib/gcc/avr32/4.4.7/../../../../avr32/lib/ucr3\libc.a(lib_a-memmove.o)
 .debug_aranges
                0x00000cf8       0x20 c:/program files (x86)/atmel/atmel toolchain/avr32 gcc/native/3.4.2.1002/avr32-gnu-toolchain/bin/../lib/gcc/avr32/4.4.7/../../../../avr32/lib/ucr3\libc.a(lib_a-memset.o)
 .debug_aranges
                0x00000d18       0x28 c:/program files (x86)/atmel/atmel toolchain/avr32 gcc/native/3.4.2.1002/avr32-gnu-toolchain/bin/../lib/gcc/avr32/4.4.7/../../../../avr32/lib/ucr3\libc.a(lib_a-mlock.o)
 .debug_aranges
                0x00000d40       0xb0 c:/program files (x86)/atmel/atmel toolchain/avr32 gcc/native/3.4.2.1002/avr32-gnu-toolchain/bin/../lib/gcc/avr32/4.4.7/../../../../avr32/lib/ucr3\libc.a(lib_a-mprec.o)
 .debug_aranges
                0x00000df0       0x20 c:/program files (x86)/atmel/atmel toolchain/avr32 gcc/native/3.4.2.1002/avr32-gnu-toolchain/bin/../lib/gcc/avr32/4.4.7/../../../../avr32/lib/ucr3\libc.a(lib_a-reallocr.o)
 .debug_aranges
                0x00000e10       0x20 c:/program files (x86)/atmel/atmel toolchain/avr32 gcc/native/3.4.2.1002/avr32-gnu-toolchain/bin/../lib/gcc/avr32/4.4.7/../../../../avr32/lib/ucr3\libc.a(lib_a-s_isinfd.o)
 .debug_aranges
                0x00000e30       0x20 c:/program files (x86)/atmel/atmel toolchain/avr32 gcc/native/3.4.2.1002/avr32-gnu-toolchain/bin/../lib/gcc/avr32/4.4.7/../../../../avr32/lib/ucr3\libc.a(lib_a-s_isnand.o)
 .debug_aranges
                0x00000e50       0x20 c:/program files (x86)/atmel/atmel toolchain/avr32 gcc/native/3.4.2.1002/avr32-gnu-toolchain/bin/../lib/gcc/avr32/4.4.7/../../../../avr32/lib/ucr3\libc.a(lib_a-sbrkr.o)
 .debug_aranges
                0x00000e70       0x38 c:/program files (x86)/atmel/atmel toolchain/avr32 gcc/native/3.4.2.1002/avr32-gnu-toolchain/bin/../lib/gcc/avr32/4.4.7/../../../../avr32/lib/ucr3\libc.a(lib_a-stdio.o)
 .debug_aranges
                0x00000ea8       0x20 c:/program files (x86)/atmel/atmel toolchain/avr32 gcc/native/3.4.2.1002/avr32-gnu-toolchain/bin/../lib/gcc/avr32/4.4.7/../../../../avr32/lib/ucr3\libc.a(lib_a-strlen.o)
 .debug_aranges
                0x00000ec8       0xf8 c:/program files (x86)/atmel/atmel toolchain/avr32 gcc/native/3.4.2.1002/avr32-gnu-toolchain/bin/../lib/gcc/avr32/4.4.7/../../../../avr32/lib/ucr3\libc.a(lib_a-syscalls.o)
 .debug_aranges
                0x00000fc0       0x20 c:/program files (x86)/atmel/atmel toolchain/avr32 gcc/native/3.4.2.1002/avr32-gnu-toolchain/bin/../lib/gcc/avr32/4.4.7/../../../../avr32/lib/ucr3\libc.a(lib_a-writer.o)
 .debug_aranges
                0x00000fe0       0x20 c:/program files (x86)/atmel/atmel toolchain/avr32 gcc/native/3.4.2.1002/avr32-gnu-toolchain/bin/../lib/gcc/avr32/4.4.7/../../../../avr32/lib/ucr3\libc.a(lib_a-callocr.o)
 .debug_aranges
                0x00001000       0x20 c:/program files (x86)/atmel/atmel toolchain/avr32 gcc/native/3.4.2.1002/avr32-gnu-toolchain/bin/../lib/gcc/avr32/4.4.7/../../../../avr32/lib/ucr3\libc.a(lib_a-closer.o)
 .debug_aranges
                0x00001020       0x20 c:/program files (x86)/atmel/atmel toolchain/avr32 gcc/native/3.4.2.1002/avr32-gnu-toolchain/bin/../lib/gcc/avr32/4.4.7/../../../../avr32/lib/ucr3\libc.a(lib_a-errno.o)
 .debug_aranges
                0x00001040       0x28 c:/program files (x86)/atmel/atmel toolchain/avr32 gcc/native/3.4.2.1002/avr32-gnu-toolchain/bin/../lib/gcc/avr32/4.4.7/../../../../avr32/lib/ucr3\libc.a(lib_a-fclose.o)
 .debug_aranges
                0x00001068       0x20 c:/program files (x86)/atmel/atmel toolchain/avr32 gcc/native/3.4.2.1002/avr32-gnu-toolchain/bin/../lib/gcc/avr32/4.4.7/../../../../avr32/lib/ucr3\libc.a(lib_a-fstatr.o)
 .debug_aranges
                0x00001088       0x20 c:/program files (x86)/atmel/atmel toolchain/avr32 gcc/native/3.4.2.1002/avr32-gnu-toolchain/bin/../lib/gcc/avr32/4.4.7/../../../../avr32/lib/ucr3\libc.a(lib_a-lseekr.o)
 .debug_aranges
                0x000010a8       0x20 c:/program files (x86)/atmel/atmel toolchain/avr32 gcc/native/3.4.2.1002/avr32-gnu-toolchain/bin/../lib/gcc/avr32/4.4.7/../../../../avr32/lib/ucr3\libc.a(lib_a-readr.o)
 .debug_aranges
                0x000010c8       0x30 c:/program files (x86)/atmel/atmel toolchain/avr32 gcc/native/3.4.2.1002/avr32-gnu-toolchain/bin/../lib/gcc/avr32/4.4.7/../../../../avr32/lib/ucr3\libc.a(lib_a-reent.o)
 .debug_aranges
                0x000010f8       0x20 c:/program files (x86)/atmel/atmel toolchain/avr32 gcc/native/3.4.2.1002/avr32-gnu-toolchain/bin/../lib/gcc/avr32/4.4.7/ucr3\libgcc.a(_umoddi3.o)

.debug_pubnames
                0x00000000     0x2521
 *(.debug_pubnames)
 .debug_pubnames
                0x00000000      0x950 src/ASF/avr32/drivers/flashcdw/flashcdw.o
 .debug_pubnames
                0x00000950      0x359 src/ASF/avr32/drivers/gpio/gpio.o
 .debug_pubnames
                0x00000ca9       0x62 src/ASF/avr32/drivers/intc/intc.o
 .debug_pubnames
                0x00000d0b      0x275 src/ASF/avr32/drivers/pdca/pdca.o
 .debug_pubnames
                0x00000f80       0xd8 src/ASF/avr32/drivers/pm/pm_uc3l.o
 .debug_pubnames
                0x00001058       0xd9 src/ASF/avr32/drivers/pm/power_clocks_lib.o
 .debug_pubnames
                0x00001131      0x2eb src/ASF/avr32/drivers/scif/scif_uc3l.o
 .debug_pubnames
                0x0000141c      0x164 src/ASF/avr32/drivers/tc/tc.o
 .debug_pubnames
                0x00001580       0xd6 src/ASF/avr32/drivers/twim/twim.o
 .debug_pubnames
                0x00001656      0x227 src/ASF/avr32/drivers/usart/usart.o
 .debug_pubnames
                0x0000187d       0x2a src/gps/uc530.o
 .debug_pubnames
                0x000018a7       0x65 src/lcd/st7529.o
 .debug_pubnames
                0x0000190c      0x1d1 src/main.o
 .debug_pubnames
                0x00001add       0x21 src/ASF/common/boards/user_board/init.o
 .debug_pubnames
                0x00001afe       0x20 c:/program files (x86)/atmel/atmel toolchain/avr32 gcc/native/3.4.2.1002/avr32-gnu-toolchain/bin/../lib/gcc/avr32/4.4.7/ucr3\libgcc.a(_udivdi3.o)
 .debug_pubnames
                0x00001b1e       0x2d c:/program files (x86)/atmel/atmel toolchain/avr32 gcc/native/3.4.2.1002/avr32-gnu-toolchain/bin/../lib/gcc/avr32/4.4.7/../../../../avr32/lib/ucr3\libc.a(lib_a-sprintf.o)
 .debug_pubnames
                0x00001b4b       0x2f c:/program files (x86)/atmel/atmel toolchain/avr32 gcc/native/3.4.2.1002/avr32-gnu-toolchain/bin/../lib/gcc/avr32/4.4.7/../../../../avr32/lib/ucr3\libc.a(lib_a-vfprintf.o)
 .debug_pubnames
                0x00001b7a       0x22 c:/program files (x86)/atmel/atmel toolchain/avr32 gcc/native/3.4.2.1002/avr32-gnu-toolchain/bin/../lib/gcc/avr32/4.4.7/../../../../avr32/lib/ucr3\libc.a(lib_a-wsetup.o)
 .debug_pubnames
                0x00001b9c       0x1e c:/program files (x86)/atmel/atmel toolchain/avr32 gcc/native/3.4.2.1002/avr32-gnu-toolchain/bin/../lib/gcc/avr32/4.4.7/../../../../avr32/lib/ucr3\libc.a(lib_a-dtoa.o)
 .debug_pubnames
                0x00001bba       0x2b c:/program files (x86)/atmel/atmel toolchain/avr32 gcc/native/3.4.2.1002/avr32-gnu-toolchain/bin/../lib/gcc/avr32/4.4.7/../../../../avr32/lib/ucr3\libc.a(lib_a-fflush.o)
 .debug_pubnames
                0x00001be5      0x119 c:/program files (x86)/atmel/atmel toolchain/avr32 gcc/native/3.4.2.1002/avr32-gnu-toolchain/bin/../lib/gcc/avr32/4.4.7/../../../../avr32/lib/ucr3\libc.a(lib_a-findfp.o)
 .debug_pubnames
                0x00001cfe       0x31 c:/program files (x86)/atmel/atmel toolchain/avr32 gcc/native/3.4.2.1002/avr32-gnu-toolchain/bin/../lib/gcc/avr32/4.4.7/../../../../avr32/lib/ucr3\libc.a(lib_a-freer.o)
 .debug_pubnames
                0x00001d2f       0x23 c:/program files (x86)/atmel/atmel toolchain/avr32 gcc/native/3.4.2.1002/avr32-gnu-toolchain/bin/../lib/gcc/avr32/4.4.7/../../../../avr32/lib/ucr3\libc.a(lib_a-fvwrite.o)
 .debug_pubnames
                0x00001d52       0x2e c:/program files (x86)/atmel/atmel toolchain/avr32 gcc/native/3.4.2.1002/avr32-gnu-toolchain/bin/../lib/gcc/avr32/4.4.7/../../../../avr32/lib/ucr3\libc.a(lib_a-fwalk.o)
 .debug_pubnames
                0x00001d80       0x39 c:/program files (x86)/atmel/atmel toolchain/avr32 gcc/native/3.4.2.1002/avr32-gnu-toolchain/bin/../lib/gcc/avr32/4.4.7/../../../../avr32/lib/ucr3\libc.a(lib_a-impure.o)
 .debug_pubnames
                0x00001db9       0xc3 c:/program files (x86)/atmel/atmel toolchain/avr32 gcc/native/3.4.2.1002/avr32-gnu-toolchain/bin/../lib/gcc/avr32/4.4.7/../../../../avr32/lib/ucr3\libc.a(lib_a-locale.o)
 .debug_pubnames
                0x00001e7c       0x23 c:/program files (x86)/atmel/atmel toolchain/avr32 gcc/native/3.4.2.1002/avr32-gnu-toolchain/bin/../lib/gcc/avr32/4.4.7/../../../../avr32/lib/ucr3\libc.a(lib_a-makebuf.o)
 .debug_pubnames
                0x00001e9f       0x26 c:/program files (x86)/atmel/atmel toolchain/avr32 gcc/native/3.4.2.1002/avr32-gnu-toolchain/bin/../lib/gcc/avr32/4.4.7/../../../../avr32/lib/ucr3\libc.a(lib_a-malloc.o)
 .debug_pubnames
                0x00001ec5       0xce c:/program files (x86)/atmel/atmel toolchain/avr32 gcc/native/3.4.2.1002/avr32-gnu-toolchain/bin/../lib/gcc/avr32/4.4.7/../../../../avr32/lib/ucr3\libc.a(lib_a-mallocr.o)
 .debug_pubnames
                0x00001f93       0x1d c:/program files (x86)/atmel/atmel toolchain/avr32 gcc/native/3.4.2.1002/avr32-gnu-toolchain/bin/../lib/gcc/avr32/4.4.7/../../../../avr32/lib/ucr3\libc.a(lib_a-memchr.o)
 .debug_pubnames
                0x00001fb0       0x1e c:/program files (x86)/atmel/atmel toolchain/avr32 gcc/native/3.4.2.1002/avr32-gnu-toolchain/bin/../lib/gcc/avr32/4.4.7/../../../../avr32/lib/ucr3\libc.a(lib_a-memmove.o)
 .debug_pubnames
                0x00001fce       0x1d c:/program files (x86)/atmel/atmel toolchain/avr32 gcc/native/3.4.2.1002/avr32-gnu-toolchain/bin/../lib/gcc/avr32/4.4.7/../../../../avr32/lib/ucr3\libc.a(lib_a-memset.o)
 .debug_pubnames
                0x00001feb       0x38 c:/program files (x86)/atmel/atmel toolchain/avr32 gcc/native/3.4.2.1002/avr32-gnu-toolchain/bin/../lib/gcc/avr32/4.4.7/../../../../avr32/lib/ucr3\libc.a(lib_a-mlock.o)
 .debug_pubnames
                0x00002023      0x13a c:/program files (x86)/atmel/atmel toolchain/avr32 gcc/native/3.4.2.1002/avr32-gnu-toolchain/bin/../lib/gcc/avr32/4.4.7/../../../../avr32/lib/ucr3\libc.a(lib_a-mprec.o)
 .debug_pubnames
                0x0000215d       0x21 c:/program files (x86)/atmel/atmel toolchain/avr32 gcc/native/3.4.2.1002/avr32-gnu-toolchain/bin/../lib/gcc/avr32/4.4.7/../../../../avr32/lib/ucr3\libc.a(lib_a-reallocr.o)
 .debug_pubnames
                0x0000217e       0x1f c:/program files (x86)/atmel/atmel toolchain/avr32 gcc/native/3.4.2.1002/avr32-gnu-toolchain/bin/../lib/gcc/avr32/4.4.7/../../../../avr32/lib/ucr3\libc.a(lib_a-s_isinfd.o)
 .debug_pubnames
                0x0000219d       0x1f c:/program files (x86)/atmel/atmel toolchain/avr32 gcc/native/3.4.2.1002/avr32-gnu-toolchain/bin/../lib/gcc/avr32/4.4.7/../../../../avr32/lib/ucr3\libc.a(lib_a-s_isnand.o)
 .debug_pubnames
                0x000021bc       0x1e c:/program files (x86)/atmel/atmel toolchain/avr32 gcc/native/3.4.2.1002/avr32-gnu-toolchain/bin/../lib/gcc/avr32/4.4.7/../../../../avr32/lib/ucr3\libc.a(lib_a-sbrkr.o)
 .debug_pubnames
                0x000021da       0x44 c:/program files (x86)/atmel/atmel toolchain/avr32 gcc/native/3.4.2.1002/avr32-gnu-toolchain/bin/../lib/gcc/avr32/4.4.7/../../../../avr32/lib/ucr3\libc.a(lib_a-stdio.o)
 .debug_pubnames
                0x0000221e       0x1d c:/program files (x86)/atmel/atmel toolchain/avr32 gcc/native/3.4.2.1002/avr32-gnu-toolchain/bin/../lib/gcc/avr32/4.4.7/../../../../avr32/lib/ucr3\libc.a(lib_a-strlen.o)
 .debug_pubnames
                0x0000223b      0x171 c:/program files (x86)/atmel/atmel toolchain/avr32 gcc/native/3.4.2.1002/avr32-gnu-toolchain/bin/../lib/gcc/avr32/4.4.7/../../../../avr32/lib/ucr3\libc.a(lib_a-syscalls.o)
 .debug_pubnames
                0x000023ac       0x1f c:/program files (x86)/atmel/atmel toolchain/avr32 gcc/native/3.4.2.1002/avr32-gnu-toolchain/bin/../lib/gcc/avr32/4.4.7/../../../../avr32/lib/ucr3\libc.a(lib_a-writer.o)
 .debug_pubnames
                0x000023cb       0x20 c:/program files (x86)/atmel/atmel toolchain/avr32 gcc/native/3.4.2.1002/avr32-gnu-toolchain/bin/../lib/gcc/avr32/4.4.7/../../../../avr32/lib/ucr3\libc.a(lib_a-callocr.o)
 .debug_pubnames
                0x000023eb       0x1f c:/program files (x86)/atmel/atmel toolchain/avr32 gcc/native/3.4.2.1002/avr32-gnu-toolchain/bin/../lib/gcc/avr32/4.4.7/../../../../avr32/lib/ucr3\libc.a(lib_a-closer.o)
 .debug_pubnames
                0x0000240a       0x1e c:/program files (x86)/atmel/atmel toolchain/avr32 gcc/native/3.4.2.1002/avr32-gnu-toolchain/bin/../lib/gcc/avr32/4.4.7/../../../../avr32/lib/ucr3\libc.a(lib_a-errno.o)
 .debug_pubnames
                0x00002428       0x2b c:/program files (x86)/atmel/atmel toolchain/avr32 gcc/native/3.4.2.1002/avr32-gnu-toolchain/bin/../lib/gcc/avr32/4.4.7/../../../../avr32/lib/ucr3\libc.a(lib_a-fclose.o)
 .debug_pubnames
                0x00002453       0x1f c:/program files (x86)/atmel/atmel toolchain/avr32 gcc/native/3.4.2.1002/avr32-gnu-toolchain/bin/../lib/gcc/avr32/4.4.7/../../../../avr32/lib/ucr3\libc.a(lib_a-fstatr.o)
 .debug_pubnames
                0x00002472       0x1f c:/program files (x86)/atmel/atmel toolchain/avr32 gcc/native/3.4.2.1002/avr32-gnu-toolchain/bin/../lib/gcc/avr32/4.4.7/../../../../avr32/lib/ucr3\libc.a(lib_a-lseekr.o)
 .debug_pubnames
                0x00002491       0x1e c:/program files (x86)/atmel/atmel toolchain/avr32 gcc/native/3.4.2.1002/avr32-gnu-toolchain/bin/../lib/gcc/avr32/4.4.7/../../../../avr32/lib/ucr3\libc.a(lib_a-readr.o)
 .debug_pubnames
                0x000024af       0x52 c:/program files (x86)/atmel/atmel toolchain/avr32 gcc/native/3.4.2.1002/avr32-gnu-toolchain/bin/../lib/gcc/avr32/4.4.7/../../../../avr32/lib/ucr3\libc.a(lib_a-reent.o)
 .debug_pubnames
                0x00002501       0x20 c:/program files (x86)/atmel/atmel toolchain/avr32 gcc/native/3.4.2.1002/avr32-gnu-toolchain/bin/../lib/gcc/avr32/4.4.7/ucr3\libgcc.a(_umoddi3.o)

.debug_info     0x00000000    0x28467
 *(.debug_info .gnu.linkonce.wi.*)
 .debug_info    0x00000000     0x1df3 src/ASF/avr32/drivers/flashcdw/flashcdw.o
 .debug_info    0x00001df3      0xef1 src/ASF/avr32/drivers/gpio/gpio.o
 .debug_info    0x00002ce4       0xa9 src/ASF/avr32/drivers/intc/exception.o
 .debug_info    0x00002d8d      0x6e7 src/ASF/avr32/drivers/intc/intc.o
 .debug_info    0x00003474      0xe60 src/ASF/avr32/drivers/pdca/pdca.o
 .debug_info    0x000042d4     0x114b src/ASF/avr32/drivers/pm/pm_uc3l.o
 .debug_info    0x0000541f      0x486 src/ASF/avr32/drivers/pm/power_clocks_lib.o
 .debug_info    0x000058a5     0x3a9b src/ASF/avr32/drivers/scif/scif_uc3l.o
 .debug_info    0x00009340     0x117a src/ASF/avr32/drivers/tc/tc.o
 .debug_info    0x0000a4ba     0x1206 src/ASF/avr32/drivers/twim/twim.o
 .debug_info    0x0000b6c0     0x2c06 src/ASF/avr32/drivers/usart/usart.o
 .debug_info    0x0000e2c6       0xa8 src/ASF/avr32/utils/startup/startup_uc3.o
 .debug_info    0x0000e36e       0xaf src/ASF/avr32/utils/startup/trampoline_uc3.o
 .debug_info    0x0000e41d      0x363 src/gps/uc530.o
 .debug_info    0x0000e780      0x8dc src/lcd/st7529.o
 .debug_info    0x0000f05c     0x4a0c src/main.o
 .debug_info    0x00013a68       0xa8 src/ASF/common/boards/user_board/init.o
 .debug_info    0x00013b10      0x57b c:/program files (x86)/atmel/atmel toolchain/avr32 gcc/native/3.4.2.1002/avr32-gnu-toolchain/bin/../lib/gcc/avr32/4.4.7/ucr3\libgcc.a(_udivdi3.o)
 .debug_info    0x0001408b      0x989 c:/program files (x86)/atmel/atmel toolchain/avr32 gcc/native/3.4.2.1002/avr32-gnu-toolchain/bin/../lib/gcc/avr32/4.4.7/../../../../avr32/lib/ucr3\libc.a(lib_a-sprintf.o)
 .debug_info    0x00014a14     0x15e8 c:/program files (x86)/atmel/atmel toolchain/avr32 gcc/native/3.4.2.1002/avr32-gnu-toolchain/bin/../lib/gcc/avr32/4.4.7/../../../../avr32/lib/ucr3\libc.a(lib_a-vfprintf.o)
 .debug_info    0x00015ffc      0x982 c:/program files (x86)/atmel/atmel toolchain/avr32 gcc/native/3.4.2.1002/avr32-gnu-toolchain/bin/../lib/gcc/avr32/4.4.7/../../../../avr32/lib/ucr3\libc.a(lib_a-wsetup.o)
 .debug_info    0x0001697e      0xcf7 c:/program files (x86)/atmel/atmel toolchain/avr32 gcc/native/3.4.2.1002/avr32-gnu-toolchain/bin/../lib/gcc/avr32/4.4.7/../../../../avr32/lib/ucr3\libc.a(lib_a-dtoa.o)
 .debug_info    0x00017675      0xa22 c:/program files (x86)/atmel/atmel toolchain/avr32 gcc/native/3.4.2.1002/avr32-gnu-toolchain/bin/../lib/gcc/avr32/4.4.7/../../../../avr32/lib/ucr3\libc.a(lib_a-fflush.o)
 .debug_info    0x00018097      0xc2a c:/program files (x86)/atmel/atmel toolchain/avr32 gcc/native/3.4.2.1002/avr32-gnu-toolchain/bin/../lib/gcc/avr32/4.4.7/../../../../avr32/lib/ucr3\libc.a(lib_a-findfp.o)
 .debug_info    0x00018cc1      0xb3d c:/program files (x86)/atmel/atmel toolchain/avr32 gcc/native/3.4.2.1002/avr32-gnu-toolchain/bin/../lib/gcc/avr32/4.4.7/../../../../avr32/lib/ucr3\libc.a(lib_a-freer.o)
 .debug_info    0x000197fe      0x9fc c:/program files (x86)/atmel/atmel toolchain/avr32 gcc/native/3.4.2.1002/avr32-gnu-toolchain/bin/../lib/gcc/avr32/4.4.7/../../../../avr32/lib/ucr3\libc.a(lib_a-fvwrite.o)
 .debug_info    0x0001a1fa      0xa61 c:/program files (x86)/atmel/atmel toolchain/avr32 gcc/native/3.4.2.1002/avr32-gnu-toolchain/bin/../lib/gcc/avr32/4.4.7/../../../../avr32/lib/ucr3\libc.a(lib_a-fwalk.o)
 .debug_info    0x0001ac5b      0x960 c:/program files (x86)/atmel/atmel toolchain/avr32 gcc/native/3.4.2.1002/avr32-gnu-toolchain/bin/../lib/gcc/avr32/4.4.7/../../../../avr32/lib/ucr3\libc.a(lib_a-impure.o)
 .debug_info    0x0001b5bb      0xb24 c:/program files (x86)/atmel/atmel toolchain/avr32 gcc/native/3.4.2.1002/avr32-gnu-toolchain/bin/../lib/gcc/avr32/4.4.7/../../../../avr32/lib/ucr3\libc.a(lib_a-locale.o)
 .debug_info    0x0001c0df      0xa96 c:/program files (x86)/atmel/atmel toolchain/avr32 gcc/native/3.4.2.1002/avr32-gnu-toolchain/bin/../lib/gcc/avr32/4.4.7/../../../../avr32/lib/ucr3\libc.a(lib_a-makebuf.o)
 .debug_info    0x0001cb75      0x8ea c:/program files (x86)/atmel/atmel toolchain/avr32 gcc/native/3.4.2.1002/avr32-gnu-toolchain/bin/../lib/gcc/avr32/4.4.7/../../../../avr32/lib/ucr3\libc.a(lib_a-malloc.o)
 .debug_info    0x0001d45f      0xc4e c:/program files (x86)/atmel/atmel toolchain/avr32 gcc/native/3.4.2.1002/avr32-gnu-toolchain/bin/../lib/gcc/avr32/4.4.7/../../../../avr32/lib/ucr3\libc.a(lib_a-mallocr.o)
 .debug_info    0x0001e0ad       0xe7 c:/program files (x86)/atmel/atmel toolchain/avr32 gcc/native/3.4.2.1002/avr32-gnu-toolchain/bin/../lib/gcc/avr32/4.4.7/../../../../avr32/lib/ucr3\libc.a(lib_a-memchr.o)
 .debug_info    0x0001e194      0x102 c:/program files (x86)/atmel/atmel toolchain/avr32 gcc/native/3.4.2.1002/avr32-gnu-toolchain/bin/../lib/gcc/avr32/4.4.7/../../../../avr32/lib/ucr3\libc.a(lib_a-memmove.o)
 .debug_info    0x0001e296       0xcd c:/program files (x86)/atmel/atmel toolchain/avr32 gcc/native/3.4.2.1002/avr32-gnu-toolchain/bin/../lib/gcc/avr32/4.4.7/../../../../avr32/lib/ucr3\libc.a(lib_a-memset.o)
 .debug_info    0x0001e363      0x8cf c:/program files (x86)/atmel/atmel toolchain/avr32 gcc/native/3.4.2.1002/avr32-gnu-toolchain/bin/../lib/gcc/avr32/4.4.7/../../../../avr32/lib/ucr3\libc.a(lib_a-mlock.o)
 .debug_info    0x0001ec32     0x149a c:/program files (x86)/atmel/atmel toolchain/avr32 gcc/native/3.4.2.1002/avr32-gnu-toolchain/bin/../lib/gcc/avr32/4.4.7/../../../../avr32/lib/ucr3\libc.a(lib_a-mprec.o)
 .debug_info    0x000200cc      0xb17 c:/program files (x86)/atmel/atmel toolchain/avr32 gcc/native/3.4.2.1002/avr32-gnu-toolchain/bin/../lib/gcc/avr32/4.4.7/../../../../avr32/lib/ucr3\libc.a(lib_a-reallocr.o)
 .debug_info    0x00020be3      0x14d c:/program files (x86)/atmel/atmel toolchain/avr32 gcc/native/3.4.2.1002/avr32-gnu-toolchain/bin/../lib/gcc/avr32/4.4.7/../../../../avr32/lib/ucr3\libc.a(lib_a-s_isinfd.o)
 .debug_info    0x00020d30      0x14c c:/program files (x86)/atmel/atmel toolchain/avr32 gcc/native/3.4.2.1002/avr32-gnu-toolchain/bin/../lib/gcc/avr32/4.4.7/../../../../avr32/lib/ucr3\libc.a(lib_a-s_isnand.o)
 .debug_info    0x00020e7c      0x8de c:/program files (x86)/atmel/atmel toolchain/avr32 gcc/native/3.4.2.1002/avr32-gnu-toolchain/bin/../lib/gcc/avr32/4.4.7/../../../../avr32/lib/ucr3\libc.a(lib_a-sbrkr.o)
 .debug_info    0x0002175a      0xa28 c:/program files (x86)/atmel/atmel toolchain/avr32 gcc/native/3.4.2.1002/avr32-gnu-toolchain/bin/../lib/gcc/avr32/4.4.7/../../../../avr32/lib/ucr3\libc.a(lib_a-stdio.o)
 .debug_info    0x00022182       0xbe c:/program files (x86)/atmel/atmel toolchain/avr32 gcc/native/3.4.2.1002/avr32-gnu-toolchain/bin/../lib/gcc/avr32/4.4.7/../../../../avr32/lib/ucr3\libc.a(lib_a-strlen.o)
 .debug_info    0x00022240      0x93a c:/program files (x86)/atmel/atmel toolchain/avr32 gcc/native/3.4.2.1002/avr32-gnu-toolchain/bin/../lib/gcc/avr32/4.4.7/../../../../avr32/lib/ucr3\libc.a(lib_a-syscalls.o)
 .debug_info    0x00022b7a      0x90d c:/program files (x86)/atmel/atmel toolchain/avr32 gcc/native/3.4.2.1002/avr32-gnu-toolchain/bin/../lib/gcc/avr32/4.4.7/../../../../avr32/lib/ucr3\libc.a(lib_a-writer.o)
 .debug_info    0x00023487      0x997 c:/program files (x86)/atmel/atmel toolchain/avr32 gcc/native/3.4.2.1002/avr32-gnu-toolchain/bin/../lib/gcc/avr32/4.4.7/../../../../avr32/lib/ucr3\libc.a(lib_a-callocr.o)
 .debug_info    0x00023e1e      0x8d2 c:/program files (x86)/atmel/atmel toolchain/avr32 gcc/native/3.4.2.1002/avr32-gnu-toolchain/bin/../lib/gcc/avr32/4.4.7/../../../../avr32/lib/ucr3\libc.a(lib_a-closer.o)
 .debug_info    0x000246f0      0x8a6 c:/program files (x86)/atmel/atmel toolchain/avr32 gcc/native/3.4.2.1002/avr32-gnu-toolchain/bin/../lib/gcc/avr32/4.4.7/../../../../avr32/lib/ucr3\libc.a(lib_a-errno.o)
 .debug_info    0x00024f96      0x9bc c:/program files (x86)/atmel/atmel toolchain/avr32 gcc/native/3.4.2.1002/avr32-gnu-toolchain/bin/../lib/gcc/avr32/4.4.7/../../../../avr32/lib/ucr3\libc.a(lib_a-fclose.o)
 .debug_info    0x00025952      0xa76 c:/program files (x86)/atmel/atmel toolchain/avr32 gcc/native/3.4.2.1002/avr32-gnu-toolchain/bin/../lib/gcc/avr32/4.4.7/../../../../avr32/lib/ucr3\libc.a(lib_a-fstatr.o)
 .debug_info    0x000263c8      0x8fb c:/program files (x86)/atmel/atmel toolchain/avr32 gcc/native/3.4.2.1002/avr32-gnu-toolchain/bin/../lib/gcc/avr32/4.4.7/../../../../avr32/lib/ucr3\libc.a(lib_a-lseekr.o)
 .debug_info    0x00026cc3      0x906 c:/program files (x86)/atmel/atmel toolchain/avr32 gcc/native/3.4.2.1002/avr32-gnu-toolchain/bin/../lib/gcc/avr32/4.4.7/../../../../avr32/lib/ucr3\libc.a(lib_a-readr.o)
 .debug_info    0x000275c9      0x973 c:/program files (x86)/atmel/atmel toolchain/avr32 gcc/native/3.4.2.1002/avr32-gnu-toolchain/bin/../lib/gcc/avr32/4.4.7/../../../../avr32/lib/ucr3\libc.a(lib_a-reent.o)